Component: ARM Compiler 5.06 update 6 (build 750) Tool: armlink [4d35ed]

==============================================================================

Section Cross References

    startup_gd32f10x_md.o(STACK) refers (Special) to heapauxi.o(.text) for __use_two_region_memory
    startup_gd32f10x_md.o(HEAP) refers (Special) to heapauxi.o(.text) for __use_two_region_memory
    startup_gd32f10x_md.o(RESET) refers (Special) to heapauxi.o(.text) for __use_two_region_memory
    startup_gd32f10x_md.o(RESET) refers to startup_gd32f10x_md.o(STACK) for __initial_sp
    startup_gd32f10x_md.o(RESET) refers to startup_gd32f10x_md.o(.text) for Reset_Handler
    startup_gd32f10x_md.o(RESET) refers to gd32f10x_it.o(i.NMI_Handler) for NMI_Handler
    startup_gd32f10x_md.o(RESET) refers to gd32f10x_it.o(i.HardFault_Handler) for HardFault_Handler
    startup_gd32f10x_md.o(RESET) refers to gd32f10x_it.o(i.MemManage_Handler) for MemManage_Handler
    startup_gd32f10x_md.o(RESET) refers to gd32f10x_it.o(i.BusFault_Handler) for BusFault_Handler
    startup_gd32f10x_md.o(RESET) refers to gd32f10x_it.o(i.UsageFault_Handler) for UsageFault_Handler
    startup_gd32f10x_md.o(RESET) refers to port.o(.emb_text) for SVC_Handler
    startup_gd32f10x_md.o(RESET) refers to gd32f10x_it.o(i.DebugMon_Handler) for DebugMon_Handler
    startup_gd32f10x_md.o(RESET) refers to port.o(i.SysTick_Handler) for SysTick_Handler
    startup_gd32f10x_md.o(RESET) refers to gd32f10x_it.o(i.USART0_IRQHandler) for USART0_IRQHandler
    startup_gd32f10x_md.o(.text) refers (Special) to heapauxi.o(.text) for __use_two_region_memory
    startup_gd32f10x_md.o(.text) refers to system_gd32f10x.o(i.SystemInit) for SystemInit
    startup_gd32f10x_md.o(.text) refers to __main.o(!!!main) for __main
    startup_gd32f10x_md.o(.text) refers to startup_gd32f10x_md.o(HEAP) for Heap_Mem
    startup_gd32f10x_md.o(.text) refers to startup_gd32f10x_md.o(STACK) for Stack_Mem
    mq2.o(i.MQ2_GetData) refers to gd32f10x_adc.o(i.adc_software_trigger_enable) for adc_software_trigger_enable
    mq2.o(i.MQ2_GetData) refers to gd32f10x_adc.o(i.adc_flag_get) for adc_flag_get
    mq2.o(i.MQ2_GetData) refers to gd32f10x_adc.o(i.adc_flag_clear) for adc_flag_clear
    mq2.o(i.MQ2_GetData) refers to gd32f10x_adc.o(i.adc_regular_data_read) for adc_regular_data_read
    mq2.o(i.MQ2_Init) refers to gd32f10x_rcu.o(i.rcu_periph_clock_enable) for rcu_periph_clock_enable
    mq2.o(i.MQ2_Init) refers to gd32f10x_rcu.o(i.rcu_adc_clock_config) for rcu_adc_clock_config
    mq2.o(i.MQ2_Init) refers to gd32f10x_gpio.o(i.gpio_init) for gpio_init
    mq2.o(i.MQ2_Init) refers to gd32f10x_adc.o(i.adc_deinit) for adc_deinit
    mq2.o(i.MQ2_Init) refers to gd32f10x_adc.o(i.adc_mode_config) for adc_mode_config
    mq2.o(i.MQ2_Init) refers to gd32f10x_adc.o(i.adc_data_alignment_config) for adc_data_alignment_config
    mq2.o(i.MQ2_Init) refers to gd32f10x_adc.o(i.adc_channel_length_config) for adc_channel_length_config
    mq2.o(i.MQ2_Init) refers to gd32f10x_adc.o(i.adc_regular_channel_config) for adc_regular_channel_config
    mq2.o(i.MQ2_Init) refers to gd32f10x_adc.o(i.adc_external_trigger_source_config) for adc_external_trigger_source_config
    mq2.o(i.MQ2_Init) refers to gd32f10x_adc.o(i.adc_external_trigger_config) for adc_external_trigger_config
    mq2.o(i.MQ2_Init) refers to gd32f10x_adc.o(i.adc_enable) for adc_enable
    mq2.o(i.MQ2_Init) refers to gd32f10x_adc.o(i.adc_calibration_enable) for adc_calibration_enable
    led.o(i.LED1_Off) refers to gd32f10x_gpio.o(i.gpio_bit_write) for gpio_bit_write
    led.o(i.LED1_On) refers to gd32f10x_gpio.o(i.gpio_bit_write) for gpio_bit_write
    led.o(i.LED1_Toggle) refers to gd32f10x_gpio.o(i.gpio_input_bit_get) for gpio_input_bit_get
    led.o(i.LED1_Toggle) refers to gd32f10x_gpio.o(i.gpio_bit_write) for gpio_bit_write
    led.o(i.LED_Init) refers to gd32f10x_rcu.o(i.rcu_periph_clock_enable) for rcu_periph_clock_enable
    led.o(i.LED_Init) refers to gd32f10x_gpio.o(i.gpio_init) for gpio_init
    led.o(i.LED_Init) refers to gd32f10x_gpio.o(i.gpio_bit_write) for gpio_bit_write
    key.o(i.KEY_Init) refers to gd32f10x_rcu.o(i.rcu_periph_clock_enable) for rcu_periph_clock_enable
    key.o(i.KEY_Init) refers to gd32f10x_gpio.o(i.gpio_init) for gpio_init
    key.o(i.KEY_Scan) refers to gd32f10x_gpio.o(i.gpio_input_bit_get) for gpio_input_bit_get
    key.o(i.KEY_Scan) refers to key.o(.data) for key_up
    pwm.o(i.PWM_Init) refers to gd32f10x_rcu.o(i.rcu_periph_clock_enable) for rcu_periph_clock_enable
    pwm.o(i.PWM_Init) refers to gd32f10x_gpio.o(i.gpio_init) for gpio_init
    pwm.o(i.PWM_Init) refers to gd32f10x_timer.o(i.timer_deinit) for timer_deinit
    pwm.o(i.PWM_Init) refers to gd32f10x_timer.o(i.timer_init) for timer_init
    pwm.o(i.PWM_Init) refers to gd32f10x_timer.o(i.timer_channel_output_config) for timer_channel_output_config
[...]
    ..\\FWLIB\\Source\\gd32f10x_rcu.c        0x00000000   Number         0  gd32f10x_rcu.o ABSOLUTE
    ..\\FWLIB\\Source\\gd32f10x_rtc.c        0x00000000   Number         0  gd32f10x_rtc.o ABSOLUTE
    ..\\FWLIB\\Source\\gd32f10x_sdio.c       0x00000000   Number         0  gd32f10x_sdio.o ABSOLUTE
    ..\\FWLIB\\Source\\gd32f10x_spi.c        0x00000000   Number         0  gd32f10x_spi.o ABSOLUTE
    ..\\FWLIB\\Source\\gd32f10x_timer.c      0x00000000   Number         0  gd32f10x_timer.o ABSOLUTE
    ..\\FWLIB\\Source\\gd32f10x_usart.c      0x00000000   Number         0  gd32f10x_usart.o ABSOLUTE
    ..\\FWLIB\\Source\\gd32f10x_wwdgt.c      0x00000000   Number         0  gd32f10x_wwdgt.o ABSOLUTE
    ..\\FreeRTOS\\croutine.c                 0x00000000   Number         0  croutine.o ABSOLUTE
    ..\\FreeRTOS\\event_groups.c             0x00000000   Number         0  event_groups.o ABSOLUTE
    ..\\FreeRTOS\\list.c                     0x00000000   Number         0  list.o ABSOLUTE
    ..\\FreeRTOS\\portable\\MemMang\\heap_4.c 0x00000000   Number         0  heap_4.o ABSOLUTE
    ..\\FreeRTOS\\portable\\RVDS\\ARM_CM3\\port.c 0x00000000   Number         0  port.o ABSOLUTE
    ..\\FreeRTOS\\queue.c                    0x00000000   Number         0  queue.o ABSOLUTE
    ..\\FreeRTOS\\stream_buffer.c            0x00000000   Number         0  stream_buffer.o ABSOLUTE
    ..\\FreeRTOS\\tasks.c                    0x00000000   Number         0  tasks.o ABSOLUTE
    ..\\FreeRTOS\\timers.c                   0x00000000   Number         0  timers.o ABSOLUTE
    ..\\HARDWARE\\DHT11.c                    0x00000000   Number         0  dht11.o ABSOLUTE
    ..\\HARDWARE\\KEY.c                      0x00000000   Number         0  key.o ABSOLUTE
    ..\\HARDWARE\\LED.c                      0x00000000   Number         0  led.o ABSOLUTE
    ..\\HARDWARE\\MQ2.c                      0x00000000   Number         0  mq2.o ABSOLUTE
    ..\\HARDWARE\\OLED.c                     0x00000000   Number         0  oled.o ABSOLUTE
    ..\\HARDWARE\\PWM.c                      0x00000000   Number         0  pwm.o ABSOLUTE
    ..\\HARDWARE\\UART.c                     0x00000000   Number         0  uart.o ABSOLUTE
    dc.s                                     0x00000000   Number         0  dc.o ABSOLUTE
    gd32f10x_it.c                            0x00000000   Number         0  gd32f10x_it.o ABSOLUTE
    gd32f10x_it.c                            0x00000000   Number         0  gd32f10x_it.o ABSOLUTE
    main.c                                   0x00000000   Number         0  main.o ABSOLUTE
    main.c                                   0x00000000   Number         0  main.o ABSOLUTE
    system_gd32f10x.c                        0x00000000   Number         0  system_gd32f10x.o ABSOLUTE
    system_gd32f10x.c                        0x00000000   Number         0  system_gd32f10x.o ABSOLUTE
    systick.c                                0x00000000   Number         0  systick.o ABSOLUTE
    systick.c                                0x00000000   Number         0  systick.o ABSOLUTE
    RESET                                    0x08000000   Section      260  startup_gd32f10x_md.o(RESET)
    !!!main                                  0x08000104   Section        8  __main.o(!!!main)
    !!!scatter                               0x0800010c   Section       52  __scatter.o(!!!scatter)
    !!handler_copy                           0x08000140   Section       26  __scatter_copy.o(!!handler_copy)
    !!handler_zi                             0x0800015c   Section       28  __scatter_zi.o(!!handler_zi)
    .ARM.Collect$$_printf_percent$$00000000  0x08000178   Section        0  _printf_percent.o(.ARM.Collect$$_printf_percent$$00000000)
    .ARM.Collect$$_printf_percent$$00000009  0x08000178   Section        6  _printf_d.o(.ARM.Collect$$_printf_percent$$00000009)
    .ARM.Collect$$_printf_percent$$00000017  0x0800017e   Section        4  _printf_percent_end.o(.ARM.Collect$$_printf_percent$$00000017)
    .ARM.Collect$$libinit$$00000000          0x08000182   Section        2  libinit.o(.ARM.Collect$$libinit$$00000000)
    .ARM.Collect$$libinit$$00000002          0x08000184   Section        0  libinit2.o(.ARM.Collect$$libinit$$00000002)
    .ARM.Collect$$libinit$$00000004          0x08000184   Section        0  libinit2.o(.ARM.Collect$$libinit$$00000004)
    .ARM.Collect$$libinit$$0000000A          0x08000184   Section        0  libinit2.o(.ARM.Collect$$libinit$$0000000A)
    .ARM.Collect$$libinit$$0000000C          0x08000184   Section        0  libinit2.o(.ARM.Collect$$libinit$$0000000C)
    .ARM.Collect$$libinit$$0000000E          0x08000184   Section        0  libinit2.o(.ARM.Collect$$libinit$$0000000E)
    .ARM.Collect$$libinit$$00000011          0x08000184   Section        0  libinit2.o(.ARM.Collect$$libinit$$00000011)
    .ARM.Collect$$libinit$$00000013          0x08000184   Section        0  libinit2.o(.ARM.Collect$$libinit$$00000013)
    .ARM.Collect$$libinit$$00000015          0x08000184   Section        0  libinit2.o(.ARM.Collect$$libinit$$00000015)
    .ARM.Collect$$libinit$$00000017          0x08000184   Section        0  libinit2.o(.ARM.Collect$$libinit$$00000017)
    .ARM.Collect$$libinit$$00000019          0x08000184   Section        0  libinit2.o(.ARM.Collect$$libinit$$00000019)
    .ARM.Collect$$libinit$$0000001B          0x08000184   Section        0  libinit2.o(.ARM.Collect$$libinit$$0000001B)
    .ARM.Collect$$libinit$$0000001D          0x08000184   Section        0  libinit2.o(.ARM.Collect$$libinit$$0000001D)
    .ARM.Collect$$libinit$$0000001F          0x08000184   Section        0  libinit2.o(.ARM.Collect$$libinit$$0000001F)
    .ARM.Collect$$libinit$$00000021          0x08000184   Section        0  libinit2.o(.ARM.Collect$$libinit$$00000021)
    .ARM.Collect$$libinit$$00000023          0x08000184   Section        0  libinit2.o(.ARM.Collect$$libinit$$00000023)
    .ARM.Collect$$libinit$$00000025          0x08000184   Section        0  libinit2.o(.ARM.Collect$$libinit$$00000025)
    .ARM.Collect$$libinit$$0000002C          0x08000184   Section        0  libinit2.o(.ARM.Collect$$libinit$$0000002C)
    .ARM.Collect$$libinit$$0000002E          0x08000184   Section        0  libinit2.o(.ARM.Collect$$libinit$$0000002E)
    .ARM.Collect$$libinit$$00000030          0x08000184   Section        0  libinit2.o(.ARM.Collect$$libinit$$00000030)
    .ARM.Collect$$libinit$$00000032          0x08000184   Section        0  libinit2.o(.ARM.Collect$$libinit$$00000032)
    .ARM.Collect$$libinit$$00000033          0x08000184   Section        2  libinit2.o(.ARM.Collect$$libinit$$00000033)
    .ARM.Collect$$libshutdown$$00000000      0x08000186   Section        2  libshutdown.o(.ARM.Collect$$libshutdown$$00000000)
    .ARM.Collect$$libshutdown$$00000002      0x08000188   Section        0  libshutdown2.o(.ARM.Collect$$libshutdown$$00000002)
    .ARM.Collect$$libshutdown$$00000004      0x08000188   Section        0  libshutdown2.o(.ARM.Collect$$libshutdown$$00000004)
    .ARM.Collect$$libshutdown$$00000007      0x08000188   Section        0  libshutdown2.o(.ARM.Collect$$libshutdown$$00000007)
    .ARM.Collect$$libshutdown$$0000000A      0x08000188   Section        0  libshutdown2.o(.ARM.Collect$$libshutdown$$0000000A)
    .ARM.Collect$$libshutdown$$0000000C      0x08000188   Section        0  libshutdown2.o(.ARM.Collect$$libshutdown$$0000000C)
    .ARM.Collect$$libshutdown$$0000000F      0x08000188   Section        0  libshutdown2.o(.ARM.Collect$$libshutdown$$0000000F)
    .ARM.Collect$$libshutdown$$00000010      0x08000188   Section        2  libshutdown2.o(.ARM.Collect$$libshutdown$$00000010)
    .ARM.Collect$$rtentry$$00000000          0x0800018a   Section        0  __rtentry.o(.ARM.Collect$$rtentry$$00000000)
    .ARM.Collect$$rtentry$$00000002          0x0800018a   Section        0  __rtentry2.o(.ARM.Collect$$rtentry$$00000002)
    .ARM.Collect$$rtentry$$00000004          0x0800018a   Section        6  __rtentry4.o(.ARM.Collect$$rtentry$$00000004)
    .ARM.Collect$$rtentry$$00000009          0x08000190   Section        0  __rtentry2.o(.ARM.Collect$$rtentry$$00000009)
    .ARM.Collect$$rtentry$$0000000A          0x08000190   Section        4  __rtentry2.o(.ARM.Collect$$rtentry$$0000000A)
    .ARM.Collect$$rtentry$$0000000C          0x08000194   Section        0  __rtentry2.o(.ARM.Collect$$rtentry$$0000000C)
    .ARM.Collect$$rtentry$$0000000D          0x08000194   Section        8  __rtentry2.o(.ARM.Collect$$rtentry$$0000000D)
    .ARM.Collect$$rtexit$$00000000           0x0800019c   Section        2  rtexit.o(.ARM.Collect$$rtexit$$00000000)
    .ARM.Collect$$rtexit$$00000002           0x0800019e   Section        0  rtexit2.o(.ARM.Collect$$rtexit$$00000002)
    .ARM.Collect$$rtexit$$00000003           0x0800019e   Section        4  rtexit2.o(.ARM.Collect$$rtexit$$00000003)
    .ARM.Collect$$rtexit$$00000004           0x080001a2   Section        6  rtexit2.o(.ARM.Collect$$rtexit$$00000004)
    .emb_text                                0x080001a8   Section      150  port.o(.emb_text)
    .text                                    0x08000240   Section       64  startup_gd32f10x_md.o(.text)
    .text                                    0x08000280   Section        0  __2snprintf.o(.text)
    .text                                    0x080002b8   Section        0  _printf_pad.o(.text)
    .text                                    0x08000308   Section        0  _printf_dec.o(.text)
    .text                                    0x08000380   Section        0  __printf_flags_ss_wp.o(.text)
    .text                                    0x08000508   Section        0  strstr.o(.text)
    .text                                    0x0800052c   Section      138  rt_memcpy_v6.o(.text)
    .text                                    0x080005b6   Section       78  rt_memclr_w.o(.text)
    .text                                    0x08000604   Section        0  heapauxi.o(.text)
    .text                                    0x0800060a   Section        0  _printf_intcommon.o(.text)
    .text                                    0x080006bc   Section        0  _printf_char_common.o(.text)
    _printf_input_char                       0x080006bd   Thumb Code    10  _printf_char_common.o(.text)
    .text                                    0x080006ec   Section        0  _sputc.o(.text)
    .text                                    0x080006f6   Section        0  _snputc.o(.text)
    .text                                    0x08000706   Section      100  rt_memcpy_w.o(.text)
    .text                                    0x0800076c   Section        8  libspace.o(.text)
    .text                                    0x08000774   Section       74  sys_stackheap_outer.o(.text)
    .text                                    0x080007be   Section        0  exit.o(.text)
    .text                                    0x080007d0   Section        0  sys_exit.o(.text)
    .text                                    0x080007dc   Section        2  use_no_semi.o(.text)
    .text                                    0x080007de   Section        0  indicate_semi.o(.text)
    i.BusFault_Handler                       0x080007de   Section        0  gd32f10x_it.o(i.BusFault_Handler)
    i.DHT11_DelayUs                          0x080007e4   Section        0  dht11.o(i.DHT11_DelayUs)
    DHT11_DelayUs                            0x080007e5   Thumb Code    44  dht11.o(i.DHT11_DelayUs)
    i.DHT11_Init                             0x08000818   Section        0  dht11.o(i.DHT11_Init)
    i.DHT11_ReadData                         0x0800082a   Section        0  dht11.o(i.DHT11_ReadData)
    i.DHT11_ReadLine                         0x08000968   Section        0  dht11.o(i.DHT11_ReadLine)
    DHT11_ReadLine                           0x08000969   Thumb Code    14  dht11.o(i.DHT11_ReadLine)
    i.DHT11_SetInput                         0x0800097c   Section        0  dht11.o(i.DHT11_SetInput)
    DHT11_SetInput                           0x0800097d   Thumb Code    18  dht11.o(i.DHT11_SetInput)
    i.DHT11_SetOutput                        0x08000994   Section        0  dht11.o(i.DHT11_SetOutput)
    DHT11_SetOutput                          0x08000995   Thumb Code    18  dht11.o(i.DHT11_SetOutput)
    i.DHT11_WriteLine                        0x080009ac   Section        0  dht11.o(i.DHT11_WriteLine)
    DHT11_WriteLine                          0x080009ad   Thumb Code    18  dht11.o(i.DHT11_WriteLine)
    i.DebugMon_Handler                       0x080009c4   Section        0  gd32f10x_it.o(i.DebugMon_Handler)
    i.HardFault_Handler                      0x080009c8   Section        0  gd32f10x_it.o(i.HardFault_Handler)
    i.KEY_Init                               0x080009cc   Section        0  key.o(i.KEY_Init)
    i.KEY_Scan                               0x080009e8   Section        0  key.o(i.KEY_Scan)
    i.LED1_Off                               0x08000a2c   Section        0  led.o(i.LED1_Off)
    i.LED1_On                                0x08000a40   Section        0  led.o(i.LED1_On)
    i.LED1_Toggle                            0x08000a54   Section        0  led.o(i.LED1_Toggle)
    i.LED_Init                               0x08000a78   Section        0  led.o(i.LED_Init)
    i.MQ2_GetData                            0x08000aa0   Section        0  mq2.o(i.MQ2_GetData)
    i.MQ2_Init                               0x08000acc   Section        0  mq2.o(i.MQ2_Init)
    i.MemManage_Handler                      0x08000b48   Section        0  gd32f10x_it.o(i.MemManage_Handler)
    i.NMI_Handler                            0x08000b4c   Section        0  gd32f10x_it.o(i.NMI_Handler)
    i.OLED_Clear                             0x08000b50   Section        0  oled.o(i.OLED_Clear)
    i.OLED_ClearArea                         0x08000b78   Section        0  oled.o(i.OLED_ClearArea)
    i.OLED_GPIO_Init                         0x08000c20   Section        0  oled.o(i.OLED_GPIO_Init)
    i.OLED_I2C_SendByte                      0x08000c6c   Section        0  oled.o(i.OLED_I2C_SendByte)
    i.OLED_I2C_Start                         0x08000caa   Section        0  oled.o(i.OLED_I2C_Start)
    i.OLED_I2C_Stop                          0x08000cc6   Section        0  oled.o(i.OLED_I2C_Stop)
    i.OLED_Init                              0x08000cdc   Section        0  oled.o(i.OLED_Init)
    i.OLED_SetCursor                         0x08000d76   Section        0  oled.o(i.OLED_SetCursor)
    i.OLED_ShowChar                          0x08000d98   Section        0  oled.o(i.OLED_ShowChar)
    i.OLED_ShowImage                         0x08000dec   Section        0  oled.o(i.OLED_ShowImage)
    i.OLED_ShowString                        0x08000f18   Section        0  oled.o(i.OLED_ShowString)
    i.OLED_Update                            0x08000f48   Section        0  oled.o(i.OLED_Update)
    i.OLED_W_SCL                             0x08000f70   Section        0  oled.o(i.OLED_W_SCL)
    i.OLED_W_SDA                             0x08000f8c   Section        0  oled.o(i.OLED_W_SDA)
    i.OLED_WriteCommand                      0x08000fa8   Section        0  oled.o(i.OLED_WriteCommand)
    i.OLED_WriteData                         0x08000fc8   Section        0  oled.o(i.OLED_WriteData)
    i.SysTick_Handler                        0x08000ff8   Section        0  port.o(i.SysTick_Handler)
    i.SystemInit                             0x0800102c   Section        0  system_gd32f10x.o(i.SystemInit)
    i.USART0_IRQHandler                      0x08001144   Section        0  gd32f10x_it.o(i.USART0_IRQHandler)
    i.UsageFault_Handler                     0x080011b8   Section        0  gd32f10x_it.o(i.UsageFault_Handler)
    i._is_digit                              0x080011bc   Section        0  __printf_wp.o(i._is_digit)
    i._soft_delay_                           0x080011ca   Section        0  system_gd32f10x.o(i._soft_delay_)
    _soft_delay_                             0x080011cb   Thumb Code    28  system_gd32f10x.o(i._soft_delay_)
    i.adc_calibration_enable                 0x080011e6   Section        0  gd32f10x_adc.o(i.adc_calibration_enable)
    i.adc_channel_length_config              0x08001210   Section        0  gd32f10x_adc.o(i.adc_channel_length_config)
    i.adc_data_alignment_config              0x08001256   Section        0  gd32f10x_adc.o(i.adc_data_alignment_config)
    i.adc_deinit                             0x0800126c   Section        0  gd32f10x_adc.o(i.adc_deinit)
    i.adc_enable                             0x080012c4   Section        0  gd32f10x_adc.o(i.adc_enable)
    i.adc_external_trigger_config            0x080012d6   Section        0  gd32f10x_adc.o(i.adc_external_trigger_config)
    i.adc_external_trigger_source_config     0x08001314   Section        0  gd32f10x_adc.o(i.adc_external_trigger_source_config)
    i.adc_flag_clear                         0x08001344   Section        0  gd32f10x_adc.o(i.adc_flag_clear)
    i.adc_flag_get                           0x0800134c   Section        0  gd32f10x_adc.o(i.adc_flag_get)
    i.adc_mode_config                        0x0800135c   Section        0  gd32f10x_adc.o(i.adc_mode_config)
    i.adc_regular_channel_config             0x08001378   Section        0  gd32f10x_adc.o(i.adc_regular_channel_config)
    i.adc_regular_data_read                  0x08001424   Section        0  gd32f10x_adc.o(i.adc_regular_data_read)
    i.adc_software_trigger_enable            0x0800142c   Section        0  gd32f10x_adc.o(i.adc_software_trigger_enable)
    i.gpio_bit_write                         0x0800144a   Section        0  gd32f10x_gpio.o(i.gpio_bit_write)
    i.gpio_init                              0x08001454   Section        0  gd32f10x_gpio.o(i.gpio_init)
    i.gpio_input_bit_get                     0x08001500   Section        0  gd32f10x_gpio.o(i.gpio_input_bit_get)
    i.main                                   0x08001514   Section        0  main.o(i.main)
    i.nvic_irq_enable                        0x0800161c   Section        0  gd32f10x_misc.o(i.nvic_irq_enable)
    i.nvic_priority_group_set                0x08001724   Section        0  gd32f10x_misc.o(i.nvic_priority_group_set)
    i.nvic_vector_table_set                  0x08001738   Section        0  gd32f10x_misc.o(i.nvic_vector_table_set)
    i.prvAddCurrentTaskToDelayedList         0x08001750   Section        0  tasks.o(i.prvAddCurrentTaskToDelayedList)
    prvAddCurrentTaskToDelayedList           0x08001751   Thumb Code   174  tasks.o(i.prvAddCurrentTaskToDelayedList)
    i.prvAddNewTaskToReadyList               0x0800181c   Section        0  tasks.o(i.prvAddNewTaskToReadyList)
    prvAddNewTaskToReadyList                 0x0800181d   Thumb Code   212  tasks.o(i.prvAddNewTaskToReadyList)
    i.prvCheckTasksWaitingTermination        0x0800190c   Section        0  tasks.o(i.prvCheckTasksWaitingTermination)
    prvCheckTasksWaitingTermination          0x0800190d   Thumb Code    60  tasks.o(i.prvCheckTasksWaitingTermination)
    i.prvCopyDataFromQueue                   0x08001954   Section        0  queue.o(i.prvCopyDataFromQueue)
    prvCopyDataFromQueue                     0x08001955   Thumb Code    42  queue.o(i.prvCopyDataFromQueue)
    i.prvCopyDataToQueue                     0x0800197e   Section        0  queue.o(i.prvCopyDataToQueue)
    prvCopyDataToQueue                       0x0800197f   Thumb Code   106  queue.o(i.prvCopyDataToQueue)
    i.prvCreateIdleTasks                     0x080019e8   Section        0  tasks.o(i.prvCreateIdleTasks)
    prvCreateIdleTasks                       0x080019e9   Thumb Code   104  tasks.o(i.prvCreateIdleTasks)
    i.prvCreateTask                          0x08001a60   Section        0  tasks.o(i.prvCreateTask)
    prvCreateTask                            0x08001a61   Thumb Code    90  tasks.o(i.prvCreateTask)
    i.prvDeleteTCB                           0x08001aba   Section        0  tasks.o(i.prvDeleteTCB)
    prvDeleteTCB                             0x08001abb   Thumb Code    18  tasks.o(i.prvDeleteTCB)
    i.prvHeapInit                            0x08001acc   Section        0  heap_4.o(i.prvHeapInit)
    prvHeapInit                              0x08001acd   Thumb Code    88  heap_4.o(i.prvHeapInit)
    i.prvIdleTask                            0x08001b38   Section        0  tasks.o(i.prvIdleTask)
    prvIdleTask                              0x08001b39   Thumb Code    32  tasks.o(i.prvIdleTask)
    i.prvInitialiseNewQueue                  0x08001b60   Section        0  queue.o(i.prvInitialiseNewQueue)
    prvInitialiseNewQueue                    0x08001b61   Thumb Code    38  queue.o(i.prvInitialiseNewQueue)
    i.prvInitialiseNewTask                   0x08001b86   Section        0  tasks.o(i.prvInitialiseNewTask)
    prvInitialiseNewTask                     0x08001b87   Thumb Code   122  tasks.o(i.prvInitialiseNewTask)
    i.prvInitialiseTaskLists                 0x08001c00   Section        0  tasks.o(i.prvInitialiseTaskLists)
    prvInitialiseTaskLists                   0x08001c01   Thumb Code    70  tasks.o(i.prvInitialiseTaskLists)
    i.prvInsertBlockIntoFreeList             0x08001c68   Section        0  heap_4.o(i.prvInsertBlockIntoFreeList)
    prvInsertBlockIntoFreeList               0x08001c69   Thumb Code    96  heap_4.o(i.prvInsertBlockIntoFreeList)
    i.prvIsQueueEmpty                        0x08001cd0   Section        0  queue.o(i.prvIsQueueEmpty)
    prvIsQueueEmpty                          0x08001cd1   Thumb Code    26  queue.o(i.prvIsQueueEmpty)
    i.prvResetNextTaskUnblockTime            0x08001cec   Section        0  tasks.o(i.prvResetNextTaskUnblockTime)
    prvResetNextTaskUnblockTime              0x08001ced   Thumb Code    40  tasks.o(i.prvResetNextTaskUnblockTime)
    i.prvTaskExitError                       0x08001d1c   Section        0  port.o(i.prvTaskExitError)
    prvTaskExitError                         0x08001d1d   Thumb Code    22  port.o(i.prvTaskExitError)
    i.prvUnlockQueue                         0x08001d32   Section        0  queue.o(i.prvUnlockQueue)
    prvUnlockQueue                           0x08001d33   Thumb Code   126  queue.o(i.prvUnlockQueue)
    i.pvPortMalloc                           0x08001db0   Section        0  heap_4.o(i.pvPortMalloc)
    i.pxPortInitialiseStack                  0x08001eb4   Section        0  port.o(i.pxPortInitialiseStack)
    i.rcu_adc_clock_config                   0x08001ed8   Section        0  gd32f10x_rcu.o(i.rcu_adc_clock_config)
    i.rcu_clock_freq_get                     0x08001f20   Section        0  gd32f10x_rcu.o(i.rcu_clock_freq_get)
    i.rcu_periph_clock_enable                0x08002044   Section        0  gd32f10x_rcu.o(i.rcu_periph_clock_enable)
    i.rcu_periph_reset_disable               0x08002064   Section        0  gd32f10x_rcu.o(i.rcu_periph_reset_disable)
    i.rcu_periph_reset_enable                0x08002084   Section        0  gd32f10x_rcu.o(i.rcu_periph_reset_enable)
    i.system_clock_108m_hxtal                0x080020a4   Section        0  system_gd32f10x.o(i.system_clock_108m_hxtal)
    system_clock_108m_hxtal                  0x080020a5   Thumb Code   190  system_gd32f10x.o(i.system_clock_108m_hxtal)
    i.system_clock_config                    0x08002170   Section        0  system_gd32f10x.o(i.system_clock_config)
    system_clock_config                      0x08002171   Thumb Code     8  system_gd32f10x.o(i.system_clock_config)
    i.uart_init                              0x08002178   Section        0  uart.o(i.uart_init)
    i.usart_baudrate_set                     0x080021fc   Section        0  gd32f10x_usart.o(i.usart_baudrate_set)
    i.usart_data_receive                     0x0800228c   Section        0  gd32f10x_usart.o(i.usart_data_receive)
    i.usart_data_transmit                    0x08002296   Section        0  gd32f10x_usart.o(i.usart_data_transmit)
    i.usart_deinit                           0x080022a0   Section        0  gd32f10x_usart.o(i.usart_deinit)
    i.usart_enable                           0x08002330   Section        0  gd32f10x_usart.o(i.usart_enable)
    i.usart_flag_get                         0x0800233a   Section        0  gd32f10x_usart.o(i.usart_flag_get)
    i.usart_interrupt_enable                 0x0800235a   Section        0  gd32f10x_usart.o(i.usart_interrupt_enable)
    i.usart_interrupt_flag_get               0x08002374   Section        0  gd32f10x_usart.o(i.usart_interrupt_flag_get)
    i.usart_receive_config                   0x080023ae   Section        0  gd32f10x_usart.o(i.usart_receive_config)
    i.usart_send_string                      0x080023be   Section        0  uart.o(i.usart_send_string)
    i.usart_transmit_config                  0x080023e6   Section        0  gd32f10x_usart.o(i.usart_transmit_config)
    i.uxListRemove                           0x080023f6   Section        0  list.o(i.uxListRemove)
    i.uxTaskGetNumberOfTasks                 0x08002420   Section        0  tasks.o(i.uxTaskGetNumberOfTasks)
    i.vListInitialise                        0x0800242c   Section        0  list.o(i.vListInitialise)
    i.vListInitialiseItem                    0x08002446   Section        0  list.o(i.vListInitialiseItem)
    i.vListInsert                            0x0800244c   Section        0  list.o(i.vListInsert)
    i.vPortEnterCritical                     0x08002480   Section        0  port.o(i.vPortEnterCritical)
    i.vPortExitCritical                      0x080024a4   Section        0  port.o(i.vPortExitCritical)
    i.vPortFree                              0x080024c4   Section        0  heap_4.o(i.vPortFree)
    i.vPortSetupTimerInterrupt               0x08002510   Section        0  port.o(i.vPortSetupTimerInterrupt)
    i.vTaskDHT11                             0x08002538   Section        0  main.o(i.vTaskDHT11)
    i.vTaskDelay                             0x080025d8   Section        0  tasks.o(i.vTaskDelay)
    i.vTaskInternalSetTimeOutState           0x0800260c   Section        0  tasks.o(i.vTaskInternalSetTimeOutState)
    i.vTaskKEY                               0x08002624   Section        0  main.o(i.vTaskKEY)
    i.vTaskLED                               0x0800263e   Section        0  main.o(i.vTaskLED)
    i.vTaskMQ2                               0x08002650   Section        0  main.o(i.vTaskMQ2)
    i.vTaskMissedYield                       0x0800269c   Section        0  tasks.o(i.vTaskMissedYield)
    i.vTaskOLED                              0x080026a8   Section        0  main.o(i.vTaskOLED)
    i.vTaskPlaceOnEventList                  0x080027f4   Section        0  tasks.o(i.vTaskPlaceOnEventList)
    i.vTaskStartScheduler                    0x08002814   Section        0  tasks.o(i.vTaskStartScheduler)
    i.vTaskSuspendAll                        0x08002860   Section        0  tasks.o(i.vTaskSuspendAll)
    i.vTaskSwitchContext                     0x08002870   Section        0  tasks.o(i.vTaskSwitchContext)
    i.vTaskUartCmd                           0x080028d8   Section        0  main.o(i.vTaskUartCmd)
    i.xPortStartScheduler                    0x08002974   Section        0  port.o(i.xPortStartScheduler)
    i.xQueueGenericCreate                    0x080029a8   Section        0  queue.o(i.xQueueGenericCreate)
    i.xQueueGenericReset                     0x080029f4   Section        0  queue.o(i.xQueueGenericReset)
    i.xQueueGenericSendFromISR               0x08002a94   Section        0  queue.o(i.xQueueGenericSendFromISR)
    i.xQueueReceive                          0x08002b30   Section        0  queue.o(i.xQueueReceive)
    i.xTaskCheckForTimeOut                   0x08002c34   Section        0  tasks.o(i.xTaskCheckForTimeOut)
    i.xTaskCreate                            0x08002c94   Section        0  tasks.o(i.xTaskCreate)
    i.xTaskIncrementTick                     0x08002ccc   Section        0  tasks.o(i.xTaskIncrementTick)
    i.xTaskRemoveFromEventList               0x08002e6c   Section        0  tasks.o(i.xTaskRemoveFromEventList)
    i.xTaskResumeAll                         0x08002f84   Section        0  tasks.o(i.xTaskResumeAll)
    .constdata                               0x080030fc   Section     2685  oled_data.o(.constdata)
    .constdata                               0x08003b79   Section       17  __printf_flags_ss_wp.o(.constdata)
    maptable                                 0x08003b79   Data          17  __printf_flags_ss_wp.o(.constdata)
    .data                                    0x20000000   Section        1  key.o(.data)
    key_up                                   0x20000000   Data           1  key.o(.data)
    .data                                    0x20000004   Section        4  uart.o(.data)
    .data                                    0x20000008   Section        3  main.o(.data)
    g_temperature                            0x20000008   Data           1  main.o(.data)
    g_humidity                               0x20000009   Data           1  main.o(.data)
    g_mq2_percent                            0x2000000a   Data           1  main.o(.data)
    .data                                    0x2000000c   Section        4  system_gd32f10x.o(.data)
    .data                                    0x20000010   Section       64  tasks.o(.data)
    pxDelayedTaskList                        0x20000014   Data           4  tasks.o(.data)
    pxOverflowDelayedTaskList                0x20000018   Data           4  tasks.o(.data)
    uxDeletedTasksWaitingCleanUp             0x2000001c   Data           4  tasks.o(.data)
    uxCurrentNumberOfTasks                   0x20000020   Data           4  tasks.o(.data)
    xTickCount                               0x20000024   Data           4  tasks.o(.data)
    uxTopReadyPriority                       0x20000028   Data           4  tasks.o(.data)
    xSchedulerRunning                        0x2000002c   Data           4  tasks.o(.data)
    xPendedTicks                             0x20000030   Data           4  tasks.o(.data)
    xYieldPendings                           0x20000034   Data           4  tasks.o(.data)
    xNumOfOverflows                          0x20000038   Data           4  tasks.o(.data)
    uxTaskNumber                             0x2000003c   Data           4  tasks.o(.data)
    xNextTaskUnblockTime                     0x20000040   Data           4  tasks.o(.data)
    xIdleTaskHandles                         0x20000044   Data           4  tasks.o(.data)
    uxTopUsedPriority                        0x20000048   Data           4  tasks.o(.data)
    uxSchedulerSuspended                     0x2000004c   Data           4  tasks.o(.data)
    .data                                    0x20000050   Section       28  heap_4.o(.data)
    xStart                                   0x20000050   Data           8  heap_4.o(.data)
    pxEnd                                    0x20000058   Data           4  heap_4.o(.data)
    xFreeBytesRemaining                      0x2000005c   Data           4  heap_4.o(.data)
    xMinimumEverFreeBytesRemaining           0x20000060   Data           4  heap_4.o(.data)
    xNumberOfSuccessfulAllocations           0x20000064   Data           4  heap_4.o(.data)
    xNumberOfSuccessfulFrees                 0x20000068   Data           4  heap_4.o(.data)
    .data                                    0x2000006c   Section        4  port.o(.data)
    uxCriticalNesting                        0x2000006c   Data           4  port.o(.data)
    .bss                                     0x20000070   Section     1024  oled.o(.bss)
    .bss                                     0x20000470   Section      200  tasks.o(.bss)
    pxReadyTasksLists                        0x20000470   Data         100  tasks.o(.bss)
    xDelayedTaskList1                        0x200004d4   Data          20  tasks.o(.bss)
    xDelayedTaskList2                        0x200004e8   Data          20  tasks.o(.bss)
    xPendingReadyList                        0x200004fc   Data          20  tasks.o(.bss)
    xTasksWaitingTermination                 0x20000510   Data          20  tasks.o(.bss)
    xSuspendedTaskList                       0x20000524   Data          20  tasks.o(.bss)
    .bss                                     0x20000538   Section    20480  heap_4.o(.bss)
    ucHeap                                   0x20000538   Data       20480  heap_4.o(.bss)
    .bss                                     0x20005538   Section       96  libspace.o(.bss)
    HEAP                                     0x20005598   Section      512  startup_gd32f10x_md.o(HEAP)
    Heap_Mem                                 0x20005598   Data         512  startup_gd32f10x_md.o(HEAP)
    STACK                                    0x20005798   Section     1024  startup_gd32f10x_md.o(STACK)
    Stack_Mem                                0x20005798   Data        1024  startup_gd32f10x_md.o(STACK)
    __initial_sp                             0x20005b98   Data           0  startup_gd32f10x_md.o(STACK)

    Global Symbols

    Symbol Name                              Value     Ov Type        Size  Object(Section)

    BuildAttributes$$THM_ISAv4$P$D$K$B$S$PE$A:L22UL41UL21$X:L11$S22US41US21$IEEE1$IW$USESV6$~STKCKD$USESV7$~SHL$OTIME$ROPI$IEEEX$EBA8$UX$STANDARDLIB$REQ8$PRES8$EABIv2 0x00000000   Number         0  anon$$obj.o ABSOLUTE
    __ARM_use_no_argv                        0x00000000   Number         0  main.o ABSOLUTE
    _printf_flags                            0x00000000   Number         0  printf_stubs.o ABSOLUTE
    _printf_return_value                     0x00000000   Number         0  printf_stubs.o ABSOLUTE
    _printf_sizespec                         0x00000000   Number         0  printf_stubs.o ABSOLUTE
    _printf_widthprec                        0x00000000   Number         0  printf_stubs.o ABSOLUTE
    __ARM_exceptions_init                     - Undefined Weak Reference
    __alloca_initialize                       - Undefined Weak Reference
    __arm_preinit_                            - Undefined Weak Reference
    __cpp_initialize__aeabi_                  - Undefined Weak Reference
    __cxa_finalize                            - Undefined Weak Reference
    __sigvec_lookup                           - Undefined Weak Reference
    _atexit_init                              - Undefined Weak Reference
    _call_atexit_fns                          - Undefined Weak Reference
    _clock_init                               - Undefined Weak Reference
    _fp_trap_init                             - Undefined Weak Reference
    _fp_trap_shutdown                         - Undefined Weak Reference
    _get_lc_collate                           - Undefined Weak Reference
    _get_lc_monetary                          - Undefined Weak Reference
    _get_lc_time                              - Undefined Weak Reference
    _getenv_init                              - Undefined Weak Reference
    _handle_redirection                       - Undefined Weak Reference
    _init_alloc                               - Undefined Weak Reference
    _init_user_alloc                          - Undefined Weak Reference
    _initio                                   - Undefined Weak Reference
    _printf_mbtowc                            - Undefined Weak Reference
    _printf_wc                                - Undefined Weak Reference
    _rand_init                                - Undefined Weak Reference
    _signal_finish                            - Undefined Weak Reference
    _signal_init                              - Undefined Weak Reference
    _terminate_alloc                          - Undefined Weak Reference
    _terminate_user_alloc                     - Undefined Weak Reference
    _terminateio                              - Undefined Weak Reference
    __Vectors_Size                           0x00000104   Number         0  startup_gd32f10x_md.o ABSOLUTE
    __Vectors                                0x08000000   Data           4  startup_gd32f10x_md.o(RESET)
    __Vectors_End                            0x08000104   Data           0  startup_gd32f10x_md.o(RESET)
    __main                                   0x08000105   Thumb Code     8  __main.o(!!!main)
    __scatterload                            0x0800010d   Thumb Code     0  __scatter.o(!!!scatter)
    __scatterload_rt2                        0x0800010d   Thumb Code    44  __scatter.o(!!!scatter)
    __scatterload_rt2_thumb_only             0x0800010d   Thumb Code     0  __scatter.o(!!!scatter)
    __scatterload_null                       0x0800011b   Thumb Code     0  __scatter.o(!!!scatter)
    __scatterload_copy                       0x08000141   Thumb Code    26  __scatter_copy.o(!!handler_copy)
    __scatterload_zeroinit                   0x0800015d   Thumb Code    28  __scatter_zi.o(!!handler_zi)
    _printf_d                                0x08000179   Thumb Code     0  _printf_d.o(.ARM.Collect$$_printf_percent$$00000009)
    _printf_percent                          0x08000179   Thumb Code     0  _printf_percent.o(.ARM.Collect$$_printf_percent$$00000000)
    _printf_percent_end                      0x0800017f   Thumb Code     0  _printf_percent_end.o(.ARM.Collect$$_printf_percent$$00000017)
    __rt_lib_init                            0x08000183   Thumb Code     0  libinit.o(.ARM.Collect$$libinit$$00000000)
    __rt_lib_init_alloca_1                   0x08000185   Thumb Code     0  libinit2.o(.ARM.Collect$$libinit$$0000002E)
    __rt_lib_init_argv_1                     0x08000185   Thumb Code     0  libinit2.o(.ARM.Collect$$libinit$$0000002C)
    __rt_lib_init_atexit_1                   0x08000185   Thumb Code     0  libinit2.o(.ARM.Collect$$libinit$$0000001B)
    __rt_lib_init_clock_1                    0x08000185   Thumb Code     0  libinit2.o(.ARM.Collect$$libinit$$00000021)
    __rt_lib_init_cpp_1                      0x08000185   Thumb Code     0  libinit2.o(.ARM.Collect$$libinit$$00000032)
    __rt_lib_init_exceptions_1               0x08000185   Thumb Code     0  libinit2.o(.ARM.Collect$$libinit$$00000030)
    __rt_lib_init_fp_1                       0x08000185   Thumb Code     0  libinit2.o(.ARM.Collect$$libinit$$00000002)
    __rt_lib_init_fp_trap_1                  0x08000185   Thumb Code     0  libinit2.o(.ARM.Collect$$libinit$$0000001F)
    __rt_lib_init_getenv_1                   0x08000185   Thumb Code     0  libinit2.o(.ARM.Collect$$libinit$$00000023)
    __rt_lib_init_heap_1                     0x08000185   Thumb Code     0  libinit2.o(.ARM.Collect$$libinit$$0000000A)
    __rt_lib_init_lc_collate_1               0x08000185   Thumb Code     0  libinit2.o(.ARM.Collect$$libinit$$00000011)
    __rt_lib_init_lc_ctype_1                 0x08000185   Thumb Code     0  libinit2.o(.ARM.Collect$$libinit$$00000013)
    __rt_lib_init_lc_monetary_1              0x08000185   Thumb Code     0  libinit2.o(.ARM.Collect$$libinit$$00000015)
    __rt_lib_init_lc_numeric_1               0x08000185   Thumb Code     0  libinit2.o(.ARM.Collect$$libinit$$00000017)
    __rt_lib_init_lc_time_1                  0x08000185   Thumb Code     0  libinit2.o(.ARM.Collect$$libinit$$00000019)
    __rt_lib_init_preinit_1                  0x08000185   Thumb Code     0  libinit2.o(.ARM.Collect$$libinit$$00000004)
    __rt_lib_init_rand_1                     0x08000185   Thumb Code     0  libinit2.o(.ARM.Collect$$libinit$$0000000E)
    __rt_lib_init_return                     0x08000185   Thumb Code     0  libinit2.o(.ARM.Collect$$libinit$$00000033)
    __rt_lib_init_signal_1                   0x08000185   Thumb Code     0  libinit2.o(.ARM.Collect$$libinit$$0000001D)
    __rt_lib_init_stdio_1                    0x08000185   Thumb Code     0  libinit2.o(.ARM.Collect$$libinit$$00000025)
    __rt_lib_init_user_alloc_1               0x08000185   Thumb Code     0  libinit2.o(.ARM.Collect$$libinit$$0000000C)
    __rt_lib_shutdown                        0x08000187   Thumb Code     0  libshutdown.o(.ARM.Collect$$libshutdown$$00000000)
    __rt_lib_shutdown_cpp_1                  0x08000189   Thumb Code     0  libshutdown2.o(.ARM.Collect$$libshutdown$$00000002)
    __rt_lib_shutdown_fp_trap_1              0x08000189   Thumb Code     0  libshutdown2.o(.ARM.Collect$$libshutdown$$00000007)
    __rt_lib_shutdown_heap_1                 0x08000189   Thumb Code     0  libshutdown2.o(.ARM.Collect$$libshutdown$$0000000F)
    __rt_lib_shutdown_return                 0x08000189   Thumb Code     0  libshutdown2.o(.ARM.Collect$$libshutdown$$00000010)
    __rt_lib_shutdown_signal_1               0x08000189   Thumb Code     0  libshutdown2.o(.ARM.Collect$$libshutdown$$0000000A)
    __rt_lib_shutdown_stdio_1                0x08000189   Thumb Code     0  libshutdown2.o(.ARM.Collect$$libshutdown$$00000004)
    __rt_lib_shutdown_user_alloc_1           0x08000189   Thumb Code     0  libshutdown2.o(.ARM.Collect$$libshutdown$$0000000C)
    __rt_entry                               0x0800018b   Thumb Code     0  __rtentry.o(.ARM.Collect$$rtentry$$00000000)
    __rt_entry_presh_1                       0x0800018b   Thumb Code     0  __rtentry2.o(.ARM.Collect$$rtentry$$00000002)
    __rt_entry_sh                            0x0800018b   Thumb Code     0  __rtentry4.o(.ARM.Collect$$rtentry$$00000004)
    __rt_entry_li                            0x08000191   Thumb Code     0  __rtentry2.o(.ARM.Collect$$rtentry$$0000000A)
    __rt_entry_postsh_1                      0x08000191   Thumb Code     0  __rtentry2.o(.ARM.Collect$$rtentry$$00000009)
    __rt_entry_main                          0x08000195   Thumb Code     0  __rtentry2.o(.ARM.Collect$$rtentry$$0000000D)
    __rt_entry_postli_1                      0x08000195   Thumb Code     0  __rtentry2.o(.ARM.Collect$$rtentry$$0000000C)
    __rt_exit                                0x0800019d   Thumb Code     0  rtexit.o(.ARM.Collect$$rtexit$$00000000)
    __rt_exit_ls                             0x0800019f   Thumb Code     0  rtexit2.o(.ARM.Collect$$rtexit$$00000003)
    __rt_exit_prels_1                        0x0800019f   Thumb Code     0  rtexit2.o(.ARM.Collect$$rtexit$$00000002)
    __rt_exit_exit                           0x080001a3   Thumb Code     0  rtexit2.o(.ARM.Collect$$rtexit$$00000004)
    SVC_Handler                              0x080001a9   Thumb Code    32  port.o(.emb_text)
    __asm___6_port_c_39a90d8d__prvStartFirstTask 0x080001cd   Thumb Code    28  port.o(.emb_text)
    PendSV_Handler                           0x080001ed   Thumb Code    72  port.o(.emb_text)
    vPortGetIPSR                             0x08000239   Thumb Code     6  port.o(.emb_text)
    Reset_Handler                            0x08000241   Thumb Code     8  startup_gd32f10x_md.o(.text)
    ADC0_1_IRQHandler                        0x0800025b   Thumb Code     0  startup_gd32f10x_md.o(.text)
    CAN0_EWMC_IRQHandler                     0x0800025b   Thumb Code     0  startup_gd32f10x_md.o(.text)
    CAN0_RX1_IRQHandler                      0x0800025b   Thumb Code     0  startup_gd32f10x_md.o(.text)
    DMA0_Channel0_IRQHandler                 0x0800025b   Thumb Code     0  startup_gd32f10x_md.o(.text)
    DMA0_Channel1_IRQHandler                 0x0800025b   Thumb Code     0  startup_gd32f10x_md.o(.text)
    DMA0_Channel2_IRQHandler                 0x0800025b   Thumb Code     0  startup_gd32f10x_md.o(.text)
    DMA0_Channel3_IRQHandler                 0x0800025b   Thumb Code     0  startup_gd32f10x_md.o(.text)
    DMA0_Channel4_IRQHandler                 0x0800025b   Thumb Code     0  startup_gd32f10x_md.o(.text)
    DMA0_Channel5_IRQHandler                 0x0800025b   Thumb Code     0  startup_gd32f10x_md.o(.text)
    DMA0_Channel6_IRQHandler                 0x0800025b   Thumb Code     0  startup_gd32f10x_md.o(.text)
    EXMC_IRQHandler                          0x0800025b   Thumb Code     0  startup_gd32f10x_md.o(.text)
    EXTI0_IRQHandler                         0x0800025b   Thumb Code     0  startup_gd32f10x_md.o(.text)
    EXTI10_15_IRQHandler                     0x0800025b   Thumb Code     0  startup_gd32f10x_md.o(.text)
    EXTI1_IRQHandler                         0x0800025b   Thumb Code     0  startup_gd32f10x_md.o(.text)
    EXTI2_IRQHandler                         0x0800025b   Thumb Code     0  startup_gd32f10x_md.o(.text)
    EXTI3_IRQHandler                         0x0800025b   Thumb Code     0  startup_gd32f10x_md.o(.text)
    EXTI4_IRQHandler                         0x0800025b   Thumb Code     0  startup_gd32f10x_md.o(.text)
    EXTI5_9_IRQHandler                       0x0800025b   Thumb Code     0  startup_gd32f10x_md.o(.text)
    FMC_IRQHandler                           0x0800025b   Thumb Code     0  startup_gd32f10x_md.o(.text)
    I2C0_ER_IRQHandler                       0x0800025b   Thumb Code     0  startup_gd32f10x_md.o(.text)
    I2C0_EV_IRQHandler                       0x0800025b   Thumb Code     0  startup_gd32f10x_md.o(.text)
    I2C1_ER_IRQHandler                       0x0800025b   Thumb Code     0  startup_gd32f10x_md.o(.text)
    I2C1_EV_IRQHandler                       0x0800025b   Thumb Code     0  startup_gd32f10x_md.o(.text)
    LVD_IRQHandler                           0x0800025b   Thumb Code     0  startup_gd32f10x_md.o(.text)
    RCU_IRQHandler                           0x0800025b   Thumb Code     0  startup_gd32f10x_md.o(.text)
    RTC_Alarm_IRQHandler                     0x0800025b   Thumb Code     0  startup_gd32f10x_md.o(.text)
    RTC_IRQHandler                           0x0800025b   Thumb Code     0  startup_gd32f10x_md.o(.text)
    SPI0_IRQHandler                          0x0800025b   Thumb Code     0  startup_gd32f10x_md.o(.text)
    SPI1_IRQHandler                          0x0800025b   Thumb Code     0  startup_gd32f10x_md.o(.text)
    TAMPER_IRQHandler                        0x0800025b   Thumb Code     0  startup_gd32f10x_md.o(.text)
    TIMER0_BRK_IRQHandler                    0x0800025b   Thumb Code     0  startup_gd32f10x_md.o(.text)
    TIMER0_Channel_IRQHandler                0x0800025b   Thumb Code     0  startup_gd32f10x_md.o(.text)
    TIMER0_TRG_CMT_IRQHandler                0x0800025b   Thumb Code     0  startup_gd32f10x_md.o(.text)
    TIMER0_UP_IRQHandler                     0x0800025b   Thumb Code     0  startup_gd32f10x_md.o(.text)
    TIMER1_IRQHandler                        0x0800025b   Thumb Code     0  startup_gd32f10x_md.o(.text)
    TIMER2_IRQHandler                        0x0800025b   Thumb Code     0  startup_gd32f10x_md.o(.text)
    TIMER3_IRQHandler                        0x0800025b   Thumb Code     0  startup_gd32f10x_md.o(.text)
    USART1_IRQHandler                        0x0800025b   Thumb Code     0  startup_gd32f10x_md.o(.text)
    USART2_IRQHandler                        0x0800025b   Thumb Code     0  startup_gd32f10x_md.o(.text)
    USBD_HP_CAN0_TX_IRQHandler               0x0800025b   Thumb Code     0  startup_gd32f10x_md.o(.text)
    USBD_LP_CAN0_RX0_IRQHandler              0x0800025b   Thumb Code     0  startup_gd32f10x_md.o(.text)
    USBD_WKUP_IRQHandler                     0x0800025b   Thumb Code     0  startup_gd32f10x_md.o(.text)
    WWDGT_IRQHandler                         0x0800025b   Thumb Code     0  startup_gd32f10x_md.o(.text)
    __user_initial_stackheap                 0x0800025d   Thumb Code    10  startup_gd32f10x_md.o(.text)
    __2snprintf                              0x08000281   Thumb Code    50  __2snprintf.o(.text)
    _printf_pre_padding                      0x080002b9   Thumb Code    44  _printf_pad.o(.text)
    _printf_post_padding                     0x080002e5   Thumb Code    34  _printf_pad.o(.text)
    _printf_int_dec                          0x08000309   Thumb Code   104  _printf_dec.o(.text)
    __printf                                 0x08000381   Thumb Code   388  __printf_flags_ss_wp.o(.text)
    strstr                                   0x08000509   Thumb Code    36  strstr.o(.text)
    __aeabi_memcpy                           0x0800052d   Thumb Code     0  rt_memcpy_v6.o(.text)
    __rt_memcpy                              0x0800052d   Thumb Code   138  rt_memcpy_v6.o(.text)
    _memcpy_lastbytes                        0x08000593   Thumb Code     0  rt_memcpy_v6.o(.text)
    __aeabi_memclr4                          0x080005b7   Thumb Code     0  rt_memclr_w.o(.text)
    __aeabi_memclr8                          0x080005b7   Thumb Code     0  rt_memclr_w.o(.text)
    __rt_memclr_w                            0x080005b7   Thumb Code    78  rt_memclr_w.o(.text)
    _memset_w                                0x080005bb   Thumb Code     0  rt_memclr_w.o(.text)
    __use_two_region_memory                  0x08000605   Thumb Code     2  heapauxi.o(.text)
    __rt_heap_escrow$2region                 0x08000607   Thumb Code     2  heapauxi.o(.text)
    __rt_heap_expand$2region                 0x08000609   Thumb Code     2  heapauxi.o(.text)
    _printf_int_common                       0x0800060b   Thumb Code   178  _printf_intcommon.o(.text)
    _printf_char_common                      0x080006c7   Thumb Code    32  _printf_char_common.o(.text)
    _sputc                                   0x080006ed   Thumb Code    10  _sputc.o(.text)
    _snputc                                  0x080006f7   Thumb Code    16  _snputc.o(.text)
    __aeabi_memcpy4                          0x08000707   Thumb Code     0  rt_memcpy_w.o(.text)
    __aeabi_memcpy8                          0x08000707   Thumb Code     0  rt_memcpy_w.o(.text)
    __rt_memcpy_w                            0x08000707   Thumb Code   100  rt_memcpy_w.o(.text)
    _memcpy_lastbytes_aligned                0x0800074f   Thumb Code     0  rt_memcpy_w.o(.text)
    __user_libspace                          0x0800076d   Thumb Code     8  libspace.o(.text)
    __user_perproc_libspace                  0x0800076d   Thumb Code     0  libspace.o(.text)
    __user_perthread_libspace                0x0800076d   Thumb Code     0  libspace.o(.text)
    __user_setup_stackheap                   0x08000775   Thumb Code    74  sys_stackheap_outer.o(.text)
    exit                                     0x080007bf   Thumb Code    18  exit.o(.text)
    _sys_exit                                0x080007d1   Thumb Code     8  sys_exit.o(.text)
    __I$use$semihosting                      0x080007dd   Thumb Code     0  use_no_semi.o(.text)
    __use_no_semihosting_swi                 0x080007dd   Thumb Code     2  use_no_semi.o(.text)
    BusFault_Handler                         0x080007df   Thumb Code     4  gd32f10x_it.o(i.BusFault_Handler)
    __semihosting_library_function           0x080007df   Thumb Code     0  indicate_semi.o(.text)
    DHT11_Init                               0x08000819   Thumb Code    18  dht11.o(i.DHT11_Init)
    DHT11_ReadData                           0x0800082b   Thumb Code   316  dht11.o(i.DHT11_ReadData)
    DebugMon_Handler                         0x080009c5   Thumb Code     4  gd32f10x_it.o(i.DebugMon_Handler)
    HardFault_Handler                        0x080009c9   Thumb Code     4  gd32f10x_it.o(i.HardFault_Handler)
    KEY_Init                                 0x080009cd   Thumb Code    24  key.o(i.KEY_Init)
    KEY_Scan                                 0x080009e9   Thumb Code    58  key.o(i.KEY_Scan)
    LED1_Off                                 0x08000a2d   Thumb Code    14  led.o(i.LED1_Off)
    LED1_On                                  0x08000a41   Thumb Code    16  led.o(i.LED1_On)
    LED1_Toggle                              0x08000a55   Thumb Code    32  led.o(i.LED1_Toggle)
    LED_Init                                 0x08000a79   Thumb Code    36  led.o(i.LED_Init)
    MQ2_GetData                              0x08000aa1   Thumb Code    40  mq2.o(i.MQ2_GetData)
    MQ2_Init                                 0x08000acd   Thumb Code   114  mq2.o(i.MQ2_Init)
    MemManage_Handler                        0x08000b49   Thumb Code     4  gd32f10x_it.o(i.MemManage_Handler)
    NMI_Handler                              0x08000b4d   Thumb Code     4  gd32f10x_it.o(i.NMI_Handler)
    OLED_Clear                               0x08000b51   Thumb Code    36  oled.o(i.OLED_Clear)
    OLED_ClearArea                           0x08000b79   Thumb Code   162  oled.o(i.OLED_ClearArea)
    OLED_GPIO_Init                           0x08000c21   Thumb Code    72  oled.o(i.OLED_GPIO_Init)
    OLED_I2C_SendByte                        0x08000c6d   Thumb Code    62  oled.o(i.OLED_I2C_SendByte)
    OLED_I2C_Start                           0x08000cab   Thumb Code    28  oled.o(i.OLED_I2C_Start)
    OLED_I2C_Stop                            0x08000cc7   Thumb Code    22  oled.o(i.OLED_I2C_Stop)
    OLED_Init                                0x08000cdd   Thumb Code   154  oled.o(i.OLED_Init)
    OLED_SetCursor                           0x08000d77   Thumb Code    34  oled.o(i.OLED_SetCursor)
    OLED_ShowChar                            0x08000d99   Thumb Code    74  oled.o(i.OLED_ShowChar)
    OLED_ShowImage                           0x08000ded   Thumb Code   296  oled.o(i.OLED_ShowImage)
    OLED_ShowString                          0x08000f19   Thumb Code    46  oled.o(i.OLED_ShowString)
    OLED_Update                              0x08000f49   Thumb Code    36  oled.o(i.OLED_Update)
    OLED_W_SCL                               0x08000f71   Thumb Code    24  oled.o(i.OLED_W_SCL)
    OLED_W_SDA                               0x08000f8d   Thumb Code    24  oled.o(i.OLED_W_SDA)
    OLED_WriteCommand                        0x08000fa9   Thumb Code    32  oled.o(i.OLED_WriteCommand)
    OLED_WriteData                           0x08000fc9   Thumb Code    46  oled.o(i.OLED_WriteData)
    SysTick_Handler                          0x08000ff9   Thumb Code    46  port.o(i.SysTick_Handler)
    SystemInit                               0x0800102d   Thumb Code   264  system_gd32f10x.o(i.SystemInit)
    USART0_IRQHandler                        0x08001145   Thumb Code   100  gd32f10x_it.o(i.USART0_IRQHandler)
    UsageFault_Handler                       0x080011b9   Thumb Code     4  gd32f10x_it.o(i.UsageFault_Handler)
    _is_digit                                0x080011bd   Thumb Code    14  __printf_wp.o(i._is_digit)
    adc_calibration_enable                   0x080011e7   Thumb Code    42  gd32f10x_adc.o(i.adc_calibration_enable)
    adc_channel_length_config                0x08001211   Thumb Code    70  gd32f10x_adc.o(i.adc_channel_length_config)
    adc_data_alignment_config                0x08001257   Thumb Code    22  gd32f10x_adc.o(i.adc_data_alignment_config)
    adc_deinit                               0x0800126d   Thumb Code    84  gd32f10x_adc.o(i.adc_deinit)
    adc_enable                               0x080012c5   Thumb Code    18  gd32f10x_adc.o(i.adc_enable)
    adc_external_trigger_config              0x080012d7   Thumb Code    62  gd32f10x_adc.o(i.adc_external_trigger_config)
    adc_external_trigger_source_config       0x08001315   Thumb Code    48  gd32f10x_adc.o(i.adc_external_trigger_source_config)
    adc_flag_clear                           0x08001345   Thumb Code     8  gd32f10x_adc.o(i.adc_flag_clear)
    adc_flag_get                             0x0800134d   Thumb Code    14  gd32f10x_adc.o(i.adc_flag_get)
    adc_mode_config                          0x0800135d   Thumb Code    22  gd32f10x_adc.o(i.adc_mode_config)
    adc_regular_channel_config               0x08001379   Thumb Code   172  gd32f10x_adc.o(i.adc_regular_channel_config)
    adc_regular_data_read                    0x08001425   Thumb Code     8  gd32f10x_adc.o(i.adc_regular_data_read)
    adc_software_trigger_enable              0x0800142d   Thumb Code    30  gd32f10x_adc.o(i.adc_software_trigger_enable)
    gpio_bit_write                           0x0800144b   Thumb Code    10  gd32f10x_gpio.o(i.gpio_bit_write)
    gpio_init                                0x08001455   Thumb Code   172  gd32f10x_gpio.o(i.gpio_init)
    gpio_input_bit_get                       0x08001501   Thumb Code    18  gd32f10x_gpio.o(i.gpio_input_bit_get)
    main                                     0x08001515   Thumb Code   174  main.o(i.main)
    nvic_irq_enable                          0x0800161d   Thumb Code   254  gd32f10x_misc.o(i.nvic_irq_enable)
    nvic_priority_group_set                  0x08001725   Thumb Code    10  gd32f10x_misc.o(i.nvic_priority_group_set)
    nvic_vector_table_set                    0x08001739   Thumb Code    16  gd32f10x_misc.o(i.nvic_vector_table_set)
    pvPortMalloc                             0x08001db1   Thumb Code   240  heap_4.o(i.pvPortMalloc)
    pxPortInitialiseStack                    0x08001eb5   Thumb Code    30  port.o(i.pxPortInitialiseStack)
    rcu_adc_clock_config                     0x08001ed9   Thumb Code    64  gd32f10x_rcu.o(i.rcu_adc_clock_config)
    rcu_clock_freq_get                       0x08001f21   Thumb Code   264  gd32f10x_rcu.o(i.rcu_clock_freq_get)
    rcu_periph_clock_enable                  0x08002045   Thumb Code    28  gd32f10x_rcu.o(i.rcu_periph_clock_enable)
    rcu_periph_reset_disable                 0x08002065   Thumb Code    28  gd32f10x_rcu.o(i.rcu_periph_reset_disable)
    rcu_periph_reset_enable                  0x08002085   Thumb Code    28  gd32f10x_rcu.o(i.rcu_periph_reset_enable)
    uart_init                                0x08002179   Thumb Code   120  uart.o(i.uart_init)
    usart_baudrate_set                       0x080021fd   Thumb Code   136  gd32f10x_usart.o(i.usart_baudrate_set)
    usart_data_receive                       0x0800228d   Thumb Code    10  gd32f10x_usart.o(i.usart_data_receive)
    usart_data_transmit                      0x08002297   Thumb Code     8  gd32f10x_usart.o(i.usart_data_transmit)
    usart_deinit                             0x080022a1   Thumb Code   136  gd32f10x_usart.o(i.usart_deinit)
    usart_enable                             0x08002331   Thumb Code    10  gd32f10x_usart.o(i.usart_enable)
    usart_flag_get                           0x0800233b   Thumb Code    32  gd32f10x_usart.o(i.usart_flag_get)
    usart_interrupt_enable                   0x0800235b   Thumb Code    26  gd32f10x_usart.o(i.usart_interrupt_enable)
    usart_interrupt_flag_get                 0x08002375   Thumb Code    58  gd32f10x_usart.o(i.usart_interrupt_flag_get)
    usart_receive_config                     0x080023af   Thumb Code    16  gd32f10x_usart.o(i.usart_receive_config)
    usart_send_string                        0x080023bf   Thumb Code    40  uart.o(i.usart_send_string)
    usart_transmit_config                    0x080023e7   Thumb Code    16  gd32f10x_usart.o(i.usart_transmit_config)
    uxListRemove                             0x080023f7   Thumb Code    40  list.o(i.uxListRemove)
    uxTaskGetNumberOfTasks                   0x08002421   Thumb Code     6  tasks.o(i.uxTaskGetNumberOfTasks)
    vListInitialise                          0x0800242d   Thumb Code    26  list.o(i.vListInitialise)
    vListInitialiseItem                      0x08002447   Thumb Code     6  list.o(i.vListInitialiseItem)
    vListInsert                              0x0800244d   Thumb Code    52  list.o(i.vListInsert)
    vPortEnterCritical                       0x08002481   Thumb Code    30  port.o(i.vPortEnterCritical)
    vPortExitCritical                        0x080024a5   Thumb Code    28  port.o(i.vPortExitCritical)
    vPortFree                                0x080024c5   Thumb Code    68  heap_4.o(i.vPortFree)
    vPortSetupTimerInterrupt                 0x08002511   Thumb Code    36  port.o(i.vPortSetupTimerInterrupt)
    vTaskDHT11                               0x08002539   Thumb Code    92  main.o(i.vTaskDHT11)
    vTaskDelay                               0x080025d9   Thumb Code    46  tasks.o(i.vTaskDelay)
    vTaskInternalSetTimeOutState             0x0800260d   Thumb Code    14  tasks.o(i.vTaskInternalSetTimeOutState)
    vTaskKEY                                 0x08002625   Thumb Code    26  main.o(i.vTaskKEY)
    vTaskLED                                 0x0800263f   Thumb Code    16  main.o(i.vTaskLED)
    vTaskMQ2                                 0x08002651   Thumb Code    56  main.o(i.vTaskMQ2)
    vTaskMissedYield                         0x0800269d   Thumb Code     8  tasks.o(i.vTaskMissedYield)
    vTaskOLED                                0x080026a9   Thumb Code   212  main.o(i.vTaskOLED)
    vTaskPlaceOnEventList                    0x080027f5   Thumb Code    28  tasks.o(i.vTaskPlaceOnEventList)
    vTaskStartScheduler                      0x08002815   Thumb Code    60  tasks.o(i.vTaskStartScheduler)
    vTaskSuspendAll                          0x08002861   Thumb Code    12  tasks.o(i.vTaskSuspendAll)
    vTaskSwitchContext                       0x08002871   Thumb Code    84  tasks.o(i.vTaskSwitchContext)
    vTaskUartCmd                             0x080028d9   Thumb Code   124  main.o(i.vTaskUartCmd)
    xPortStartScheduler                      0x08002975   Thumb Code    42  port.o(i.xPortStartScheduler)
    xQueueGenericCreate                      0x080029a9   Thumb Code    76  queue.o(i.xQueueGenericCreate)
    xQueueGenericReset                       0x080029f5   Thumb Code   156  queue.o(i.xQueueGenericReset)
    xQueueGenericSendFromISR                 0x08002a95   Thumb Code   154  queue.o(i.xQueueGenericSendFromISR)
    xQueueReceive                            0x08002b31   Thumb Code   256  queue.o(i.xQueueReceive)
    xTaskCheckForTimeOut                     0x08002c35   Thumb Code    88  tasks.o(i.xTaskCheckForTimeOut)
    xTaskCreate                              0x08002c95   Thumb Code    56  tasks.o(i.xTaskCreate)
    xTaskIncrementTick                       0x08002ccd   Thumb Code   372  tasks.o(i.xTaskIncrementTick)
    xTaskRemoveFromEventList                 0x08002e6d   Thumb Code   256  tasks.o(i.xTaskRemoveFromEventList)
    xTaskResumeAll                           0x08002f85   Thumb Code   340  tasks.o(i.xTaskResumeAll)
    OLED_F8x16                               0x080030fc   Data        1520  oled_data.o(.constdata)
    OLED_F6x8                                0x080036ec   Data         570  oled_data.o(.constdata)
    OLED_CF16x16                             0x08003926   Data          35  oled_data.o(.constdata)
    Diode                                    0x08003949   Data          32  oled_data.o(.constdata)
    Battery                                  0x08003969   Data          16  oled_data.o(.constdata)
    emoj                                     0x08003979   Data         512  oled_data.o(.constdata)
    Region$$Table$$Base                      0x08003b8c   Number         0  anon$$obj.o(Region$$Table)
    Region$$Table$$Limit                     0x08003bac   Number         0  anon$$obj.o(Region$$Table)
    uart_rx_queue                            0x20000004   Data           4  uart.o(.data)
    SystemCoreClock                          0x2000000c   Data           4  system_gd32f10x.o(.data)
    pxCurrentTCB                             0x20000010   Data           4  tasks.o(.data)
    OLED_DisplayBuf                          0x20000070   Data        1024  oled.o(.bss)
    __libspace_start                         0x20005538   Data          96  libspace.o(.bss)
    __temporary_stack_top$libspace           0x20005598   Data           0  libspace.o(.bss)



==============================================================================

Memory Map of the image

  Image Entry point : 0x08000105

  Load Region LR_IROM1 (Base: 0x08000000, Size: 0x00003c1c, Max: 0x00080000, ABSOLUTE)

    Execution Region ER_IROM1 (Exec base: 0x08000000, Load base: 0x08000000, Size: 0x00003bac, Max: 0x00080000, ABSOLUTE)

    Exec Addr    Load Addr    Size         Type   Attr      Idx    E Section Name        Object

    0x08000000   0x08000000   0x00000104   Data   RO            3    RESET               startup_gd32f10x_md.o
    0x08000104   0x08000104   0x00000008   Code   RO         5430  * !!!main             c_w.l(__main.o)
    0x0800010c   0x0800010c   0x00000034   Code   RO         5837    !!!scatter          c_w.l(__scatter.o)
    0x08000140   0x08000140   0x0000001a   Code   RO         5839    !!handler_copy      c_w.l(__scatter_copy.o)
    0x0800015a   0x0800015a   0x00000002   PAD
    0x0800015c   0x0800015c   0x0000001c   Code   RO         5841    !!handler_zi        c_w.l(__scatter_zi.o)
    0x08000178   0x08000178   0x00000000   Code   RO         5417    .ARM.Collect$$_printf_percent$$00000000  c_w.l(_printf_percent.o)
    0x08000178   0x08000178   0x00000006   Code   RO         5416    .ARM.Collect$$_printf_percent$$00000009  c_w.l(_printf_d.o)
    0x0800017e   0x0800017e   0x00000004   Code   RO         5549    .ARM.Collect$$_printf_percent$$00000017  c_w.l(_printf_percent_end.o)
    0x08000182   0x08000182   0x00000002   Code   RO         5699    .ARM.Collect$$libinit$$00000000  c_w.l(libinit.o)
    0x08000184   0x08000184   0x00000000   Code   RO         5710    .ARM.Collect$$libinit$$00000002  c_w.l(libinit2.o)
    0x08000184   0x08000184   0x00000000   Code   RO         5712    .ARM.Collect$$libinit$$00000004  c_w.l(libinit2.o)
    0x08000184   0x08000184   0x00000000   Code   RO         5715    .ARM.Collect$$libinit$$0000000A  c_w.l(libinit2.o)
    0x08000184   0x08000184   0x00000000   Code   RO         5717    .ARM.Collect$$libinit$$0000000C  c_w.l(libinit2.o)
    0x08000184   0x08000184   0x00000000   Code   RO         5719    .ARM.Collect$$libinit$$0000000E  c_w.l(libinit2.o)
    0x08000184   0x08000184   0x00000000   Code   RO         5722    .ARM.Collect$$libinit$$00000011  c_w.l(libinit2.o)
    0x08000184   0x08000184   0x00000000   Code   RO         5724    .ARM.Collect$$libinit$$00000013  c_w.l(libinit2.o)
    0x08000184   0x08000184   0x00000000   Code   RO         5726    .ARM.Collect$$libinit$$00000015  c_w.l(libinit2.o)
    0x08000184   0x08000184   0x00000000   Code   RO         5728    .ARM.Collect$$libinit$$00000017  c_w.l(libinit2.o)
    0x08000184   0x08000184   0x00000000   Code   RO         5730    .ARM.Collect$$libinit$$00000019  c_w.l(libinit2.o)
    0x08000184   0x08000184   0x00000000   Code   RO         5732    .ARM.Collect$$libinit$$0000001B  c_w.l(libinit2.o)
    0x08000184   0x08000184   0x00000000   Code   RO         5734    .ARM.Collect$$libinit$$0000001D  c_w.l(libinit2.o)
    0x08000184   0x08000184   0x00000000   Code   RO         5736    .ARM.Collect$$libinit$$0000001F  c_w.l(libinit2.o)
    0x08000184   0x08000184   0x00000000   Code   RO         5738    .ARM.Collect$$libinit$$00000021  c_w.l(libinit2.o)
    0x08000184   0x08000184   0x00000000   Code   RO         5740    .ARM.Collect$$libinit$$00000023  c_w.l(libinit2.o)
    0x08000184   0x08000184   0x00000000   Code   RO         5742    .ARM.Collect$$libinit$$00000025  c_w.l(libinit2.o)
    0x08000184   0x08000184   0x00000000   Code   RO         5746    .ARM.Collect$$libinit$$0000002C  c_w.l(libinit2.o)
    0x08000184   0x08000184   0x00000000   Code   RO         5748    .ARM.Collect$$libinit$$0000002E  c_w.l(libinit2.o)
    0x08000184   0x08000184   0x00000000   Code   RO         5750    .ARM.Collect$$libinit$$00000030  c_w.l(libinit2.o)
    0x08000184   0x08000184   0x00000000   Code   RO         5752    .ARM.Collect$$libinit$$00000032  c_w.l(libinit2.o)
    0x08000184   0x08000184   0x00000002   Code   RO         5753    .ARM.Collect$$libinit$$00000033  c_w.l(libinit2.o)
    0x08000186   0x08000186   0x00000002   Code   RO         5777    .ARM.Collect$$libshutdown$$00000000  c_w.l(libshutdown.o)
    0x08000188   0x08000188   0x00000000   Code   RO         5790    .ARM.Collect$$libshutdown$$00000002  c_w.l(libshutdown2.o)
    0x08000188   0x08000188   0x00000000   Code   RO         5792    .ARM.Collect$$libshutdown$$00000004  c_w.l(libshutdown2.o)
    0x08000188   0x08000188   0x00000000   Code   RO         5795    .ARM.Collect$$libshutdown$$00000007  c_w.l(libshutdown2.o)
    0x08000188   0x08000188   0x00000000   Code   RO         5798    .ARM.Collect$$libshutdown$$0000000A  c_w.l(libshutdown2.o)
    0x08000188   0x08000188   0x00000000   Code   RO         5800    .ARM.Collect$$libshutdown$$0000000C  c_w.l(libshutdown2.o)
    0x08000188   0x08000188   0x00000000   Code   RO         5803    .ARM.Collect$$libshutdown$$0000000F  c_w.l(libshutdown2.o)
    0x08000188   0x08000188   0x00000002   Code   RO         5804    .ARM.Collect$$libshutdown$$00000010  c_w.l(libshutdown2.o)
    0x0800018a   0x0800018a   0x00000000   Code   RO         5488    .ARM.Collect$$rtentry$$00000000  c_w.l(__rtentry.o)
    0x0800018a   0x0800018a   0x00000000   Code   RO         5610    .ARM.Collect$$rtentry$$00000002  c_w.l(__rtentry2.o)
    0x0800018a   0x0800018a   0x00000006   Code   RO         5622    .ARM.Collect$$rtentry$$00000004  c_w.l(__rtentry4.o)
    0x08000190   0x08000190   0x00000000   Code   RO         5612    .ARM.Collect$$rtentry$$00000009  c_w.l(__rtentry2.o)
    0x08000190   0x08000190   0x00000004   Code   RO         5613    .ARM.Collect$$rtentry$$0000000A  c_w.l(__rtentry2.o)
    0x08000194   0x08000194   0x00000000   Code   RO         5615    .ARM.Collect$$rtentry$$0000000C  c_w.l(__rtentry2.o)
    0x08000194   0x08000194   0x00000008   Code   RO         5616    .ARM.Collect$$rtentry$$0000000D  c_w.l(__rtentry2.o)
    0x0800019c   0x0800019c   0x00000002   Code   RO         5704    .ARM.Collect$$rtexit$$00000000  c_w.l(rtexit.o)
    0x0800019e   0x0800019e   0x00000000   Code   RO         5757    .ARM.Collect$$rtexit$$00000002  c_w.l(rtexit2.o)
    0x0800019e   0x0800019e   0x00000004   Code   RO         5758    .ARM.Collect$$rtexit$$00000003  c_w.l(rtexit2.o)
    0x080001a2   0x080001a2   0x00000006   Code   RO         5759    .ARM.Collect$$rtexit$$00000004  c_w.l(rtexit2.o)
    0x080001a8   0x080001a8   0x00000096   Code   RO         5305    .emb_text           port.o
    0x0800023e   0x0800023e   0x00000002   PAD
    0x08000240   0x08000240   0x00000040   Code   RO            4    .text               startup_gd32f10x_md.o
    0x08000280   0x08000280   0x00000038   Code   RO         5386    .text               c_w.l(__2snprintf.o)
    0x080002b8   0x080002b8   0x0000004e   Code   RO         5392    .text               c_w.l(_printf_pad.o)
    0x08000306   0x08000306   0x00000002   PAD
    0x08000308   0x08000308   0x00000078   Code   RO         5394    .text               c_w.l(_printf_dec.o)
    0x08000380   0x08000380   0x00000188   Code   RO         5413    .text               c_w.l(__printf_flags_ss_wp.o)
    0x08000508   0x08000508   0x00000024   Code   RO         5418    .text               c_w.l(strstr.o)
    0x0800052c   0x0800052c   0x0000008a   Code   RO         5420    .text               c_w.l(rt_memcpy_v6.o)
    0x080005b6   0x080005b6   0x0000004e   Code   RO         5424    .text               c_w.l(rt_memclr_w.o)
    0x08000604   0x08000604   0x00000006   Code   RO         5428    .text               c_w.l(heapauxi.o)
    0x0800060a   0x0800060a   0x000000b2   Code   RO         5495    .text               c_w.l(_printf_intcommon.o)
    0x080006bc   0x080006bc   0x00000030   Code   RO         5499    .text               c_w.l(_printf_char_common.o)
    0x080006ec   0x080006ec   0x0000000a   Code   RO         5501    .text               c_w.l(_sputc.o)
    0x080006f6   0x080006f6   0x00000010   Code   RO         5503    .text               c_w.l(_snputc.o)
    0x08000706   0x08000706   0x00000064   Code   RO         5559    .text               c_w.l(rt_memcpy_w.o)
    0x0800076a   0x0800076a   0x00000002   PAD
    0x0800076c   0x0800076c   0x00000008   Code   RO         5650    .text               c_w.l(libspace.o)
    0x08000774   0x08000774   0x0000004a   Code   RO         5653    .text               c_w.l(sys_stackheap_outer.o)
    0x080007be   0x080007be   0x00000012   Code   RO         5692    .text               c_w.l(exit.o)
    0x080007d0   0x080007d0   0x0000000c   Code   RO         5769    .text               c_w.l(sys_exit.o)
    0x080007dc   0x080007dc   0x00000002   Code   RO         5780    .text               c_w.l(use_no_semi.o)
    0x080007de   0x080007de   0x00000000   Code   RO         5782    .text               c_w.l(indicate_semi.o)
    0x080007de   0x080007de   0x00000004   Code   RO         4152    i.BusFault_Handler  gd32f10x_it.o
    0x080007e2   0x080007e2   0x00000002   PAD
    0x080007e4   0x080007e4   0x00000034   Code   RO          302    i.DHT11_DelayUs     dht11.o
    0x08000818   0x08000818   0x00000012   Code   RO          303    i.DHT11_Init        dht11.o
    0x0800082a   0x0800082a   0x0000013c   Code   RO          304    i.DHT11_ReadData    dht11.o
    0x08000966   0x08000966   0x00000002   PAD
    0x08000968   0x08000968   0x00000014   Code   RO          305    i.DHT11_ReadLine    dht11.o
    0x0800097c   0x0800097c   0x00000018   Code   RO          306    i.DHT11_SetInput    dht11.o
    0x08000994   0x08000994   0x00000018   Code   RO          307    i.DHT11_SetOutput   dht11.o
    0x080009ac   0x080009ac   0x00000018   Code   RO          308    i.DHT11_WriteLine   dht11.o
    0x080009c4   0x080009c4   0x00000004   Code   RO         4153    i.DebugMon_Handler  gd32f10x_it.o
    0x080009c8   0x080009c8   0x00000004   Code   RO         4154    i.HardFault_Handler  gd32f10x_it.o
    0x080009cc   0x080009cc   0x0000001c   Code   RO          178    i.KEY_Init          key.o
    0x080009e8   0x080009e8   0x00000044   Code   RO          179    i.KEY_Scan          key.o
    0x08000a2c   0x08000a2c   0x00000014   Code   RO          137    i.LED1_Off          led.o
    0x08000a40   0x08000a40   0x00000014   Code   RO          138    i.LED1_On           led.o
    0x08000a54   0x08000a54   0x00000024   Code   RO          139    i.LED1_Toggle       led.o
    0x08000a78   0x08000a78   0x00000028   Code   RO          140    i.LED_Init          led.o
    0x08000aa0   0x08000aa0   0x0000002c   Code   RO           12    i.MQ2_GetData       mq2.o
    0x08000acc   0x08000acc   0x0000007c   Code   RO           13    i.MQ2_Init          mq2.o
    0x08000b48   0x08000b48   0x00000004   Code   RO         4155    i.MemManage_Handler  gd32f10x_it.o
    0x08000b4c   0x08000b4c   0x00000004   Code   RO         4156    i.NMI_Handler       gd32f10x_it.o
    0x08000b50   0x08000b50   0x00000028   Code   RO          356    i.OLED_Clear        oled.o
    0x08000b78   0x08000b78   0x000000a8   Code   RO          357    i.OLED_ClearArea    oled.o
    0x08000c20   0x08000c20   0x0000004c   Code   RO          365    i.OLED_GPIO_Init    oled.o
    0x08000c6c   0x08000c6c   0x0000003e   Code   RO          367    i.OLED_I2C_SendByte  oled.o
    0x08000caa   0x08000caa   0x0000001c   Code   RO          368    i.OLED_I2C_Start    oled.o
    0x08000cc6   0x08000cc6   0x00000016   Code   RO          369    i.OLED_I2C_Stop     oled.o
    0x08000cdc   0x08000cdc   0x0000009a   Code   RO          370    i.OLED_Init         oled.o
    0x08000d76   0x08000d76   0x00000022   Code   RO          376    i.OLED_SetCursor    oled.o
    0x08000d98   0x08000d98   0x00000054   Code   RO          378    i.OLED_ShowChar     oled.o
    0x08000dec   0x08000dec   0x0000012c   Code   RO          382    i.OLED_ShowImage    oled.o
    0x08000f18   0x08000f18   0x0000002e   Code   RO          385    i.OLED_ShowString   oled.o
    0x08000f46   0x08000f46   0x00000002   PAD
    0x08000f48   0x08000f48   0x00000028   Code   RO          386    i.OLED_Update       oled.o
    0x08000f70   0x08000f70   0x0000001c   Code   RO          388    i.OLED_W_SCL        oled.o
    0x08000f8c   0x08000f8c   0x0000001c   Code   RO          389    i.OLED_W_SDA        oled.o
    0x08000fa8   0x08000fa8   0x00000020   Code   RO          390    i.OLED_WriteCommand  oled.o
    0x08000fc8   0x08000fc8   0x0000002e   Code   RO          391    i.OLED_WriteData    oled.o
    0x08000ff6   0x08000ff6   0x00000002   PAD
    0x08000ff8   0x08000ff8   0x00000034   Code   RO         5306    i.SysTick_Handler   port.o
    0x0800102c   0x0800102c   0x00000118   Code   RO         4303    i.SystemInit        system_gd32f10x.o
    0x08001144   0x08001144   0x00000074   Code   RO         4157    i.USART0_IRQHandler  gd32f10x_it.o
    0x080011b8   0x080011b8   0x00000004   Code   RO         4158    i.UsageFault_Handler  gd32f10x_it.o
    0x080011bc   0x080011bc   0x0000000e   Code   RO         5406    i._is_digit         c_w.l(__printf_wp.o)
    0x080011ca   0x080011ca   0x0000001c   Code   RO         4304    i._soft_delay_      system_gd32f10x.o
    0x080011e6   0x080011e6   0x0000002a   Code   RO          628    i.adc_calibration_enable  gd32f10x_adc.o
    0x08001210   0x08001210   0x00000046   Code   RO          629    i.adc_channel_length_config  gd32f10x_adc.o
    0x08001256   0x08001256   0x00000016   Code   RO          630    i.adc_data_alignment_config  gd32f10x_adc.o
    0x0800126c   0x0800126c   0x00000058   Code   RO          631    i.adc_deinit        gd32f10x_adc.o
    0x080012c4   0x080012c4   0x00000012   Code   RO          636    i.adc_enable        gd32f10x_adc.o
    0x080012d6   0x080012d6   0x0000003e   Code   RO          637    i.adc_external_trigger_config  gd32f10x_adc.o
    0x08001314   0x08001314   0x00000030   Code   RO          638    i.adc_external_trigger_source_config  gd32f10x_adc.o
    0x08001344   0x08001344   0x00000008   Code   RO          639    i.adc_flag_clear    gd32f10x_adc.o
    0x0800134c   0x0800134c   0x0000000e   Code   RO          640    i.adc_flag_get      gd32f10x_adc.o
    0x0800135a   0x0800135a   0x00000002   PAD
    0x0800135c   0x0800135c   0x0000001c   Code   RO          649    i.adc_mode_config   gd32f10x_adc.o
    0x08001378   0x08001378   0x000000ac   Code   RO          650    i.adc_regular_channel_config  gd32f10x_adc.o
    0x08001424   0x08001424   0x00000008   Code   RO          651    i.adc_regular_data_read  gd32f10x_adc.o
    0x0800142c   0x0800142c   0x0000001e   Code   RO          653    i.adc_software_trigger_enable  gd32f10x_adc.o
    0x0800144a   0x0800144a   0x0000000a   Code   RO         2118    i.gpio_bit_write    gd32f10x_gpio.o
    0x08001454   0x08001454   0x000000ac   Code   RO         2124    i.gpio_init         gd32f10x_gpio.o
    0x08001500   0x08001500   0x00000012   Code   RO         2125    i.gpio_input_bit_get  gd32f10x_gpio.o
    0x08001512   0x08001512   0x00000002   PAD
    0x08001514   0x08001514   0x00000108   Code   RO         4241    i.main              main.o
    0x0800161c   0x0800161c   0x00000108   Code   RO         2432    i.nvic_irq_enable   gd32f10x_misc.o
    0x08001724   0x08001724   0x00000014   Code   RO         2433    i.nvic_priority_group_set  gd32f10x_misc.o
    0x08001738   0x08001738   0x00000018   Code   RO         2434    i.nvic_vector_table_set  gd32f10x_misc.o
    0x08001750   0x08001750   0x000000cc   Code   RO         4883    i.prvAddCurrentTaskToDelayedList  tasks.o
    0x0800181c   0x0800181c   0x000000f0   Code   RO         4884    i.prvAddNewTaskToReadyList  tasks.o
    0x0800190c   0x0800190c   0x00000048   Code   RO         4885    i.prvCheckTasksWaitingTermination  tasks.o
    0x08001954   0x08001954   0x0000002a   Code   RO         4557    i.prvCopyDataFromQueue  queue.o
    0x0800197e   0x0800197e   0x0000006a   Code   RO         4558    i.prvCopyDataToQueue  queue.o
    0x080019e8   0x080019e8   0x00000078   Code   RO         4886    i.prvCreateIdleTasks  tasks.o
    0x08001a60   0x08001a60   0x0000005a   Code   RO         4887    i.prvCreateTask     tasks.o
    0x08001aba   0x08001aba   0x00000012   Code   RO         4888    i.prvDeleteTCB      tasks.o
    0x08001acc   0x08001acc   0x0000006c   Code   RO         5224    i.prvHeapInit       heap_4.o
    0x08001b38   0x08001b38   0x00000028   Code   RO         4889    i.prvIdleTask       tasks.o
    0x08001b60   0x08001b60   0x00000026   Code   RO         4559    i.prvInitialiseNewQueue  queue.o
    0x08001b86   0x08001b86   0x0000007a   Code   RO         4890    i.prvInitialiseNewTask  tasks.o
    0x08001c00   0x08001c00   0x00000068   Code   RO         4891    i.prvInitialiseTaskLists  tasks.o
    0x08001c68   0x08001c68   0x00000068   Code   RO         5225    i.prvInsertBlockIntoFreeList  heap_4.o
    0x08001cd0   0x08001cd0   0x0000001a   Code   RO         4560    i.prvIsQueueEmpty   queue.o
    0x08001cea   0x08001cea   0x00000002   PAD
    0x08001cec   0x08001cec   0x00000030   Code   RO         4892    i.prvResetNextTaskUnblockTime  tasks.o
    0x08001d1c   0x08001d1c   0x00000016   Code   RO         5307    i.prvTaskExitError  port.o
    0x08001d32   0x08001d32   0x0000007e   Code   RO         4562    i.prvUnlockQueue    queue.o
    0x08001db0   0x08001db0   0x00000104   Code   RO         5227    i.pvPortMalloc      heap_4.o
    0x08001eb4   0x08001eb4   0x00000024   Code   RO         5308    i.pxPortInitialiseStack  port.o
    0x08001ed8   0x08001ed8   0x00000048   Code   RO         2578    i.rcu_adc_clock_config  gd32f10x_rcu.o
    0x08001f20   0x08001f20   0x00000124   Code   RO         2586    i.rcu_clock_freq_get  gd32f10x_rcu.o
    0x08002044   0x08002044   0x00000020   Code   RO         2603    i.rcu_periph_clock_enable  gd32f10x_rcu.o
    0x08002064   0x08002064   0x00000020   Code   RO         2606    i.rcu_periph_reset_disable  gd32f10x_rcu.o
    0x08002084   0x08002084   0x00000020   Code   RO         2607    i.rcu_periph_reset_enable  gd32f10x_rcu.o
    0x080020a4   0x080020a4   0x000000cc   Code   RO         4306    i.system_clock_108m_hxtal  system_gd32f10x.o
    0x08002170   0x08002170   0x00000008   Code   RO         4307    i.system_clock_config  system_gd32f10x.o
    0x08002178   0x08002178   0x00000084   Code   RO          237    i.uart_init         uart.o
    0x080021fc   0x080021fc   0x00000090   Code   RO         3825    i.usart_baudrate_set  gd32f10x_usart.o
    0x0800228c   0x0800228c   0x0000000a   Code   RO         3826    i.usart_data_receive  gd32f10x_usart.o
    0x08002296   0x08002296   0x00000008   Code   RO         3827    i.usart_data_transmit  gd32f10x_usart.o
    0x0800229e   0x0800229e   0x00000002   PAD
    0x080022a0   0x080022a0   0x00000090   Code   RO         3828    i.usart_deinit      gd32f10x_usart.o
    0x08002330   0x08002330   0x0000000a   Code   RO         3832    i.usart_enable      gd32f10x_usart.o
    0x0800233a   0x0800233a   0x00000020   Code   RO         3834    i.usart_flag_get    gd32f10x_usart.o
    0x0800235a   0x0800235a   0x0000001a   Code   RO         3841    i.usart_interrupt_enable  gd32f10x_usart.o
    0x08002374   0x08002374   0x0000003a   Code   RO         3843    i.usart_interrupt_flag_get  gd32f10x_usart.o
    0x080023ae   0x080023ae   0x00000010   Code   RO         3855    i.usart_receive_config  gd32f10x_usart.o
    0x080023be   0x080023be   0x00000028   Code   RO          238    i.usart_send_string  uart.o
    0x080023e6   0x080023e6   0x00000010   Code   RO         3865    i.usart_transmit_config  gd32f10x_usart.o
    0x080023f6   0x080023f6   0x00000028   Code   RO         4513    i.uxListRemove      list.o
    0x0800241e   0x0800241e   0x00000002   PAD
    0x08002420   0x08002420   0x0000000c   Code   RO         4896    i.uxTaskGetNumberOfTasks  tasks.o
    0x0800242c   0x0800242c   0x0000001a   Code   RO         4514    i.vListInitialise   list.o
    0x08002446   0x08002446   0x00000006   Code   RO         4515    i.vListInitialiseItem  list.o
    0x0800244c   0x0800244c   0x00000034   Code   RO         4516    i.vListInsert       list.o
    0x08002480   0x08002480   0x00000024   Code   RO         5310    i.vPortEnterCritical  port.o
    0x080024a4   0x080024a4   0x00000020   Code   RO         5311    i.vPortExitCritical  port.o
    0x080024c4   0x080024c4   0x0000004c   Code   RO         5228    i.vPortFree         heap_4.o
    0x08002510   0x08002510   0x00000028   Code   RO         5312    i.vPortSetupTimerInterrupt  port.o
    0x08002538   0x08002538   0x000000a0   Code   RO         4242    i.vTaskDHT11        main.o
    0x080025d8   0x080025d8   0x00000034   Code   RO         4900    i.vTaskDelay        tasks.o
    0x0800260c   0x0800260c   0x00000018   Code   RO         4904    i.vTaskInternalSetTimeOutState  tasks.o
    0x08002624   0x08002624   0x0000001a   Code   RO         4243    i.vTaskKEY          main.o
    0x0800263e   0x0800263e   0x00000010   Code   RO         4244    i.vTaskLED          main.o
    0x0800264e   0x0800264e   0x00000002   PAD
    0x08002650   0x08002650   0x0000004c   Code   RO         4245    i.vTaskMQ2          main.o
    0x0800269c   0x0800269c   0x0000000c   Code   RO         4905    i.vTaskMissedYield  tasks.o
    0x080026a8   0x080026a8   0x0000014c   Code   RO         4246    i.vTaskOLED         main.o
    0x080027f4   0x080027f4   0x00000020   Code   RO         4906    i.vTaskPlaceOnEventList  tasks.o
    0x08002814   0x08002814   0x0000004c   Code   RO         4913    i.vTaskStartScheduler  tasks.o
    0x08002860   0x08002860   0x00000010   Code   RO         4915    i.vTaskSuspendAll   tasks.o
    0x08002870   0x08002870   0x00000068   Code   RO         4916    i.vTaskSwitchContext  tasks.o
    0x080028d8   0x080028d8   0x0000009c   Code   RO         4247    i.vTaskUartCmd      main.o
    0x08002974   0x08002974   0x00000034   Code   RO         5313    i.xPortStartScheduler  port.o
    0x080029a8   0x080029a8   0x0000004c   Code   RO         4569    i.xQueueGenericCreate  queue.o
    0x080029f4   0x080029f4   0x000000a0   Code   RO         4570    i.xQueueGenericReset  queue.o
    0x08002a94   0x08002a94   0x0000009a   Code   RO         4572    i.xQueueGenericSendFromISR  queue.o
    0x08002b2e   0x08002b2e   0x00000002   PAD
    0x08002b30   0x08002b30   0x00000104   Code   RO         4578    i.xQueueReceive     queue.o
    0x08002c34   0x08002c34   0x00000060   Code   RO         4918    i.xTaskCheckForTimeOut  tasks.o
    0x08002c94   0x08002c94   0x00000038   Code   RO         4919    i.xTaskCreate       tasks.o
    0x08002ccc   0x08002ccc   0x000001a0   Code   RO         4929    i.xTaskIncrementTick  tasks.o
    0x08002e6c   0x08002e6c   0x00000118   Code   RO         4930    i.xTaskRemoveFromEventList  tasks.o
    0x08002f84   0x08002f84   0x00000178   Code   RO         4931    i.xTaskResumeAll    tasks.o
    0x080030fc   0x080030fc   0x00000a7d   Data   RO          614    .constdata          oled_data.o
    0x08003b79   0x08003b79   0x00000011   Data   RO         5414    .constdata          c_w.l(__printf_flags_ss_wp.o)
    0x08003b8a   0x08003b8a   0x00000002   PAD
    0x08003b8c   0x08003b8c   0x00000020   Data   RO         5835    Region$$Table       anon$$obj.o


    Execution Region RW_IRAM1 (Exec base: 0x20000000, Load base: 0x08003bac, Size: 0x00005b98, Max: 0x00010000, ABSOLUTE)

    Exec Addr    Load Addr    Size         Type   Attr      Idx    E Section Name        Object

    0x20000000   0x08003bac   0x00000001   Data   RW          180    .data               key.o
    0x20000001   0x08003bad   0x00000003   PAD
    0x20000004   0x08003bb0   0x00000004   Data   RW          239    .data               uart.o
    0x20000008   0x08003bb4   0x00000003   Data   RW         4248    .data               main.o
    0x2000000b   0x08003bb7   0x00000001   PAD
    0x2000000c   0x08003bb8   0x00000004   Data   RW         4308    .data               system_gd32f10x.o
    0x20000010   0x08003bbc   0x00000040   Data   RW         4934    .data               tasks.o
    0x20000050   0x08003bfc   0x0000001c   Data   RW         5236    .data               heap_4.o
    0x2000006c   0x08003c18   0x00000004   Data   RW         5314    .data               port.o
    0x20000070        -       0x00000400   Zero   RW          393    .bss                oled.o
    0x20000470        -       0x000000c8   Zero   RW         4933    .bss                tasks.o
    0x20000538        -       0x00005000   Zero   RW         5235    .bss                heap_4.o
    0x20005538        -       0x00000060   Zero   RW         5651    .bss                c_w.l(libspace.o)
    0x20005598        -       0x00000200   Zero   RW            2    HEAP                startup_gd32f10x_md.o
    0x20005798        -       0x00000400   Zero   RW            1    STACK               startup_gd32f10x_md.o


==============================================================================

Image component sizes


      Code (inc. data)   RO Data    RW Data    ZI Data      Debug   Object Name

       478         32          0          0          0       4006   dht11.o
         0          0          0          0          0      12972   event_groups.o
       610         10          0          0          0       7511   gd32f10x_adc.o
       200          0          0          0          0       1954   gd32f10x_gpio.o
       140         16          0          0          0       2985   gd32f10x_it.o
       308         28          0          0          0      24223   gd32f10x_misc.o
       460         56          0          0          0       3155   gd32f10x_rcu.o
       464         16          0          0          0       5826   gd32f10x_usart.o
       548         56          0         28      20480       5027   heap_4.o
        96         14          0          1          0       1010   key.o
       116         18          0          0          0       1706   led.o
       124          0          0          0          0       2657   list.o
      1030        330          0          3          0       4720   main.o
       168         14          0          0          0      39173   mq2.o
      1188         40          0          0       1024      10403   oled.o
         0          0       2685          0          0       1299   oled_data.o
       420         48          0          4          0       9264   port.o
       988          8          0          0          0      11574   queue.o
        64         26        260          0       1536        868   startup_gd32f10x_md.o
       520         30          0          4          0       3195   system_gd32f10x.o
      2610        318          0         64        200      32750   tasks.o
       172         12          0          4          0      13360   uart.o

    ----------------------------------------------------------------------
     10728       1072       2977        112      23240     199638   Object Totals
         0          0         32          0          0          0   (incl. Generated)
        24          0          0          4          0          0   (incl. Padding)

    ----------------------------------------------------------------------

      Code (inc. data)   RO Data    RW Data    ZI Data      Debug   Library Member Name

        56          6          0          0          0         88   __2snprintf.o
         8          0          0          0          0         68   __main.o
       392          4         17          0          0         92   __printf_flags_ss_wp.o
        14          0          0          0          0         68   __printf_wp.o
         0          0          0          0          0          0   __rtentry.o
        12          0          0          0          0          0   __rtentry2.o
         6          0          0          0          0          0   __rtentry4.o
        52          8          0          0          0          0   __scatter.o
        26          0          0          0          0          0   __scatter_copy.o
        28          0          0          0          0          0   __scatter_zi.o
        48          6          0          0          0         96   _printf_char_common.o
         6          0          0          0          0          0   _printf_d.o
       120         16          0          0          0         92   _printf_dec.o
       178          0          0          0          0         88   _printf_intcommon.o
        78          0          0          0          0        108   _printf_pad.o
         0          0          0          0          0          0   _printf_percent.o
         4          0          0          0          0          0   _printf_percent_end.o
        16          0          0          0          0         68   _snputc.o
        10          0          0          0          0         68   _sputc.o
        18          0          0          0          0         80   exit.o
         6          0          0          0          0        152   heapauxi.o
         0          0          0          0          0          0   indicate_semi.o
         2          0          0          0          0          0   libinit.o
         2          0          0          0          0          0   libinit2.o
         2          0          0          0          0          0   libshutdown.o
         2          0          0          0          0          0   libshutdown2.o
         8          4          0          0         96         68   libspace.o
        78          0          0          0          0         80   rt_memclr_w.o
       138          0          0          0          0         68   rt_memcpy_v6.o
       100          0          0          0          0         80   rt_memcpy_w.o
         2          0          0          0          0          0   rtexit.o
        10          0          0          0          0          0   rtexit2.o
        36          0          0          0          0         80   strstr.o
        12          4          0          0          0         68   sys_exit.o
        74          0          0          0          0         80   sys_stackheap_outer.o
         2          0          0          0          0         68   use_no_semi.o

    ----------------------------------------------------------------------
      1552         48         19          0         96       1660   Library Totals
         6          0          2          0          0          0   (incl. Padding)

    ----------------------------------------------------------------------

      Code (inc. data)   RO Data    RW Data    ZI Data      Debug   Library Name

      1546         48         17          0         96       1660   c_w.l

    ----------------------------------------------------------------------
      1552         48         19          0         96       1660   Library Totals

    ----------------------------------------------------------------------

==============================================================================


      Code (inc. data)   RO Data    RW Data    ZI Data      Debug   

     12280       1120       2996        112      23336     193806   Grand Totals
     12280       1120       2996        112      23336     193806   ELF Image Totals
     12280       1120       2996        112          0          0   ROM Totals

==============================================================================

    Total RO  Size (Code + RO Data)                15276 (  14.92kB)
    Total RW  Size (RW Data + ZI Data)             23448 (  22.90kB)
    Total ROM Size (Code + RO Data + RW Data)      15388 (  15.03kB)

==============================================================================

