Component: ARM Compiler 5.06 update 6 (build 750) Tool: armlink [4d35ed]

==============================================================================

Section Cross References

    startup_gd32f10x_md.o(STACK) refers (Special) to heapauxi.o(.text) for __use_two_region_memory
    startup_gd32f10x_md.o(HEAP) refers (Special) to heapauxi.o(.text) for __use_two_region_memory
    startup_gd32f10x_md.o(RESET) refers (Special) to heapauxi.o(.text) for __use_two_region_memory
    startup_gd32f10x_md.o(RESET) refers to startup_gd32f10x_md.o(STACK) for __initial_sp
    startup_gd32f10x_md.o(RESET) refers to startup_gd32f10x_md.o(.text) for Reset_Handler
    startup_gd32f10x_md.o(RESET) refers to gd32f10x_it.o(i.NMI_Handler) for NMI_Handler
    startup_gd32f10x_md.o(RESET) refers to gd32f10x_it.o(i.HardFault_Handler) for HardFault_Handler
    startup_gd32f10x_md.o(RESET) refers to gd32f10x_it.o(i.MemManage_Handler) for MemManage_Handler
    startup_gd32f10x_md.o(RESET) refers to gd32f10x_it.o(i.BusFault_Handler) for BusFault_Handler
    startup_gd32f10x_md.o(RESET) refers to gd32f10x_it.o(i.UsageFault_Handler) for UsageFault_Handler
    startup_gd32f10x_md.o(RESET) refers to port.o(.emb_text) for SVC_Handler
    startup_gd32f10x_md.o(RESET) refers to gd32f10x_it.o(i.DebugMon_Handler) for DebugMon_Handler
    startup_gd32f10x_md.o(RESET) refers to port.o(i.SysTick_Handler) for SysTick_Handler
    startup_gd32f10x_md.o(RESET) refers to gd32f10x_it.o(i.USART0_IRQHandler) for USART0_IRQHandler
    startup_gd32f10x_md.o(.text) refers (Special) to heapauxi.o(.text) for __use_two_region_memory
    startup_gd32f10x_md.o(.text) refers to system_gd32f10x.o(i.SystemInit) for SystemInit
    startup_gd32f10x_md.o(.text) refers to __main.o(!!!main) for __main
    startup_gd32f10x_md.o(.text) refers to startup_gd32f10x_md.o(HEAP) for Heap_Mem
    startup_gd32f10x_md.o(.text) refers to startup_gd32f10x_md.o(STACK) for Stack_Mem
    mq2.o(i.MQ2_GetData) refers to gd32f10x_adc.o(i.adc_software_trigger_enable) for adc_software_trigger_enable
    mq2.o(i.MQ2_GetData) refers to gd32f10x_adc.o(i.adc_flag_get) for adc_flag_get
    mq2.o(i.MQ2_GetData) refers to gd32f10x_adc.o(i.adc_flag_clear) for adc_flag_clear
    mq2.o(i.MQ2_GetData) refers to gd32f10x_adc.o(i.adc_regular_data_read) for adc_regular_data_read
    mq2.o(i.MQ2_Init) refers to gd32f10x_rcu.o(i.rcu_periph_clock_enable) for rcu_periph_clock_enable
    mq2.o(i.MQ2_Init) refers to gd32f10x_rcu.o(i.rcu_adc_clock_config) for rcu_adc_clock_config
    mq2.o(i.MQ2_Init) refers to gd32f10x_gpio.o(i.gpio_init) for gpio_init
    mq2.o(i.MQ2_Init) refers to gd32f10x_adc.o(i.adc_deinit) for adc_deinit
    mq2.o(i.MQ2_Init) refers to gd32f10x_adc.o(i.adc_mode_config) for adc_mode_config
    mq2.o(i.MQ2_Init) refers to gd32f10x_adc.o(i.adc_data_alignment_config) for adc_data_alignment_config
    mq2.o(i.MQ2_Init) refers to gd32f10x_adc.o(i.adc_channel_length_config) for adc_channel_length_config
    mq2.o(i.MQ2_Init) refers to gd32f10x_adc.o(i.adc_regular_channel_config) for adc_regular_channel_config
    mq2.o(i.MQ2_Init) refers to gd32f10x_adc.o(i.adc_external_trigger_source_config) for adc_external_trigger_source_config
    mq2.o(i.MQ2_Init) refers to gd32f10x_adc.o(i.adc_external_trigger_config) for adc_external_trigger_config
    mq2.o(i.MQ2_Init) refers to gd32f10x_adc.o(i.adc_enable) for adc_enable
    mq2.o(i.MQ2_Init) refers to gd32f10x_adc.o(i.adc_calibration_enable) for adc_calibration_enable
    led.o(i.LED1_Off) refers to gd32f10x_gpio.o(i.gpio_bit_write) for gpio_bit_write
    led.o(i.LED1_On) refers to gd32f10x_gpio.o(i.gpio_bit_write) for gpio_bit_write
    led.o(i.LED1_Toggle) refers to gd32f10x_gpio.o(i.gpio_input_bit_get) for gpio_input_bit_get
    led.o(i.LED1_Toggle) refers to gd32f10x_gpio.o(i.gpio_bit_write) for gpio_bit_write
    led.o(i.LED_Init) refers to gd32f10x_rcu.o(i.rcu_periph_clock_enable) for rcu_periph_clock_enable
    led.o(i.LED_Init) refers to gd32f10x_gpio.o(i.gpio_init) for gpio_init
    led.o(i.LED_Init) refers to gd32f10x_gpio.o(i.gpio_bit_write) for gpio_bit_write
    key.o(i.KEY_Init) refers to gd32f10x_rcu.o(i.rcu_periph_clock_enable) for rcu_periph_clock_enable
    key.o(i.KEY_Init) refers to gd32f10x_gpio.o(i.gpio_init) for gpio_init
    key.o(i.KEY_Scan) refers to gd32f10x_gpio.o(i.gpio_input_bit_get) for gpio_input_bit_get
    key.o(i.KEY_Scan) refers to key.o(.data) for key_up
    pwm.o(i.PWM_Init) refers to gd32f10x_rcu.o(i.rcu_periph_clock_enable) for rcu_periph_clock_enable
    pwm.o(i.PWM_Init) refers to gd32f10x_gpio.o(i.gpio_init) for gpio_init
    pwm.o(i.PWM_Init) refers to gd32f10x_timer.o(i.timer_deinit) for timer_deinit
    pwm.o(i.PWM_Init) refers to gd32f10x_timer.o(i.timer_init) for timer_init
    pwm.o(i.PWM_Init) refers to gd32f10x_timer.o(i.timer_channel_output_config) for timer_channel_output_config
[...]
    .ARM.Collect$$libshutdown$$00000010      0x0800018e   Section        2  libshutdown2.o(.ARM.Collect$$libshutdown$$00000010)
    .ARM.Collect$$rtentry$$00000000          0x08000190   Section        0  __rtentry.o(.ARM.Collect$$rtentry$$00000000)
    .ARM.Collect$$rtentry$$00000002          0x08000190   Section        0  __rtentry2.o(.ARM.Collect$$rtentry$$00000002)
    .ARM.Collect$$rtentry$$00000004          0x08000190   Section        6  __rtentry4.o(.ARM.Collect$$rtentry$$00000004)
    .ARM.Collect$$rtentry$$00000009          0x08000196   Section        0  __rtentry2.o(.ARM.Collect$$rtentry$$00000009)
    .ARM.Collect$$rtentry$$0000000A          0x08000196   Section        4  __rtentry2.o(.ARM.Collect$$rtentry$$0000000A)
    .ARM.Collect$$rtentry$$0000000C          0x0800019a   Section        0  __rtentry2.o(.ARM.Collect$$rtentry$$0000000C)
    .ARM.Collect$$rtentry$$0000000D          0x0800019a   Section        8  __rtentry2.o(.ARM.Collect$$rtentry$$0000000D)
    .ARM.Collect$$rtexit$$00000000           0x080001a2   Section        2  rtexit.o(.ARM.Collect$$rtexit$$00000000)
    .ARM.Collect$$rtexit$$00000002           0x080001a4   Section        0  rtexit2.o(.ARM.Collect$$rtexit$$00000002)
    .ARM.Collect$$rtexit$$00000003           0x080001a4   Section        4  rtexit2.o(.ARM.Collect$$rtexit$$00000003)
    .ARM.Collect$$rtexit$$00000004           0x080001a8   Section        6  rtexit2.o(.ARM.Collect$$rtexit$$00000004)
    .emb_text                                0x080001b0   Section      150  port.o(.emb_text)
    .text                                    0x08000248   Section       64  startup_gd32f10x_md.o(.text)
    .text                                    0x08000288   Section        0  __2snprintf.o(.text)
    .text                                    0x080002c0   Section        0  _printf_pad.o(.text)
    .text                                    0x08000310   Section        0  _printf_dec.o(.text)
    .text                                    0x08000388   Section        0  __printf_flags_ss_wp.o(.text)
    .text                                    0x08000510   Section        0  strstr.o(.text)
    .text                                    0x08000534   Section      138  rt_memcpy_v6.o(.text)
    .text                                    0x080005be   Section       78  rt_memclr_w.o(.text)
    .text                                    0x0800060c   Section      128  strcmpv7m.o(.text)
    .text                                    0x0800068c   Section        0  heapauxi.o(.text)
    .text                                    0x08000692   Section        0  _printf_intcommon.o(.text)
    .text                                    0x08000744   Section        0  _printf_char_common.o(.text)
    _printf_input_char                       0x08000745   Thumb Code    10  _printf_char_common.o(.text)
    .text                                    0x08000774   Section        0  _sputc.o(.text)
    .text                                    0x0800077e   Section        0  _snputc.o(.text)
    .text                                    0x0800078e   Section      100  rt_memcpy_w.o(.text)
    .text                                    0x080007f4   Section        8  libspace.o(.text)
    .text                                    0x080007fc   Section       74  sys_stackheap_outer.o(.text)
    .text                                    0x08000846   Section        0  exit.o(.text)
    .text                                    0x08000858   Section        0  sys_exit.o(.text)
    .text                                    0x08000864   Section        2  use_no_semi.o(.text)
    .text                                    0x08000866   Section        0  indicate_semi.o(.text)
    i.BusFault_Handler                       0x08000866   Section        0  gd32f10x_it.o(i.BusFault_Handler)
    i.DHT11_DelayUs                          0x0800086c   Section        0  dht11.o(i.DHT11_DelayUs)
    DHT11_DelayUs                            0x0800086d   Thumb Code    44  dht11.o(i.DHT11_DelayUs)
    i.DHT11_Init                             0x080008a0   Section        0  dht11.o(i.DHT11_Init)
    i.DHT11_ReadData                         0x080008b2   Section        0  dht11.o(i.DHT11_ReadData)
    i.DHT11_ReadLine                         0x080009f0   Section        0  dht11.o(i.DHT11_ReadLine)
    DHT11_ReadLine                           0x080009f1   Thumb Code    14  dht11.o(i.DHT11_ReadLine)
    i.DHT11_SetInput                         0x08000a04   Section        0  dht11.o(i.DHT11_SetInput)
    DHT11_SetInput                           0x08000a05   Thumb Code    18  dht11.o(i.DHT11_SetInput)
    i.DHT11_SetOutput                        0x08000a1c   Section        0  dht11.o(i.DHT11_SetOutput)
    DHT11_SetOutput                          0x08000a1d   Thumb Code    18  dht11.o(i.DHT11_SetOutput)
    i.DHT11_WriteLine                        0x08000a34   Section        0  dht11.o(i.DHT11_WriteLine)
    DHT11_WriteLine                          0x08000a35   Thumb Code    18  dht11.o(i.DHT11_WriteLine)
    i.DebugMon_Handler                       0x08000a4c   Section        0  gd32f10x_it.o(i.DebugMon_Handler)
    i.HardFault_Handler                      0x08000a50   Section        0  gd32f10x_it.o(i.HardFault_Handler)
    i.KEY_Init                               0x08000a54   Section        0  key.o(i.KEY_Init)
    i.KEY_Scan                               0x08000a70   Section        0  key.o(i.KEY_Scan)
    i.LED1_Off                               0x08000ab4   Section        0  led.o(i.LED1_Off)
    i.LED1_On                                0x08000ac8   Section        0  led.o(i.LED1_On)
    i.LED1_Toggle                            0x08000adc   Section        0  led.o(i.LED1_Toggle)
    i.LED_Init                               0x08000b00   Section        0  led.o(i.LED_Init)
    i.MQ2_GetData                            0x08000b28   Section        0  mq2.o(i.MQ2_GetData)
    i.MQ2_Init                               0x08000b54   Section        0  mq2.o(i.MQ2_Init)
    i.MemManage_Handler                      0x08000bd0   Section        0  gd32f10x_it.o(i.MemManage_Handler)
    i.NMI_Handler                            0x08000bd4   Section        0  gd32f10x_it.o(i.NMI_Handler)
    i.OLED_Clear                             0x08000bd8   Section        0  oled.o(i.OLED_Clear)
    i.OLED_ClearArea                         0x08000c00   Section        0  oled.o(i.OLED_ClearArea)
    i.OLED_GPIO_Init                         0x08000ca8   Section        0  oled.o(i.OLED_GPIO_Init)
    i.OLED_I2C_SendByte                      0x08000cf4   Section        0  oled.o(i.OLED_I2C_SendByte)
    i.OLED_I2C_Start                         0x08000d32   Section        0  oled.o(i.OLED_I2C_Start)
    i.OLED_I2C_Stop                          0x08000d4e   Section        0  oled.o(i.OLED_I2C_Stop)
    i.OLED_Init                              0x08000d64   Section        0  oled.o(i.OLED_Init)
    i.OLED_ReverseArea                       0x08000e00   Section        0  oled.o(i.OLED_ReverseArea)
    i.OLED_SetCursor                         0x08000ea8   Section        0  oled.o(i.OLED_SetCursor)
    i.OLED_ShowChar                          0x08000ecc   Section        0  oled.o(i.OLED_ShowChar)
    i.OLED_ShowChinese                       0x08000f20   Section        0  oled.o(i.OLED_ShowChinese)
    i.OLED_ShowImage                         0x08000fbc   Section        0  oled.o(i.OLED_ShowImage)
    i.OLED_ShowString                        0x080010e8   Section        0  oled.o(i.OLED_ShowString)
    i.OLED_Update                            0x08001118   Section        0  oled.o(i.OLED_Update)
    i.OLED_W_SCL                             0x08001140   Section        0  oled.o(i.OLED_W_SCL)
    i.OLED_W_SDA                             0x0800115c   Section        0  oled.o(i.OLED_W_SDA)
    i.OLED_WriteCommand                      0x08001178   Section        0  oled.o(i.OLED_WriteCommand)
    i.OLED_WriteData                         0x08001198   Section        0  oled.o(i.OLED_WriteData)
    i.SysTick_Handler                        0x080011c8   Section        0  port.o(i.SysTick_Handler)
    i.SystemInit                             0x080011fc   Section        0  system_gd32f10x.o(i.SystemInit)
    i.USART0_IRQHandler                      0x08001314   Section        0  gd32f10x_it.o(i.USART0_IRQHandler)
    i.UsageFault_Handler                     0x08001388   Section        0  gd32f10x_it.o(i.UsageFault_Handler)
    i._is_digit                              0x0800138c   Section        0  __printf_wp.o(i._is_digit)
    i._soft_delay_                           0x0800139a   Section        0  system_gd32f10x.o(i._soft_delay_)
    _soft_delay_                             0x0800139b   Thumb Code    28  system_gd32f10x.o(i._soft_delay_)
    i.adc_calibration_enable                 0x080013b6   Section        0  gd32f10x_adc.o(i.adc_calibration_enable)
    i.adc_channel_length_config              0x080013e0   Section        0  gd32f10x_adc.o(i.adc_channel_length_config)
    i.adc_data_alignment_config              0x08001426   Section        0  gd32f10x_adc.o(i.adc_data_alignment_config)
    i.adc_deinit                             0x0800143c   Section        0  gd32f10x_adc.o(i.adc_deinit)
    i.adc_enable                             0x08001494   Section        0  gd32f10x_adc.o(i.adc_enable)
    i.adc_external_trigger_config            0x080014a6   Section        0  gd32f10x_adc.o(i.adc_external_trigger_config)
    i.adc_external_trigger_source_config     0x080014e4   Section        0  gd32f10x_adc.o(i.adc_external_trigger_source_config)
    i.adc_flag_clear                         0x08001514   Section        0  gd32f10x_adc.o(i.adc_flag_clear)
    i.adc_flag_get                           0x0800151c   Section        0  gd32f10x_adc.o(i.adc_flag_get)
    i.adc_mode_config                        0x0800152c   Section        0  gd32f10x_adc.o(i.adc_mode_config)
    i.adc_regular_channel_config             0x08001548   Section        0  gd32f10x_adc.o(i.adc_regular_channel_config)
    i.adc_regular_data_read                  0x080015f4   Section        0  gd32f10x_adc.o(i.adc_regular_data_read)
    i.adc_software_trigger_enable            0x080015fc   Section        0  gd32f10x_adc.o(i.adc_software_trigger_enable)
    i.fwdgt_config                           0x0800161c   Section        0  gd32f10x_fwdgt.o(i.fwdgt_config)
    i.fwdgt_counter_reload                   0x08001690   Section        0  gd32f10x_fwdgt.o(i.fwdgt_counter_reload)
    i.fwdgt_enable                           0x080016a0   Section        0  gd32f10x_fwdgt.o(i.fwdgt_enable)
    i.gpio_bit_write                         0x080016b0   Section        0  gd32f10x_gpio.o(i.gpio_bit_write)
    i.gpio_init                              0x080016ba   Section        0  gd32f10x_gpio.o(i.gpio_init)
    i.gpio_input_bit_get                     0x08001766   Section        0  gd32f10x_gpio.o(i.gpio_input_bit_get)
    i.main                                   0x08001778   Section        0  main.o(i.main)
    i.nvic_irq_enable                        0x08001790   Section        0  gd32f10x_misc.o(i.nvic_irq_enable)
    i.nvic_priority_group_set                0x08001898   Section        0  gd32f10x_misc.o(i.nvic_priority_group_set)
    i.nvic_vector_table_set                  0x080018ac   Section        0  gd32f10x_misc.o(i.nvic_vector_table_set)
    i.prvAddCurrentTaskToDelayedList         0x080018c4   Section        0  tasks.o(i.prvAddCurrentTaskToDelayedList)
    prvAddCurrentTaskToDelayedList           0x080018c5   Thumb Code   174  tasks.o(i.prvAddCurrentTaskToDelayedList)
    i.prvAddNewTaskToReadyList               0x08001990   Section        0  tasks.o(i.prvAddNewTaskToReadyList)
    prvAddNewTaskToReadyList                 0x08001991   Thumb Code   212  tasks.o(i.prvAddNewTaskToReadyList)
    i.prvCheckTasksWaitingTermination        0x08001a80   Section        0  tasks.o(i.prvCheckTasksWaitingTermination)
    prvCheckTasksWaitingTermination          0x08001a81   Thumb Code    60  tasks.o(i.prvCheckTasksWaitingTermination)
    i.prvCopyDataFromQueue                   0x08001ac8   Section        0  queue.o(i.prvCopyDataFromQueue)
    prvCopyDataFromQueue                     0x08001ac9   Thumb Code    42  queue.o(i.prvCopyDataFromQueue)
    i.prvCopyDataToQueue                     0x08001af2   Section        0  queue.o(i.prvCopyDataToQueue)
    prvCopyDataToQueue                       0x08001af3   Thumb Code   106  queue.o(i.prvCopyDataToQueue)
    i.prvCreateAppTasks                      0x08001b5c   Section        0  main.o(i.prvCreateAppTasks)
    prvCreateAppTasks                        0x08001b5d   Thumb Code   170  main.o(i.prvCreateAppTasks)
    i.prvCreateIdleTasks                     0x08001c6c   Section        0  tasks.o(i.prvCreateIdleTasks)
    prvCreateIdleTasks                       0x08001c6d   Thumb Code   104  tasks.o(i.prvCreateIdleTasks)
    i.prvCreateTask                          0x08001ce4   Section        0  tasks.o(i.prvCreateTask)
    prvCreateTask                            0x08001ce5   Thumb Code    90  tasks.o(i.prvCreateTask)
    i.prvDeleteTCB                           0x08001d3e   Section        0  tasks.o(i.prvDeleteTCB)
    prvDeleteTCB                             0x08001d3f   Thumb Code    18  tasks.o(i.prvDeleteTCB)
    i.prvFatalError                          0x08001d50   Section        0  main.o(i.prvFatalError)
    prvFatalError                            0x08001d51   Thumb Code    54  main.o(i.prvFatalError)
    i.prvHardwareInit                        0x08001d8c   Section        0  main.o(i.prvHardwareInit)
    prvHardwareInit                          0x08001d8d   Thumb Code    70  main.o(i.prvHardwareInit)
    i.prvHeapInit                            0x08001dd4   Section        0  heap_4.o(i.prvHeapInit)
    prvHeapInit                              0x08001dd5   Thumb Code    88  heap_4.o(i.prvHeapInit)
    i.prvIdleTask                            0x08001e40   Section        0  tasks.o(i.prvIdleTask)
    prvIdleTask                              0x08001e41   Thumb Code    32  tasks.o(i.prvIdleTask)
    i.prvInitialiseNewQueue                  0x08001e68   Section        0  queue.o(i.prvInitialiseNewQueue)
    prvInitialiseNewQueue                    0x08001e69   Thumb Code    38  queue.o(i.prvInitialiseNewQueue)
    i.prvInitialiseNewTask                   0x08001e8e   Section        0  tasks.o(i.prvInitialiseNewTask)
    prvInitialiseNewTask                     0x08001e8f   Thumb Code   122  tasks.o(i.prvInitialiseNewTask)
    i.prvInitialiseTaskLists                 0x08001f08   Section        0  tasks.o(i.prvInitialiseTaskLists)
    prvInitialiseTaskLists                   0x08001f09   Thumb Code    70  tasks.o(i.prvInitialiseTaskLists)
    i.prvInsertBlockIntoFreeList             0x08001f70   Section        0  heap_4.o(i.prvInsertBlockIntoFreeList)
    prvInsertBlockIntoFreeList               0x08001f71   Thumb Code    96  heap_4.o(i.prvInsertBlockIntoFreeList)
    i.prvIsQueueEmpty                        0x08001fd8   Section        0  queue.o(i.prvIsQueueEmpty)
    prvIsQueueEmpty                          0x08001fd9   Thumb Code    26  queue.o(i.prvIsQueueEmpty)
    i.prvResetNextTaskUnblockTime            0x08001ff4   Section        0  tasks.o(i.prvResetNextTaskUnblockTime)
    prvResetNextTaskUnblockTime              0x08001ff5   Thumb Code    40  tasks.o(i.prvResetNextTaskUnblockTime)
    i.prvTaskExitError                       0x08002024   Section        0  port.o(i.prvTaskExitError)
    prvTaskExitError                         0x08002025   Thumb Code    22  port.o(i.prvTaskExitError)
    i.prvUnlockQueue                         0x0800203a   Section        0  queue.o(i.prvUnlockQueue)
    prvUnlockQueue                           0x0800203b   Thumb Code   126  queue.o(i.prvUnlockQueue)
    i.prvWatchdogAllHealthy                  0x080020b8   Section        0  main.o(i.prvWatchdogAllHealthy)
    prvWatchdogAllHealthy                    0x080020b9   Thumb Code    46  main.o(i.prvWatchdogAllHealthy)
    i.prvWatchdogBeat                        0x080020f0   Section        0  main.o(i.prvWatchdogBeat)
    prvWatchdogBeat                          0x080020f1   Thumb Code    16  main.o(i.prvWatchdogBeat)
    i.pvPortMalloc                           0x08002104   Section        0  heap_4.o(i.pvPortMalloc)
    i.pxPortInitialiseStack                  0x08002208   Section        0  port.o(i.pxPortInitialiseStack)
    i.rcu_adc_clock_config                   0x0800222c   Section        0  gd32f10x_rcu.o(i.rcu_adc_clock_config)
    i.rcu_clock_freq_get                     0x08002274   Section        0  gd32f10x_rcu.o(i.rcu_clock_freq_get)
    i.rcu_flag_get                           0x08002398   Section        0  gd32f10x_rcu.o(i.rcu_flag_get)
    i.rcu_osci_on                            0x080023bc   Section        0  gd32f10x_rcu.o(i.rcu_osci_on)
    i.rcu_osci_stab_wait                     0x080023dc   Section        0  gd32f10x_rcu.o(i.rcu_osci_stab_wait)
    i.rcu_periph_clock_enable                0x080024bc   Section        0  gd32f10x_rcu.o(i.rcu_periph_clock_enable)
    i.rcu_periph_reset_disable               0x080024dc   Section        0  gd32f10x_rcu.o(i.rcu_periph_reset_disable)
    i.rcu_periph_reset_enable                0x080024fc   Section        0  gd32f10x_rcu.o(i.rcu_periph_reset_enable)
    i.sensor_avg_queue_init                  0x0800251c   Section        0  main.o(i.sensor_avg_queue_init)
    sensor_avg_queue_init                    0x0800251d   Thumb Code    14  main.o(i.sensor_avg_queue_init)
    i.sensor_avg_queue_push_and_get_avg      0x0800252a   Section        0  main.o(i.sensor_avg_queue_push_and_get_avg)
    sensor_avg_queue_push_and_get_avg        0x0800252b   Thumb Code    80  main.o(i.sensor_avg_queue_push_and_get_avg)
    i.system_clock_108m_hxtal                0x0800257c   Section        0  system_gd32f10x.o(i.system_clock_108m_hxtal)
    system_clock_108m_hxtal                  0x0800257d   Thumb Code   190  system_gd32f10x.o(i.system_clock_108m_hxtal)
    i.system_clock_config                    0x08002648   Section        0  system_gd32f10x.o(i.system_clock_config)
    system_clock_config                      0x08002649   Thumb Code     8  system_gd32f10x.o(i.system_clock_config)
    i.uart_init                              0x08002650   Section        0  uart.o(i.uart_init)
    i.usart_baudrate_set                     0x080026d4   Section        0  gd32f10x_usart.o(i.usart_baudrate_set)
    i.usart_data_receive                     0x08002764   Section        0  gd32f10x_usart.o(i.usart_data_receive)
    i.usart_data_transmit                    0x0800276e   Section        0  gd32f10x_usart.o(i.usart_data_transmit)
    i.usart_deinit                           0x08002778   Section        0  gd32f10x_usart.o(i.usart_deinit)
    i.usart_enable                           0x08002808   Section        0  gd32f10x_usart.o(i.usart_enable)
    i.usart_flag_get                         0x08002812   Section        0  gd32f10x_usart.o(i.usart_flag_get)
    i.usart_interrupt_enable                 0x08002832   Section        0  gd32f10x_usart.o(i.usart_interrupt_enable)
    i.usart_interrupt_flag_get               0x0800284c   Section        0  gd32f10x_usart.o(i.usart_interrupt_flag_get)
    i.usart_receive_config                   0x08002886   Section        0  gd32f10x_usart.o(i.usart_receive_config)
    i.usart_send_string                      0x08002896   Section        0  uart.o(i.usart_send_string)
    i.usart_transmit_config                  0x080028be   Section        0  gd32f10x_usart.o(i.usart_transmit_config)
    i.uxListRemove                           0x080028ce   Section        0  list.o(i.uxListRemove)
    i.uxTaskGetNumberOfTasks                 0x080028f8   Section        0  tasks.o(i.uxTaskGetNumberOfTasks)
    i.vListInitialise                        0x08002904   Section        0  list.o(i.vListInitialise)
    i.vListInitialiseItem                    0x0800291e   Section        0  list.o(i.vListInitialiseItem)
    i.vListInsert                            0x08002924   Section        0  list.o(i.vListInsert)
    i.vPortEnterCritical                     0x08002958   Section        0  port.o(i.vPortEnterCritical)
    i.vPortExitCritical                      0x0800297c   Section        0  port.o(i.vPortExitCritical)
    i.vPortFree                              0x0800299c   Section        0  heap_4.o(i.vPortFree)
    i.vPortSetupTimerInterrupt               0x080029e8   Section        0  port.o(i.vPortSetupTimerInterrupt)
    i.vTaskDHT11                             0x08002a10   Section        0  main.o(i.vTaskDHT11)
    i.vTaskDelay                             0x08002b18   Section        0  tasks.o(i.vTaskDelay)
    i.vTaskInternalSetTimeOutState           0x08002b4c   Section        0  tasks.o(i.vTaskInternalSetTimeOutState)
    i.vTaskKEY                               0x08002b64   Section        0  main.o(i.vTaskKEY)
    i.vTaskLED                               0x08002bbc   Section        0  main.o(i.vTaskLED)
    i.vTaskMQ2                               0x08002be0   Section        0  main.o(i.vTaskMQ2)
    i.vTaskMissedYield                       0x08002cc0   Section        0  tasks.o(i.vTaskMissedYield)
    i.vTaskOLED                              0x08002ccc   Section        0  main.o(i.vTaskOLED)
    i.vTaskPlaceOnEventList                  0x08003054   Section        0  tasks.o(i.vTaskPlaceOnEventList)
    i.vTaskStartScheduler                    0x08003074   Section        0  tasks.o(i.vTaskStartScheduler)
    i.vTaskSuspendAll                        0x080030c0   Section        0  tasks.o(i.vTaskSuspendAll)
    i.vTaskSwitchContext                     0x080030d0   Section        0  tasks.o(i.vTaskSwitchContext)
    i.vTaskUartCmd                           0x08003138   Section        0  main.o(i.vTaskUartCmd)
    i.vTaskWDG                               0x080031d4   Section        0  main.o(i.vTaskWDG)
    i.xPortStartScheduler                    0x080031ec   Section        0  port.o(i.xPortStartScheduler)
    i.xQueueGenericCreate                    0x08003220   Section        0  queue.o(i.xQueueGenericCreate)
    i.xQueueGenericReset                     0x0800326c   Section        0  queue.o(i.xQueueGenericReset)
    i.xQueueGenericSendFromISR               0x0800330c   Section        0  queue.o(i.xQueueGenericSendFromISR)
    i.xQueueReceive                          0x080033a8   Section        0  queue.o(i.xQueueReceive)
    i.xTaskCheckForTimeOut                   0x080034ac   Section        0  tasks.o(i.xTaskCheckForTimeOut)
    i.xTaskCreate                            0x0800350c   Section        0  tasks.o(i.xTaskCreate)
    i.xTaskGetTickCount                      0x08003544   Section        0  tasks.o(i.xTaskGetTickCount)
    i.xTaskIncrementTick                     0x08003550   Section        0  tasks.o(i.xTaskIncrementTick)
    i.xTaskRemoveFromEventList               0x080036f0   Section        0  tasks.o(i.xTaskRemoveFromEventList)
    i.xTaskResumeAll                         0x08003808   Section        0  tasks.o(i.xTaskResumeAll)
    .constdata                               0x08003980   Section     3700  oled_data.o(.constdata)
    .constdata                               0x080047f4   Section       20  main.o(.constdata)
    timeout_ticks                            0x080047f4   Data          20  main.o(.constdata)
    .constdata                               0x08004808   Section       17  __printf_flags_ss_wp.o(.constdata)
    maptable                                 0x08004808   Data          17  __printf_flags_ss_wp.o(.constdata)
    .data                                    0x20000000   Section        1  key.o(.data)
    key_up                                   0x20000000   Data           1  key.o(.data)
    .data                                    0x20000004   Section        4  uart.o(.data)
    .data                                    0x20000008   Section       13  main.o(.data)
    g_temperature                            0x20000008   Data           1  main.o(.data)
    g_humidity                               0x20000009   Data           1  main.o(.data)
    g_mq2_percent                            0x2000000a   Data           1  main.o(.data)
    g_mq2_adc                                0x2000000c   Data           2  main.o(.data)
    g_mq2_adc_raw                            0x2000000e   Data           2  main.o(.data)
    g_ui_page                                0x20000010   Data           1  main.o(.data)
    g_alarm_temp                             0x20000011   Data           1  main.o(.data)
    g_alarm_humi                             0x20000012   Data           1  main.o(.data)
    g_alarm_gas                              0x20000013   Data           1  main.o(.data)
    g_alarm_active                           0x20000014   Data           1  main.o(.data)
    .data                                    0x20000018   Section        4  system_gd32f10x.o(.data)
    .data                                    0x2000001c   Section       64  tasks.o(.data)
    pxDelayedTaskList                        0x20000020   Data           4  tasks.o(.data)
    pxOverflowDelayedTaskList                0x20000024   Data           4  tasks.o(.data)
    uxDeletedTasksWaitingCleanUp             0x20000028   Data           4  tasks.o(.data)
    uxCurrentNumberOfTasks                   0x2000002c   Data           4  tasks.o(.data)
    xTickCount                               0x20000030   Data           4  tasks.o(.data)
    uxTopReadyPriority                       0x20000034   Data           4  tasks.o(.data)
    xSchedulerRunning                        0x20000038   Data           4  tasks.o(.data)
    xPendedTicks                             0x2000003c   Data           4  tasks.o(.data)
    xYieldPendings                           0x20000040   Data           4  tasks.o(.data)
    xNumOfOverflows                          0x20000044   Data           4  tasks.o(.data)
    uxTaskNumber                             0x20000048   Data           4  tasks.o(.data)
    xNextTaskUnblockTime                     0x2000004c   Data           4  tasks.o(.data)
    xIdleTaskHandles                         0x20000050   Data           4  tasks.o(.data)
    uxTopUsedPriority                        0x20000054   Data           4  tasks.o(.data)
    uxSchedulerSuspended                     0x20000058   Data           4  tasks.o(.data)
    .data                                    0x2000005c   Section       28  heap_4.o(.data)
    xStart                                   0x2000005c   Data           8  heap_4.o(.data)
    pxEnd                                    0x20000064   Data           4  heap_4.o(.data)
    xFreeBytesRemaining                      0x20000068   Data           4  heap_4.o(.data)
    xMinimumEverFreeBytesRemaining           0x2000006c   Data           4  heap_4.o(.data)
    xNumberOfSuccessfulAllocations           0x20000070   Data           4  heap_4.o(.data)
    xNumberOfSuccessfulFrees                 0x20000074   Data           4  heap_4.o(.data)
    .data                                    0x20000078   Section        4  port.o(.data)
    uxCriticalNesting                        0x20000078   Data           4  port.o(.data)
    .bss                                     0x2000007c   Section     1024  oled.o(.bss)
    .bss                                     0x2000047c   Section       20  main.o(.bss)
    g_wdg_heartbeat                          0x2000047c   Data          20  main.o(.bss)
    .bss                                     0x20000490   Section      200  tasks.o(.bss)
    pxReadyTasksLists                        0x20000490   Data         100  tasks.o(.bss)
    xDelayedTaskList1                        0x200004f4   Data          20  tasks.o(.bss)
    xDelayedTaskList2                        0x20000508   Data          20  tasks.o(.bss)
    xPendingReadyList                        0x2000051c   Data          20  tasks.o(.bss)
    xTasksWaitingTermination                 0x20000530   Data          20  tasks.o(.bss)
    xSuspendedTaskList                       0x20000544   Data          20  tasks.o(.bss)
    .bss                                     0x20000558   Section    20480  heap_4.o(.bss)
    ucHeap                                   0x20000558   Data       20480  heap_4.o(.bss)
    .bss                                     0x20005558   Section       96  libspace.o(.bss)
    HEAP                                     0x200055b8   Section      512  startup_gd32f10x_md.o(HEAP)
    Heap_Mem                                 0x200055b8   Data         512  startup_gd32f10x_md.o(HEAP)
    STACK                                    0x200057b8   Section     1024  startup_gd32f10x_md.o(STACK)
    Stack_Mem                                0x200057b8   Data        1024  startup_gd32f10x_md.o(STACK)
    __initial_sp                             0x20005bb8   Data           0  startup_gd32f10x_md.o(STACK)

    Global Symbols

    Symbol Name                              Value     Ov Type        Size  Object(Section)

    BuildAttributes$$THM_ISAv4$P$D$K$B$S$PE$A:L22UL41UL21$X:L11$S22US41US21$IEEE1$IW$USESV6$~STKCKD$USESV7$~SHL$OTIME$ROPI$IEEEX$EBA8$UX$STANDARDLIB$REQ8$PRES8$EABIv2 0x00000000   Number         0  anon$$obj.o ABSOLUTE
    __ARM_use_no_argv                        0x00000000   Number         0  main.o ABSOLUTE
    _printf_flags                            0x00000000   Number         0  printf_stubs.o ABSOLUTE
    _printf_return_value                     0x00000000   Number         0  printf_stubs.o ABSOLUTE
    _printf_sizespec                         0x00000000   Number         0  printf_stubs.o ABSOLUTE
    _printf_widthprec                        0x00000000   Number         0  printf_stubs.o ABSOLUTE
    __ARM_exceptions_init                     - Undefined Weak Reference
    __alloca_initialize                       - Undefined Weak Reference
    __arm_preinit_                            - Undefined Weak Reference
    __cpp_initialize__aeabi_                  - Undefined Weak Reference
    __cxa_finalize                            - Undefined Weak Reference
    __sigvec_lookup                           - Undefined Weak Reference
    _atexit_init                              - Undefined Weak Reference
    _call_atexit_fns                          - Undefined Weak Reference
    _clock_init                               - Undefined Weak Reference
    _fp_trap_init                             - Undefined Weak Reference
    _fp_trap_shutdown                         - Undefined Weak Reference
    _get_lc_collate                           - Undefined Weak Reference
    _get_lc_monetary                          - Undefined Weak Reference
    _get_lc_time                              - Undefined Weak Reference
    _getenv_init                              - Undefined Weak Reference
    _handle_redirection                       - Undefined Weak Reference
    _init_alloc                               - Undefined Weak Reference
    _init_user_alloc                          - Undefined Weak Reference
    _initio                                   - Undefined Weak Reference
    _printf_mbtowc                            - Undefined Weak Reference
    _printf_wc                                - Undefined Weak Reference
    _rand_init                                - Undefined Weak Reference
    _signal_finish                            - Undefined Weak Reference
    _signal_init                              - Undefined Weak Reference
    _terminate_alloc                          - Undefined Weak Reference
    _terminate_user_alloc                     - Undefined Weak Reference
    _terminateio                              - Undefined Weak Reference
    __Vectors_Size                           0x00000104   Number         0  startup_gd32f10x_md.o ABSOLUTE
    __Vectors                                0x08000000   Data           4  startup_gd32f10x_md.o(RESET)
    __Vectors_End                            0x08000104   Data           0  startup_gd32f10x_md.o(RESET)
    __main                                   0x08000105   Thumb Code     8  __main.o(!!!main)
    __scatterload                            0x0800010d   Thumb Code     0  __scatter.o(!!!scatter)
    __scatterload_rt2                        0x0800010d   Thumb Code    44  __scatter.o(!!!scatter)
    __scatterload_rt2_thumb_only             0x0800010d   Thumb Code     0  __scatter.o(!!!scatter)
    __scatterload_null                       0x0800011b   Thumb Code     0  __scatter.o(!!!scatter)
    __scatterload_copy                       0x08000141   Thumb Code    26  __scatter_copy.o(!!handler_copy)
    __scatterload_zeroinit                   0x0800015d   Thumb Code    28  __scatter_zi.o(!!handler_zi)
    _printf_d                                0x08000179   Thumb Code     0  _printf_d.o(.ARM.Collect$$_printf_percent$$00000009)
    _printf_percent                          0x08000179   Thumb Code     0  _printf_percent.o(.ARM.Collect$$_printf_percent$$00000000)
    _printf_u                                0x0800017f   Thumb Code     0  _printf_u.o(.ARM.Collect$$_printf_percent$$0000000A)
    _printf_percent_end                      0x08000185   Thumb Code     0  _printf_percent_end.o(.ARM.Collect$$_printf_percent$$00000017)
    __rt_lib_init                            0x08000189   Thumb Code     0  libinit.o(.ARM.Collect$$libinit$$00000000)
    __rt_lib_init_alloca_1                   0x0800018b   Thumb Code     0  libinit2.o(.ARM.Collect$$libinit$$0000002E)
    __rt_lib_init_argv_1                     0x0800018b   Thumb Code     0  libinit2.o(.ARM.Collect$$libinit$$0000002C)
    __rt_lib_init_atexit_1                   0x0800018b   Thumb Code     0  libinit2.o(.ARM.Collect$$libinit$$0000001B)
    __rt_lib_init_clock_1                    0x0800018b   Thumb Code     0  libinit2.o(.ARM.Collect$$libinit$$00000021)
    __rt_lib_init_cpp_1                      0x0800018b   Thumb Code     0  libinit2.o(.ARM.Collect$$libinit$$00000032)
    __rt_lib_init_exceptions_1               0x0800018b   Thumb Code     0  libinit2.o(.ARM.Collect$$libinit$$00000030)
    __rt_lib_init_fp_1                       0x0800018b   Thumb Code     0  libinit2.o(.ARM.Collect$$libinit$$00000002)
    __rt_lib_init_fp_trap_1                  0x0800018b   Thumb Code     0  libinit2.o(.ARM.Collect$$libinit$$0000001F)
    __rt_lib_init_getenv_1                   0x0800018b   Thumb Code     0  libinit2.o(.ARM.Collect$$libinit$$00000023)
    __rt_lib_init_heap_1                     0x0800018b   Thumb Code     0  libinit2.o(.ARM.Collect$$libinit$$0000000A)
    __rt_lib_init_lc_collate_1               0x0800018b   Thumb Code     0  libinit2.o(.ARM.Collect$$libinit$$00000011)
    __rt_lib_init_lc_ctype_1                 0x0800018b   Thumb Code     0  libinit2.o(.ARM.Collect$$libinit$$00000013)
    __rt_lib_init_lc_monetary_1              0x0800018b   Thumb Code     0  libinit2.o(.ARM.Collect$$libinit$$00000015)
    __rt_lib_init_lc_numeric_1               0x0800018b   Thumb Code     0  libinit2.o(.ARM.Collect$$libinit$$00000017)
    __rt_lib_init_lc_time_1                  0x0800018b   Thumb Code     0  libinit2.o(.ARM.Collect$$libinit$$00000019)
    __rt_lib_init_preinit_1                  0x0800018b   Thumb Code     0  libinit2.o(.ARM.Collect$$libinit$$00000004)
    __rt_lib_init_rand_1                     0x0800018b   Thumb Code     0  libinit2.o(.ARM.Collect$$libinit$$0000000E)
    __rt_lib_init_return                     0x0800018b   Thumb Code     0  libinit2.o(.ARM.Collect$$libinit$$00000033)
    __rt_lib_init_signal_1                   0x0800018b   Thumb Code     0  libinit2.o(.ARM.Collect$$libinit$$0000001D)
    __rt_lib_init_stdio_1                    0x0800018b   Thumb Code     0  libinit2.o(.ARM.Collect$$libinit$$00000025)
    __rt_lib_init_user_alloc_1               0x0800018b   Thumb Code     0  libinit2.o(.ARM.Collect$$libinit$$0000000C)
    __rt_lib_shutdown                        0x0800018d   Thumb Code     0  libshutdown.o(.ARM.Collect$$libshutdown$$00000000)
    __rt_lib_shutdown_cpp_1                  0x0800018f   Thumb Code     0  libshutdown2.o(.ARM.Collect$$libshutdown$$00000002)
    __rt_lib_shutdown_fp_trap_1              0x0800018f   Thumb Code     0  libshutdown2.o(.ARM.Collect$$libshutdown$$00000007)
    __rt_lib_shutdown_heap_1                 0x0800018f   Thumb Code     0  libshutdown2.o(.ARM.Collect$$libshutdown$$0000000F)
    __rt_lib_shutdown_return                 0x0800018f   Thumb Code     0  libshutdown2.o(.ARM.Collect$$libshutdown$$00000010)
    __rt_lib_shutdown_signal_1               0x0800018f   Thumb Code     0  libshutdown2.o(.ARM.Collect$$libshutdown$$0000000A)
    __rt_lib_shutdown_stdio_1                0x0800018f   Thumb Code     0  libshutdown2.o(.ARM.Collect$$libshutdown$$00000004)
    __rt_lib_shutdown_user_alloc_1           0x0800018f   Thumb Code     0  libshutdown2.o(.ARM.Collect$$libshutdown$$0000000C)
    __rt_entry                               0x08000191   Thumb Code     0  __rtentry.o(.ARM.Collect$$rtentry$$00000000)
    __rt_entry_presh_1                       0x08000191   Thumb Code     0  __rtentry2.o(.ARM.Collect$$rtentry$$00000002)
    __rt_entry_sh                            0x08000191   Thumb Code     0  __rtentry4.o(.ARM.Collect$$rtentry$$00000004)
    __rt_entry_li                            0x08000197   Thumb Code     0  __rtentry2.o(.ARM.Collect$$rtentry$$0000000A)
    __rt_entry_postsh_1                      0x08000197   Thumb Code     0  __rtentry2.o(.ARM.Collect$$rtentry$$00000009)
    __rt_entry_main                          0x0800019b   Thumb Code     0  __rtentry2.o(.ARM.Collect$$rtentry$$0000000D)
    __rt_entry_postli_1                      0x0800019b   Thumb Code     0  __rtentry2.o(.ARM.Collect$$rtentry$$0000000C)
    __rt_exit                                0x080001a3   Thumb Code     0  rtexit.o(.ARM.Collect$$rtexit$$00000000)
    __rt_exit_ls                             0x080001a5   Thumb Code     0  rtexit2.o(.ARM.Collect$$rtexit$$00000003)
    __rt_exit_prels_1                        0x080001a5   Thumb Code     0  rtexit2.o(.ARM.Collect$$rtexit$$00000002)
    __rt_exit_exit                           0x080001a9   Thumb Code     0  rtexit2.o(.ARM.Collect$$rtexit$$00000004)
    SVC_Handler                              0x080001b1   Thumb Code    32  port.o(.emb_text)
    __asm___6_port_c_39a90d8d__prvStartFirstTask 0x080001d5   Thumb Code    28  port.o(.emb_text)
    PendSV_Handler                           0x080001f5   Thumb Code    72  port.o(.emb_text)
    vPortGetIPSR                             0x08000241   Thumb Code     6  port.o(.emb_text)
    Reset_Handler                            0x08000249   Thumb Code     8  startup_gd32f10x_md.o(.text)
    ADC0_1_IRQHandler                        0x08000263   Thumb Code     0  startup_gd32f10x_md.o(.text)
    CAN0_EWMC_IRQHandler                     0x08000263   Thumb Code     0  startup_gd32f10x_md.o(.text)
    CAN0_RX1_IRQHandler                      0x08000263   Thumb Code     0  startup_gd32f10x_md.o(.text)
    DMA0_Channel0_IRQHandler                 0x08000263   Thumb Code     0  startup_gd32f10x_md.o(.text)
    DMA0_Channel1_IRQHandler                 0x08000263   Thumb Code     0  startup_gd32f10x_md.o(.text)
    DMA0_Channel2_IRQHandler                 0x08000263   Thumb Code     0  startup_gd32f10x_md.o(.text)
    DMA0_Channel3_IRQHandler                 0x08000263   Thumb Code     0  startup_gd32f10x_md.o(.text)
    DMA0_Channel4_IRQHandler                 0x08000263   Thumb Code     0  startup_gd32f10x_md.o(.text)
    DMA0_Channel5_IRQHandler                 0x08000263   Thumb Code     0  startup_gd32f10x_md.o(.text)
    DMA0_Channel6_IRQHandler                 0x08000263   Thumb Code     0  startup_gd32f10x_md.o(.text)
    EXMC_IRQHandler                          0x08000263   Thumb Code     0  startup_gd32f10x_md.o(.text)
    EXTI0_IRQHandler                         0x08000263   Thumb Code     0  startup_gd32f10x_md.o(.text)
    EXTI10_15_IRQHandler                     0x08000263   Thumb Code     0  startup_gd32f10x_md.o(.text)
    EXTI1_IRQHandler                         0x08000263   Thumb Code     0  startup_gd32f10x_md.o(.text)
    EXTI2_IRQHandler                         0x08000263   Thumb Code     0  startup_gd32f10x_md.o(.text)
    EXTI3_IRQHandler                         0x08000263   Thumb Code     0  startup_gd32f10x_md.o(.text)
    EXTI4_IRQHandler                         0x08000263   Thumb Code     0  startup_gd32f10x_md.o(.text)
    EXTI5_9_IRQHandler                       0x08000263   Thumb Code     0  startup_gd32f10x_md.o(.text)
    FMC_IRQHandler                           0x08000263   Thumb Code     0  startup_gd32f10x_md.o(.text)
    I2C0_ER_IRQHandler                       0x08000263   Thumb Code     0  startup_gd32f10x_md.o(.text)
    I2C0_EV_IRQHandler                       0x08000263   Thumb Code     0  startup_gd32f10x_md.o(.text)
    I2C1_ER_IRQHandler                       0x08000263   Thumb Code     0  startup_gd32f10x_md.o(.text)
    I2C1_EV_IRQHandler                       0x08000263   Thumb Code     0  startup_gd32f10x_md.o(.text)
    LVD_IRQHandler                           0x08000263   Thumb Code     0  startup_gd32f10x_md.o(.text)
    RCU_IRQHandler                           0x08000263   Thumb Code     0  startup_gd32f10x_md.o(.text)
    RTC_Alarm_IRQHandler                     0x08000263   Thumb Code     0  startup_gd32f10x_md.o(.text)
    RTC_IRQHandler                           0x08000263   Thumb Code     0  startup_gd32f10x_md.o(.text)
    SPI0_IRQHandler                          0x08000263   Thumb Code     0  startup_gd32f10x_md.o(.text)
    SPI1_IRQHandler                          0x08000263   Thumb Code     0  startup_gd32f10x_md.o(.text)
    TAMPER_IRQHandler                        0x08000263   Thumb Code     0  startup_gd32f10x_md.o(.text)
    TIMER0_BRK_IRQHandler                    0x08000263   Thumb Code     0  startup_gd32f10x_md.o(.text)
    TIMER0_Channel_IRQHandler                0x08000263   Thumb Code     0  startup_gd32f10x_md.o(.text)
    TIMER0_TRG_CMT_IRQHandler                0x08000263   Thumb Code     0  startup_gd32f10x_md.o(.text)
    TIMER0_UP_IRQHandler                     0x08000263   Thumb Code     0  startup_gd32f10x_md.o(.text)
    TIMER1_IRQHandler                        0x08000263   Thumb Code     0  startup_gd32f10x_md.o(.text)
    TIMER2_IRQHandler                        0x08000263   Thumb Code     0  startup_gd32f10x_md.o(.text)
    TIMER3_IRQHandler                        0x08000263   Thumb Code     0  startup_gd32f10x_md.o(.text)
    USART1_IRQHandler                        0x08000263   Thumb Code     0  startup_gd32f10x_md.o(.text)
    USART2_IRQHandler                        0x08000263   Thumb Code     0  startup_gd32f10x_md.o(.text)
    USBD_HP_CAN0_TX_IRQHandler               0x08000263   Thumb Code     0  startup_gd32f10x_md.o(.text)
    USBD_LP_CAN0_RX0_IRQHandler              0x08000263   Thumb Code     0  startup_gd32f10x_md.o(.text)
    USBD_WKUP_IRQHandler                     0x08000263   Thumb Code     0  startup_gd32f10x_md.o(.text)
    WWDGT_IRQHandler                         0x08000263   Thumb Code     0  startup_gd32f10x_md.o(.text)
    __user_initial_stackheap                 0x08000265   Thumb Code    10  startup_gd32f10x_md.o(.text)
    __2snprintf                              0x08000289   Thumb Code    50  __2snprintf.o(.text)
    _printf_pre_padding                      0x080002c1   Thumb Code    44  _printf_pad.o(.text)
    _printf_post_padding                     0x080002ed   Thumb Code    34  _printf_pad.o(.text)
    _printf_int_dec                          0x08000311   Thumb Code   104  _printf_dec.o(.text)
    __printf                                 0x08000389   Thumb Code   388  __printf_flags_ss_wp.o(.text)
    strstr                                   0x08000511   Thumb Code    36  strstr.o(.text)
    __aeabi_memcpy                           0x08000535   Thumb Code     0  rt_memcpy_v6.o(.text)
    __rt_memcpy                              0x08000535   Thumb Code   138  rt_memcpy_v6.o(.text)
    _memcpy_lastbytes                        0x0800059b   Thumb Code     0  rt_memcpy_v6.o(.text)
    __aeabi_memclr4                          0x080005bf   Thumb Code     0  rt_memclr_w.o(.text)
    __aeabi_memclr8                          0x080005bf   Thumb Code     0  rt_memclr_w.o(.text)
    __rt_memclr_w                            0x080005bf   Thumb Code    78  rt_memclr_w.o(.text)
    _memset_w                                0x080005c3   Thumb Code     0  rt_memclr_w.o(.text)
    strcmp                                   0x0800060d   Thumb Code   128  strcmpv7m.o(.text)
    __use_two_region_memory                  0x0800068d   Thumb Code     2  heapauxi.o(.text)
    __rt_heap_escrow$2region                 0x0800068f   Thumb Code     2  heapauxi.o(.text)
    __rt_heap_expand$2region                 0x08000691   Thumb Code     2  heapauxi.o(.text)
    _printf_int_common                       0x08000693   Thumb Code   178  _printf_intcommon.o(.text)
    _printf_char_common                      0x0800074f   Thumb Code    32  _printf_char_common.o(.text)
    _sputc                                   0x08000775   Thumb Code    10  _sputc.o(.text)
    _snputc                                  0x0800077f   Thumb Code    16  _snputc.o(.text)
    __aeabi_memcpy4                          0x0800078f   Thumb Code     0  rt_memcpy_w.o(.text)
    __aeabi_memcpy8                          0x0800078f   Thumb Code     0  rt_memcpy_w.o(.text)
    __rt_memcpy_w                            0x0800078f   Thumb Code   100  rt_memcpy_w.o(.text)
    _memcpy_lastbytes_aligned                0x080007d7   Thumb Code     0  rt_memcpy_w.o(.text)
    __user_libspace                          0x080007f5   Thumb Code     8  libspace.o(.text)
    __user_perproc_libspace                  0x080007f5   Thumb Code     0  libspace.o(.text)
    __user_perthread_libspace                0x080007f5   Thumb Code     0  libspace.o(.text)
    __user_setup_stackheap                   0x080007fd   Thumb Code    74  sys_stackheap_outer.o(.text)
    exit                                     0x08000847   Thumb Code    18  exit.o(.text)
    _sys_exit                                0x08000859   Thumb Code     8  sys_exit.o(.text)
    __I$use$semihosting                      0x08000865   Thumb Code     0  use_no_semi.o(.text)
    __use_no_semihosting_swi                 0x08000865   Thumb Code     2  use_no_semi.o(.text)
    BusFault_Handler                         0x08000867   Thumb Code     4  gd32f10x_it.o(i.BusFault_Handler)
    __semihosting_library_function           0x08000867   Thumb Code     0  indicate_semi.o(.text)
    DHT11_Init                               0x080008a1   Thumb Code    18  dht11.o(i.DHT11_Init)
    DHT11_ReadData                           0x080008b3   Thumb Code   316  dht11.o(i.DHT11_ReadData)
    DebugMon_Handler                         0x08000a4d   Thumb Code     4  gd32f10x_it.o(i.DebugMon_Handler)
    HardFault_Handler                        0x08000a51   Thumb Code     4  gd32f10x_it.o(i.HardFault_Handler)
    KEY_Init                                 0x08000a55   Thumb Code    24  key.o(i.KEY_Init)
    KEY_Scan                                 0x08000a71   Thumb Code    58  key.o(i.KEY_Scan)
    LED1_Off                                 0x08000ab5   Thumb Code    14  led.o(i.LED1_Off)
    LED1_On                                  0x08000ac9   Thumb Code    16  led.o(i.LED1_On)
    LED1_Toggle                              0x08000add   Thumb Code    32  led.o(i.LED1_Toggle)
    LED_Init                                 0x08000b01   Thumb Code    36  led.o(i.LED_Init)
    MQ2_GetData                              0x08000b29   Thumb Code    40  mq2.o(i.MQ2_GetData)
    MQ2_Init                                 0x08000b55   Thumb Code   114  mq2.o(i.MQ2_Init)
    MemManage_Handler                        0x08000bd1   Thumb Code     4  gd32f10x_it.o(i.MemManage_Handler)
    NMI_Handler                              0x08000bd5   Thumb Code     4  gd32f10x_it.o(i.NMI_Handler)
    OLED_Clear                               0x08000bd9   Thumb Code    36  oled.o(i.OLED_Clear)
    OLED_ClearArea                           0x08000c01   Thumb Code   162  oled.o(i.OLED_ClearArea)
    OLED_GPIO_Init                           0x08000ca9   Thumb Code    72  oled.o(i.OLED_GPIO_Init)
    OLED_I2C_SendByte                        0x08000cf5   Thumb Code    62  oled.o(i.OLED_I2C_SendByte)
    OLED_I2C_Start                           0x08000d33   Thumb Code    28  oled.o(i.OLED_I2C_Start)
    OLED_I2C_Stop                            0x08000d4f   Thumb Code    22  oled.o(i.OLED_I2C_Stop)
    OLED_Init                                0x08000d65   Thumb Code   154  oled.o(i.OLED_Init)
    OLED_ReverseArea                         0x08000e01   Thumb Code   162  oled.o(i.OLED_ReverseArea)
    OLED_SetCursor                           0x08000ea9   Thumb Code    34  oled.o(i.OLED_SetCursor)
    OLED_ShowChar                            0x08000ecd   Thumb Code    74  oled.o(i.OLED_ShowChar)
    OLED_ShowChinese                         0x08000f21   Thumb Code   148  oled.o(i.OLED_ShowChinese)
    OLED_ShowImage                           0x08000fbd   Thumb Code   296  oled.o(i.OLED_ShowImage)
    OLED_ShowString                          0x080010e9   Thumb Code    46  oled.o(i.OLED_ShowString)
    OLED_Update                              0x08001119   Thumb Code    36  oled.o(i.OLED_Update)
    OLED_W_SCL                               0x08001141   Thumb Code    24  oled.o(i.OLED_W_SCL)
    OLED_W_SDA                               0x0800115d   Thumb Code    24  oled.o(i.OLED_W_SDA)
    OLED_WriteCommand                        0x08001179   Thumb Code    32  oled.o(i.OLED_WriteCommand)
    OLED_WriteData                           0x08001199   Thumb Code    46  oled.o(i.OLED_WriteData)
    SysTick_Handler                          0x080011c9   Thumb Code    46  port.o(i.SysTick_Handler)
    SystemInit                               0x080011fd   Thumb Code   264  system_gd32f10x.o(i.SystemInit)
    USART0_IRQHandler                        0x08001315   Thumb Code   100  gd32f10x_it.o(i.USART0_IRQHandler)
    UsageFault_Handler                       0x08001389   Thumb Code     4  gd32f10x_it.o(i.UsageFault_Handler)
    _is_digit                                0x0800138d   Thumb Code    14  __printf_wp.o(i._is_digit)
    adc_calibration_enable                   0x080013b7   Thumb Code    42  gd32f10x_adc.o(i.adc_calibration_enable)
    adc_channel_length_config                0x080013e1   Thumb Code    70  gd32f10x_adc.o(i.adc_channel_length_config)
    adc_data_alignment_config                0x08001427   Thumb Code    22  gd32f10x_adc.o(i.adc_data_alignment_config)
    adc_deinit                               0x0800143d   Thumb Code    84  gd32f10x_adc.o(i.adc_deinit)
    adc_enable                               0x08001495   Thumb Code    18  gd32f10x_adc.o(i.adc_enable)
    adc_external_trigger_config              0x080014a7   Thumb Code    62  gd32f10x_adc.o(i.adc_external_trigger_config)
    adc_external_trigger_source_config       0x080014e5   Thumb Code    48  gd32f10x_adc.o(i.adc_external_trigger_source_config)
    adc_flag_clear                           0x08001515   Thumb Code     8  gd32f10x_adc.o(i.adc_flag_clear)
    adc_flag_get                             0x0800151d   Thumb Code    14  gd32f10x_adc.o(i.adc_flag_get)
    adc_mode_config                          0x0800152d   Thumb Code    22  gd32f10x_adc.o(i.adc_mode_config)
    adc_regular_channel_config               0x08001549   Thumb Code   172  gd32f10x_adc.o(i.adc_regular_channel_config)
    adc_regular_data_read                    0x080015f5   Thumb Code     8  gd32f10x_adc.o(i.adc_regular_data_read)
    adc_software_trigger_enable              0x080015fd   Thumb Code    30  gd32f10x_adc.o(i.adc_software_trigger_enable)
    fwdgt_config                             0x0800161d   Thumb Code   106  gd32f10x_fwdgt.o(i.fwdgt_config)
    fwdgt_counter_reload                     0x08001691   Thumb Code    10  gd32f10x_fwdgt.o(i.fwdgt_counter_reload)
    fwdgt_enable                             0x080016a1   Thumb Code    10  gd32f10x_fwdgt.o(i.fwdgt_enable)
    gpio_bit_write                           0x080016b1   Thumb Code    10  gd32f10x_gpio.o(i.gpio_bit_write)
    gpio_init                                0x080016bb   Thumb Code   172  gd32f10x_gpio.o(i.gpio_init)
    gpio_input_bit_get                       0x08001767   Thumb Code    18  gd32f10x_gpio.o(i.gpio_input_bit_get)
    main                                     0x08001779   Thumb Code    24  main.o(i.main)
    nvic_irq_enable                          0x08001791   Thumb Code   254  gd32f10x_misc.o(i.nvic_irq_enable)
    nvic_priority_group_set                  0x08001899   Thumb Code    10  gd32f10x_misc.o(i.nvic_priority_group_set)
    nvic_vector_table_set                    0x080018ad   Thumb Code    16  gd32f10x_misc.o(i.nvic_vector_table_set)
    pvPortMalloc                             0x08002105   Thumb Code   240  heap_4.o(i.pvPortMalloc)
    pxPortInitialiseStack                    0x08002209   Thumb Code    30  port.o(i.pxPortInitialiseStack)
    rcu_adc_clock_config                     0x0800222d   Thumb Code    64  gd32f10x_rcu.o(i.rcu_adc_clock_config)
    rcu_clock_freq_get                       0x08002275   Thumb Code   264  gd32f10x_rcu.o(i.rcu_clock_freq_get)
    rcu_flag_get                             0x08002399   Thumb Code    32  gd32f10x_rcu.o(i.rcu_flag_get)
    rcu_osci_on                              0x080023bd   Thumb Code    28  gd32f10x_rcu.o(i.rcu_osci_on)
    rcu_osci_stab_wait                       0x080023dd   Thumb Code   218  gd32f10x_rcu.o(i.rcu_osci_stab_wait)
    rcu_periph_clock_enable                  0x080024bd   Thumb Code    28  gd32f10x_rcu.o(i.rcu_periph_clock_enable)
    rcu_periph_reset_disable                 0x080024dd   Thumb Code    28  gd32f10x_rcu.o(i.rcu_periph_reset_disable)
    rcu_periph_reset_enable                  0x080024fd   Thumb Code    28  gd32f10x_rcu.o(i.rcu_periph_reset_enable)
    uart_init                                0x08002651   Thumb Code   120  uart.o(i.uart_init)
    usart_baudrate_set                       0x080026d5   Thumb Code   136  gd32f10x_usart.o(i.usart_baudrate_set)
    usart_data_receive                       0x08002765   Thumb Code    10  gd32f10x_usart.o(i.usart_data_receive)
    usart_data_transmit                      0x0800276f   Thumb Code     8  gd32f10x_usart.o(i.usart_data_transmit)
    usart_deinit                             0x08002779   Thumb Code   136  gd32f10x_usart.o(i.usart_deinit)
    usart_enable                             0x08002809   Thumb Code    10  gd32f10x_usart.o(i.usart_enable)
    usart_flag_get                           0x08002813   Thumb Code    32  gd32f10x_usart.o(i.usart_flag_get)
    usart_interrupt_enable                   0x08002833   Thumb Code    26  gd32f10x_usart.o(i.usart_interrupt_enable)
    usart_interrupt_flag_get                 0x0800284d   Thumb Code    58  gd32f10x_usart.o(i.usart_interrupt_flag_get)
    usart_receive_config                     0x08002887   Thumb Code    16  gd32f10x_usart.o(i.usart_receive_config)
    usart_send_string                        0x08002897   Thumb Code    40  uart.o(i.usart_send_string)
    usart_transmit_config                    0x080028bf   Thumb Code    16  gd32f10x_usart.o(i.usart_transmit_config)
    uxListRemove                             0x080028cf   Thumb Code    40  list.o(i.uxListRemove)
    uxTaskGetNumberOfTasks                   0x080028f9   Thumb Code     6  tasks.o(i.uxTaskGetNumberOfTasks)
    vListInitialise                          0x08002905   Thumb Code    26  list.o(i.vListInitialise)
    vListInitialiseItem                      0x0800291f   Thumb Code     6  list.o(i.vListInitialiseItem)
    vListInsert                              0x08002925   Thumb Code    52  list.o(i.vListInsert)
    vPortEnterCritical                       0x08002959   Thumb Code    30  port.o(i.vPortEnterCritical)
    vPortExitCritical                        0x0800297d   Thumb Code    28  port.o(i.vPortExitCritical)
    vPortFree                                0x0800299d   Thumb Code    68  heap_4.o(i.vPortFree)
    vPortSetupTimerInterrupt                 0x080029e9   Thumb Code    36  port.o(i.vPortSetupTimerInterrupt)
    vTaskDHT11                               0x08002a11   Thumb Code   178  main.o(i.vTaskDHT11)
    vTaskDelay                               0x08002b19   Thumb Code    46  tasks.o(i.vTaskDelay)
    vTaskInternalSetTimeOutState             0x08002b4d   Thumb Code    14  tasks.o(i.vTaskInternalSetTimeOutState)
    vTaskKEY                                 0x08002b65   Thumb Code    84  main.o(i.vTaskKEY)
    vTaskLED                                 0x08002bbd   Thumb Code    32  main.o(i.vTaskLED)
    vTaskMQ2                                 0x08002be1   Thumb Code   166  main.o(i.vTaskMQ2)
    vTaskMissedYield                         0x08002cc1   Thumb Code     8  tasks.o(i.vTaskMissedYield)
    vTaskOLED                                0x08002ccd   Thumb Code   666  main.o(i.vTaskOLED)
    vTaskPlaceOnEventList                    0x08003055   Thumb Code    28  tasks.o(i.vTaskPlaceOnEventList)
    vTaskStartScheduler                      0x08003075   Thumb Code    60  tasks.o(i.vTaskStartScheduler)
    vTaskSuspendAll                          0x080030c1   Thumb Code    12  tasks.o(i.vTaskSuspendAll)
    vTaskSwitchContext                       0x080030d1   Thumb Code    84  tasks.o(i.vTaskSwitchContext)
    vTaskUartCmd                             0x08003139   Thumb Code   124  main.o(i.vTaskUartCmd)
    vTaskWDG                                 0x080031d5   Thumb Code    24  main.o(i.vTaskWDG)
    xPortStartScheduler                      0x080031ed   Thumb Code    42  port.o(i.xPortStartScheduler)
    xQueueGenericCreate                      0x08003221   Thumb Code    76  queue.o(i.xQueueGenericCreate)
    xQueueGenericReset                       0x0800326d   Thumb Code   156  queue.o(i.xQueueGenericReset)
    xQueueGenericSendFromISR                 0x0800330d   Thumb Code   154  queue.o(i.xQueueGenericSendFromISR)
    xQueueReceive                            0x080033a9   Thumb Code   256  queue.o(i.xQueueReceive)
    xTaskCheckForTimeOut                     0x080034ad   Thumb Code    88  tasks.o(i.xTaskCheckForTimeOut)
    xTaskCreate                              0x0800350d   Thumb Code    56  tasks.o(i.xTaskCreate)
    xTaskGetTickCount                        0x08003545   Thumb Code     6  tasks.o(i.xTaskGetTickCount)
    xTaskIncrementTick                       0x08003551   Thumb Code   372  tasks.o(i.xTaskIncrementTick)
    xTaskRemoveFromEventList                 0x080036f1   Thumb Code   256  tasks.o(i.xTaskRemoveFromEventList)
    xTaskResumeAll                           0x08003809   Thumb Code   340  tasks.o(i.xTaskResumeAll)
    OLED_F8x16                               0x08003980   Data        1520  oled_data.o(.constdata)
    OLED_F6x8                                0x08003f70   Data         570  oled_data.o(.constdata)
    OLED_CF16x16                             0x080041aa   Data        1050  oled_data.o(.constdata)
    Diode                                    0x080045c4   Data          32  oled_data.o(.constdata)
    Battery                                  0x080045e4   Data          16  oled_data.o(.constdata)
    emoj                                     0x080045f4   Data         512  oled_data.o(.constdata)
    Region$$Table$$Base                      0x0800481c   Number         0  anon$$obj.o(Region$$Table)
    Region$$Table$$Limit                     0x0800483c   Number         0  anon$$obj.o(Region$$Table)
    uart_rx_queue                            0x20000004   Data           4  uart.o(.data)
    SystemCoreClock                          0x20000018   Data           4  system_gd32f10x.o(.data)
    pxCurrentTCB                             0x2000001c   Data           4  tasks.o(.data)
    OLED_DisplayBuf                          0x2000007c   Data        1024  oled.o(.bss)
    __libspace_start                         0x20005558   Data          96  libspace.o(.bss)
    __temporary_stack_top$libspace           0x200055b8   Data           0  libspace.o(.bss)



==============================================================================

Memory Map of the image

  Image Entry point : 0x08000105

  Load Region LR_IROM1 (Base: 0x08000000, Size: 0x000048b8, Max: 0x00080000, ABSOLUTE)

    Execution Region ER_IROM1 (Exec base: 0x08000000, Load base: 0x08000000, Size: 0x0000483c, Max: 0x00080000, ABSOLUTE)

    Exec Addr    Load Addr    Size         Type   Attr      Idx    E Section Name        Object

    0x08000000   0x08000000   0x00000104   Data   RO            3    RESET               startup_gd32f10x_md.o
    0x08000104   0x08000104   0x00000008   Code   RO         5486  * !!!main             c_w.l(__main.o)
    0x0800010c   0x0800010c   0x00000034   Code   RO         5892    !!!scatter          c_w.l(__scatter.o)
    0x08000140   0x08000140   0x0000001a   Code   RO         5894    !!handler_copy      c_w.l(__scatter_copy.o)
    0x0800015a   0x0800015a   0x00000002   PAD
    0x0800015c   0x0800015c   0x0000001c   Code   RO         5896    !!handler_zi        c_w.l(__scatter_zi.o)
    0x08000178   0x08000178   0x00000000   Code   RO         5473    .ARM.Collect$$_printf_percent$$00000000  c_w.l(_printf_percent.o)
    0x08000178   0x08000178   0x00000006   Code   RO         5471    .ARM.Collect$$_printf_percent$$00000009  c_w.l(_printf_d.o)
    0x0800017e   0x0800017e   0x00000006   Code   RO         5472    .ARM.Collect$$_printf_percent$$0000000A  c_w.l(_printf_u.o)
    0x08000184   0x08000184   0x00000004   Code   RO         5604    .ARM.Collect$$_printf_percent$$00000017  c_w.l(_printf_percent_end.o)
    0x08000188   0x08000188   0x00000002   Code   RO         5754    .ARM.Collect$$libinit$$00000000  c_w.l(libinit.o)
    0x0800018a   0x0800018a   0x00000000   Code   RO         5765    .ARM.Collect$$libinit$$00000002  c_w.l(libinit2.o)
    0x0800018a   0x0800018a   0x00000000   Code   RO         5767    .ARM.Collect$$libinit$$00000004  c_w.l(libinit2.o)
    0x0800018a   0x0800018a   0x00000000   Code   RO         5770    .ARM.Collect$$libinit$$0000000A  c_w.l(libinit2.o)
    0x0800018a   0x0800018a   0x00000000   Code   RO         5772    .ARM.Collect$$libinit$$0000000C  c_w.l(libinit2.o)
    0x0800018a   0x0800018a   0x00000000   Code   RO         5774    .ARM.Collect$$libinit$$0000000E  c_w.l(libinit2.o)
    0x0800018a   0x0800018a   0x00000000   Code   RO         5777    .ARM.Collect$$libinit$$00000011  c_w.l(libinit2.o)
    0x0800018a   0x0800018a   0x00000000   Code   RO         5779    .ARM.Collect$$libinit$$00000013  c_w.l(libinit2.o)
    0x0800018a   0x0800018a   0x00000000   Code   RO         5781    .ARM.Collect$$libinit$$00000015  c_w.l(libinit2.o)
    0x0800018a   0x0800018a   0x00000000   Code   RO         5783    .ARM.Collect$$libinit$$00000017  c_w.l(libinit2.o)
    0x0800018a   0x0800018a   0x00000000   Code   RO         5785    .ARM.Collect$$libinit$$00000019  c_w.l(libinit2.o)
    0x0800018a   0x0800018a   0x00000000   Code   RO         5787    .ARM.Collect$$libinit$$0000001B  c_w.l(libinit2.o)
    0x0800018a   0x0800018a   0x00000000   Code   RO         5789    .ARM.Collect$$libinit$$0000001D  c_w.l(libinit2.o)
    0x0800018a   0x0800018a   0x00000000   Code   RO         5791    .ARM.Collect$$libinit$$0000001F  c_w.l(libinit2.o)
    0x0800018a   0x0800018a   0x00000000   Code   RO         5793    .ARM.Collect$$libinit$$00000021  c_w.l(libinit2.o)
    0x0800018a   0x0800018a   0x00000000   Code   RO         5795    .ARM.Collect$$libinit$$00000023  c_w.l(libinit2.o)
    0x0800018a   0x0800018a   0x00000000   Code   RO         5797    .ARM.Collect$$libinit$$00000025  c_w.l(libinit2.o)
    0x0800018a   0x0800018a   0x00000000   Code   RO         5801    .ARM.Collect$$libinit$$0000002C  c_w.l(libinit2.o)
    0x0800018a   0x0800018a   0x00000000   Code   RO         5803    .ARM.Collect$$libinit$$0000002E  c_w.l(libinit2.o)
    0x0800018a   0x0800018a   0x00000000   Code   RO         5805    .ARM.Collect$$libinit$$00000030  c_w.l(libinit2.o)
    0x0800018a   0x0800018a   0x00000000   Code   RO         5807    .ARM.Collect$$libinit$$00000032  c_w.l(libinit2.o)
    0x0800018a   0x0800018a   0x00000002   Code   RO         5808    .ARM.Collect$$libinit$$00000033  c_w.l(libinit2.o)
    0x0800018c   0x0800018c   0x00000002   Code   RO         5832    .ARM.Collect$$libshutdown$$00000000  c_w.l(libshutdown.o)
    0x0800018e   0x0800018e   0x00000000   Code   RO         5845    .ARM.Collect$$libshutdown$$00000002  c_w.l(libshutdown2.o)
    0x0800018e   0x0800018e   0x00000000   Code   RO         5847    .ARM.Collect$$libshutdown$$00000004  c_w.l(libshutdown2.o)
    0x0800018e   0x0800018e   0x00000000   Code   RO         5850    .ARM.Collect$$libshutdown$$00000007  c_w.l(libshutdown2.o)
    0x0800018e   0x0800018e   0x00000000   Code   RO         5853    .ARM.Collect$$libshutdown$$0000000A  c_w.l(libshutdown2.o)
    0x0800018e   0x0800018e   0x00000000   Code   RO         5855    .ARM.Collect$$libshutdown$$0000000C  c_w.l(libshutdown2.o)
    0x0800018e   0x0800018e   0x00000000   Code   RO         5858    .ARM.Collect$$libshutdown$$0000000F  c_w.l(libshutdown2.o)
    0x0800018e   0x0800018e   0x00000002   Code   RO         5859    .ARM.Collect$$libshutdown$$00000010  c_w.l(libshutdown2.o)
    0x08000190   0x08000190   0x00000000   Code   RO         5544    .ARM.Collect$$rtentry$$00000000  c_w.l(__rtentry.o)
    0x08000190   0x08000190   0x00000000   Code   RO         5665    .ARM.Collect$$rtentry$$00000002  c_w.l(__rtentry2.o)
    0x08000190   0x08000190   0x00000006   Code   RO         5677    .ARM.Collect$$rtentry$$00000004  c_w.l(__rtentry4.o)
    0x08000196   0x08000196   0x00000000   Code   RO         5667    .ARM.Collect$$rtentry$$00000009  c_w.l(__rtentry2.o)
    0x08000196   0x08000196   0x00000004   Code   RO         5668    .ARM.Collect$$rtentry$$0000000A  c_w.l(__rtentry2.o)
    0x0800019a   0x0800019a   0x00000000   Code   RO         5670    .ARM.Collect$$rtentry$$0000000C  c_w.l(__rtentry2.o)
    0x0800019a   0x0800019a   0x00000008   Code   RO         5671    .ARM.Collect$$rtentry$$0000000D  c_w.l(__rtentry2.o)
    0x080001a2   0x080001a2   0x00000002   Code   RO         5759    .ARM.Collect$$rtexit$$00000000  c_w.l(rtexit.o)
    0x080001a4   0x080001a4   0x00000000   Code   RO         5812    .ARM.Collect$$rtexit$$00000002  c_w.l(rtexit2.o)
    0x080001a4   0x080001a4   0x00000004   Code   RO         5813    .ARM.Collect$$rtexit$$00000003  c_w.l(rtexit2.o)
    0x080001a8   0x080001a8   0x00000006   Code   RO         5814    .ARM.Collect$$rtexit$$00000004  c_w.l(rtexit2.o)
    0x080001ae   0x080001ae   0x00000002   PAD
    0x080001b0   0x080001b0   0x00000096   Code   RO         5360    .emb_text           port.o
    0x08000246   0x08000246   0x00000002   PAD
    0x08000248   0x08000248   0x00000040   Code   RO            4    .text               startup_gd32f10x_md.o
    0x08000288   0x08000288   0x00000038   Code   RO         5441    .text               c_w.l(__2snprintf.o)
    0x080002c0   0x080002c0   0x0000004e   Code   RO         5447    .text               c_w.l(_printf_pad.o)
    0x0800030e   0x0800030e   0x00000002   PAD
    0x08000310   0x08000310   0x00000078   Code   RO         5449    .text               c_w.l(_printf_dec.o)
    0x08000388   0x08000388   0x00000188   Code   RO         5468    .text               c_w.l(__printf_flags_ss_wp.o)
    0x08000510   0x08000510   0x00000024   Code   RO         5474    .text               c_w.l(strstr.o)
    0x08000534   0x08000534   0x0000008a   Code   RO         5476    .text               c_w.l(rt_memcpy_v6.o)
    0x080005be   0x080005be   0x0000004e   Code   RO         5480    .text               c_w.l(rt_memclr_w.o)
    0x0800060c   0x0800060c   0x00000080   Code   RO         5482    .text               c_w.l(strcmpv7m.o)
    0x0800068c   0x0800068c   0x00000006   Code   RO         5484    .text               c_w.l(heapauxi.o)
    0x08000692   0x08000692   0x000000b2   Code   RO         5551    .text               c_w.l(_printf_intcommon.o)
    0x08000744   0x08000744   0x00000030   Code   RO         5555    .text               c_w.l(_printf_char_common.o)
    0x08000774   0x08000774   0x0000000a   Code   RO         5557    .text               c_w.l(_sputc.o)
    0x0800077e   0x0800077e   0x00000010   Code   RO         5559    .text               c_w.l(_snputc.o)
    0x0800078e   0x0800078e   0x00000064   Code   RO         5614    .text               c_w.l(rt_memcpy_w.o)
    0x080007f2   0x080007f2   0x00000002   PAD
    0x080007f4   0x080007f4   0x00000008   Code   RO         5705    .text               c_w.l(libspace.o)
    0x080007fc   0x080007fc   0x0000004a   Code   RO         5708    .text               c_w.l(sys_stackheap_outer.o)
    0x08000846   0x08000846   0x00000012   Code   RO         5747    .text               c_w.l(exit.o)
    0x08000858   0x08000858   0x0000000c   Code   RO         5824    .text               c_w.l(sys_exit.o)
    0x08000864   0x08000864   0x00000002   Code   RO         5835    .text               c_w.l(use_no_semi.o)
    0x08000866   0x08000866   0x00000000   Code   RO         5837    .text               c_w.l(indicate_semi.o)
    0x08000866   0x08000866   0x00000004   Code   RO         4152    i.BusFault_Handler  gd32f10x_it.o
    0x0800086a   0x0800086a   0x00000002   PAD
    0x0800086c   0x0800086c   0x00000034   Code   RO          302    i.DHT11_DelayUs     dht11.o
    0x080008a0   0x080008a0   0x00000012   Code   RO          303    i.DHT11_Init        dht11.o
    0x080008b2   0x080008b2   0x0000013c   Code   RO          304    i.DHT11_ReadData    dht11.o
    0x080009ee   0x080009ee   0x00000002   PAD
    0x080009f0   0x080009f0   0x00000014   Code   RO          305    i.DHT11_ReadLine    dht11.o
    0x08000a04   0x08000a04   0x00000018   Code   RO          306    i.DHT11_SetInput    dht11.o
    0x08000a1c   0x08000a1c   0x00000018   Code   RO          307    i.DHT11_SetOutput   dht11.o
    0x08000a34   0x08000a34   0x00000018   Code   RO          308    i.DHT11_WriteLine   dht11.o
    0x08000a4c   0x08000a4c   0x00000004   Code   RO         4153    i.DebugMon_Handler  gd32f10x_it.o
    0x08000a50   0x08000a50   0x00000004   Code   RO         4154    i.HardFault_Handler  gd32f10x_it.o
    0x08000a54   0x08000a54   0x0000001c   Code   RO          178    i.KEY_Init          key.o
    0x08000a70   0x08000a70   0x00000044   Code   RO          179    i.KEY_Scan          key.o
    0x08000ab4   0x08000ab4   0x00000014   Code   RO          137    i.LED1_Off          led.o
    0x08000ac8   0x08000ac8   0x00000014   Code   RO          138    i.LED1_On           led.o
    0x08000adc   0x08000adc   0x00000024   Code   RO          139    i.LED1_Toggle       led.o
    0x08000b00   0x08000b00   0x00000028   Code   RO          140    i.LED_Init          led.o
    0x08000b28   0x08000b28   0x0000002c   Code   RO           12    i.MQ2_GetData       mq2.o
    0x08000b54   0x08000b54   0x0000007c   Code   RO           13    i.MQ2_Init          mq2.o
    0x08000bd0   0x08000bd0   0x00000004   Code   RO         4155    i.MemManage_Handler  gd32f10x_it.o
    0x08000bd4   0x08000bd4   0x00000004   Code   RO         4156    i.NMI_Handler       gd32f10x_it.o
    0x08000bd8   0x08000bd8   0x00000028   Code   RO          356    i.OLED_Clear        oled.o
    0x08000c00   0x08000c00   0x000000a8   Code   RO          357    i.OLED_ClearArea    oled.o
    0x08000ca8   0x08000ca8   0x0000004c   Code   RO          365    i.OLED_GPIO_Init    oled.o
    0x08000cf4   0x08000cf4   0x0000003e   Code   RO          367    i.OLED_I2C_SendByte  oled.o
    0x08000d32   0x08000d32   0x0000001c   Code   RO          368    i.OLED_I2C_Start    oled.o
    0x08000d4e   0x08000d4e   0x00000016   Code   RO          369    i.OLED_I2C_Stop     oled.o
    0x08000d64   0x08000d64   0x0000009a   Code   RO          370    i.OLED_Init         oled.o
    0x08000dfe   0x08000dfe   0x00000002   PAD
    0x08000e00   0x08000e00   0x000000a8   Code   RO          375    i.OLED_ReverseArea  oled.o
    0x08000ea8   0x08000ea8   0x00000022   Code   RO          376    i.OLED_SetCursor    oled.o
    0x08000eca   0x08000eca   0x00000002   PAD
    0x08000ecc   0x08000ecc   0x00000054   Code   RO          378    i.OLED_ShowChar     oled.o
    0x08000f20   0x08000f20   0x0000009c   Code   RO          379    i.OLED_ShowChinese  oled.o
    0x08000fbc   0x08000fbc   0x0000012c   Code   RO          382    i.OLED_ShowImage    oled.o
    0x080010e8   0x080010e8   0x0000002e   Code   RO          385    i.OLED_ShowString   oled.o
    0x08001116   0x08001116   0x00000002   PAD
    0x08001118   0x08001118   0x00000028   Code   RO          386    i.OLED_Update       oled.o
    0x08001140   0x08001140   0x0000001c   Code   RO          388    i.OLED_W_SCL        oled.o
    0x0800115c   0x0800115c   0x0000001c   Code   RO          389    i.OLED_W_SDA        oled.o
    0x08001178   0x08001178   0x00000020   Code   RO          390    i.OLED_WriteCommand  oled.o
    0x08001198   0x08001198   0x0000002e   Code   RO          391    i.OLED_WriteData    oled.o
    0x080011c6   0x080011c6   0x00000002   PAD
    0x080011c8   0x080011c8   0x00000034   Code   RO         5361    i.SysTick_Handler   port.o
    0x080011fc   0x080011fc   0x00000118   Code   RO         4358    i.SystemInit        system_gd32f10x.o
    0x08001314   0x08001314   0x00000074   Code   RO         4157    i.USART0_IRQHandler  gd32f10x_it.o
    0x08001388   0x08001388   0x00000004   Code   RO         4158    i.UsageFault_Handler  gd32f10x_it.o
    0x0800138c   0x0800138c   0x0000000e   Code   RO         5461    i._is_digit         c_w.l(__printf_wp.o)
    0x0800139a   0x0800139a   0x0000001c   Code   RO         4359    i._soft_delay_      system_gd32f10x.o
    0x080013b6   0x080013b6   0x0000002a   Code   RO          628    i.adc_calibration_enable  gd32f10x_adc.o
    0x080013e0   0x080013e0   0x00000046   Code   RO          629    i.adc_channel_length_config  gd32f10x_adc.o
    0x08001426   0x08001426   0x00000016   Code   RO          630    i.adc_data_alignment_config  gd32f10x_adc.o
    0x0800143c   0x0800143c   0x00000058   Code   RO          631    i.adc_deinit        gd32f10x_adc.o
    0x08001494   0x08001494   0x00000012   Code   RO          636    i.adc_enable        gd32f10x_adc.o
    0x080014a6   0x080014a6   0x0000003e   Code   RO          637    i.adc_external_trigger_config  gd32f10x_adc.o
    0x080014e4   0x080014e4   0x00000030   Code   RO          638    i.adc_external_trigger_source_config  gd32f10x_adc.o
    0x08001514   0x08001514   0x00000008   Code   RO          639    i.adc_flag_clear    gd32f10x_adc.o
    0x0800151c   0x0800151c   0x0000000e   Code   RO          640    i.adc_flag_get      gd32f10x_adc.o
    0x0800152a   0x0800152a   0x00000002   PAD
    0x0800152c   0x0800152c   0x0000001c   Code   RO          649    i.adc_mode_config   gd32f10x_adc.o
    0x08001548   0x08001548   0x000000ac   Code   RO          650    i.adc_regular_channel_config  gd32f10x_adc.o
    0x080015f4   0x080015f4   0x00000008   Code   RO          651    i.adc_regular_data_read  gd32f10x_adc.o
    0x080015fc   0x080015fc   0x0000001e   Code   RO          653    i.adc_software_trigger_enable  gd32f10x_adc.o
    0x0800161a   0x0800161a   0x00000002   PAD
    0x0800161c   0x0800161c   0x00000074   Code   RO         2053    i.fwdgt_config      gd32f10x_fwdgt.o
    0x08001690   0x08001690   0x00000010   Code   RO         2054    i.fwdgt_counter_reload  gd32f10x_fwdgt.o
    0x080016a0   0x080016a0   0x00000010   Code   RO         2055    i.fwdgt_enable      gd32f10x_fwdgt.o
    0x080016b0   0x080016b0   0x0000000a   Code   RO         2118    i.gpio_bit_write    gd32f10x_gpio.o
    0x080016ba   0x080016ba   0x000000ac   Code   RO         2124    i.gpio_init         gd32f10x_gpio.o
    0x08001766   0x08001766   0x00000012   Code   RO         2125    i.gpio_input_bit_get  gd32f10x_gpio.o
    0x08001778   0x08001778   0x00000018   Code   RO         4241    i.main              main.o
    0x08001790   0x08001790   0x00000108   Code   RO         2432    i.nvic_irq_enable   gd32f10x_misc.o
    0x08001898   0x08001898   0x00000014   Code   RO         2433    i.nvic_priority_group_set  gd32f10x_misc.o
    0x080018ac   0x080018ac   0x00000018   Code   RO         2434    i.nvic_vector_table_set  gd32f10x_misc.o
    0x080018c4   0x080018c4   0x000000cc   Code   RO         4938    i.prvAddCurrentTaskToDelayedList  tasks.o
    0x08001990   0x08001990   0x000000f0   Code   RO         4939    i.prvAddNewTaskToReadyList  tasks.o
    0x08001a80   0x08001a80   0x00000048   Code   RO         4940    i.prvCheckTasksWaitingTermination  tasks.o
    0x08001ac8   0x08001ac8   0x0000002a   Code   RO         4612    i.prvCopyDataFromQueue  queue.o
    0x08001af2   0x08001af2   0x0000006a   Code   RO         4613    i.prvCopyDataToQueue  queue.o
    0x08001b5c   0x08001b5c   0x00000110   Code   RO         4242    i.prvCreateAppTasks  main.o
    0x08001c6c   0x08001c6c   0x00000078   Code   RO         4941    i.prvCreateIdleTasks  tasks.o
    0x08001ce4   0x08001ce4   0x0000005a   Code   RO         4942    i.prvCreateTask     tasks.o
    0x08001d3e   0x08001d3e   0x00000012   Code   RO         4943    i.prvDeleteTCB      tasks.o
    0x08001d50   0x08001d50   0x0000003c   Code   RO         4243    i.prvFatalError     main.o
    0x08001d8c   0x08001d8c   0x00000046   Code   RO         4244    i.prvHardwareInit   main.o
    0x08001dd2   0x08001dd2   0x00000002   PAD
    0x08001dd4   0x08001dd4   0x0000006c   Code   RO         5279    i.prvHeapInit       heap_4.o
    0x08001e40   0x08001e40   0x00000028   Code   RO         4944    i.prvIdleTask       tasks.o
    0x08001e68   0x08001e68   0x00000026   Code   RO         4614    i.prvInitialiseNewQueue  queue.o
    0x08001e8e   0x08001e8e   0x0000007a   Code   RO         4945    i.prvInitialiseNewTask  tasks.o
    0x08001f08   0x08001f08   0x00000068   Code   RO         4946    i.prvInitialiseTaskLists  tasks.o
    0x08001f70   0x08001f70   0x00000068   Code   RO         5280    i.prvInsertBlockIntoFreeList  heap_4.o
    0x08001fd8   0x08001fd8   0x0000001a   Code   RO         4615    i.prvIsQueueEmpty   queue.o
    0x08001ff2   0x08001ff2   0x00000002   PAD
    0x08001ff4   0x08001ff4   0x00000030   Code   RO         4947    i.prvResetNextTaskUnblockTime  tasks.o
    0x08002024   0x08002024   0x00000016   Code   RO         5362    i.prvTaskExitError  port.o
    0x0800203a   0x0800203a   0x0000007e   Code   RO         4617    i.prvUnlockQueue    queue.o
    0x080020b8   0x080020b8   0x00000038   Code   RO         4245    i.prvWatchdogAllHealthy  main.o
    0x080020f0   0x080020f0   0x00000014   Code   RO         4246    i.prvWatchdogBeat   main.o
    0x08002104   0x08002104   0x00000104   Code   RO         5282    i.pvPortMalloc      heap_4.o
    0x08002208   0x08002208   0x00000024   Code   RO         5363    i.pxPortInitialiseStack  port.o
    0x0800222c   0x0800222c   0x00000048   Code   RO         2578    i.rcu_adc_clock_config  gd32f10x_rcu.o
    0x08002274   0x08002274   0x00000124   Code   RO         2586    i.rcu_clock_freq_get  gd32f10x_rcu.o
    0x08002398   0x08002398   0x00000024   Code   RO         2589    i.rcu_flag_get      gd32f10x_rcu.o
    0x080023bc   0x080023bc   0x00000020   Code   RO         2600    i.rcu_osci_on       gd32f10x_rcu.o
    0x080023dc   0x080023dc   0x000000e0   Code   RO         2601    i.rcu_osci_stab_wait  gd32f10x_rcu.o
    0x080024bc   0x080024bc   0x00000020   Code   RO         2603    i.rcu_periph_clock_enable  gd32f10x_rcu.o
    0x080024dc   0x080024dc   0x00000020   Code   RO         2606    i.rcu_periph_reset_disable  gd32f10x_rcu.o
    0x080024fc   0x080024fc   0x00000020   Code   RO         2607    i.rcu_periph_reset_enable  gd32f10x_rcu.o
    0x0800251c   0x0800251c   0x0000000e   Code   RO         4247    i.sensor_avg_queue_init  main.o
    0x0800252a   0x0800252a   0x00000050   Code   RO         4248    i.sensor_avg_queue_push_and_get_avg  main.o
    0x0800257a   0x0800257a   0x00000002   PAD
    0x0800257c   0x0800257c   0x000000cc   Code   RO         4361    i.system_clock_108m_hxtal  system_gd32f10x.o
    0x08002648   0x08002648   0x00000008   Code   RO         4362    i.system_clock_config  system_gd32f10x.o
    0x08002650   0x08002650   0x00000084   Code   RO          237    i.uart_init         uart.o
    0x080026d4   0x080026d4   0x00000090   Code   RO         3825    i.usart_baudrate_set  gd32f10x_usart.o
    0x08002764   0x08002764   0x0000000a   Code   RO         3826    i.usart_data_receive  gd32f10x_usart.o
    0x0800276e   0x0800276e   0x00000008   Code   RO         3827    i.usart_data_transmit  gd32f10x_usart.o
    0x08002776   0x08002776   0x00000002   PAD
    0x08002778   0x08002778   0x00000090   Code   RO         3828    i.usart_deinit      gd32f10x_usart.o
    0x08002808   0x08002808   0x0000000a   Code   RO         3832    i.usart_enable      gd32f10x_usart.o
    0x08002812   0x08002812   0x00000020   Code   RO         3834    i.usart_flag_get    gd32f10x_usart.o
    0x08002832   0x08002832   0x0000001a   Code   RO         3841    i.usart_interrupt_enable  gd32f10x_usart.o
    0x0800284c   0x0800284c   0x0000003a   Code   RO         3843    i.usart_interrupt_flag_get  gd32f10x_usart.o
    0x08002886   0x08002886   0x00000010   Code   RO         3855    i.usart_receive_config  gd32f10x_usart.o
    0x08002896   0x08002896   0x00000028   Code   RO          238    i.usart_send_string  uart.o
    0x080028be   0x080028be   0x00000010   Code   RO         3865    i.usart_transmit_config  gd32f10x_usart.o
    0x080028ce   0x080028ce   0x00000028   Code   RO         4568    i.uxListRemove      list.o
    0x080028f6   0x080028f6   0x00000002   PAD
    0x080028f8   0x080028f8   0x0000000c   Code   RO         4951    i.uxTaskGetNumberOfTasks  tasks.o
    0x08002904   0x08002904   0x0000001a   Code   RO         4569    i.vListInitialise   list.o
    0x0800291e   0x0800291e   0x00000006   Code   RO         4570    i.vListInitialiseItem  list.o
    0x08002924   0x08002924   0x00000034   Code   RO         4571    i.vListInsert       list.o
    0x08002958   0x08002958   0x00000024   Code   RO         5365    i.vPortEnterCritical  port.o
    0x0800297c   0x0800297c   0x00000020   Code   RO         5366    i.vPortExitCritical  port.o
    0x0800299c   0x0800299c   0x0000004c   Code   RO         5283    i.vPortFree         heap_4.o
    0x080029e8   0x080029e8   0x00000028   Code   RO         5367    i.vPortSetupTimerInterrupt  port.o
    0x08002a10   0x08002a10   0x00000108   Code   RO         4249    i.vTaskDHT11        main.o
    0x08002b18   0x08002b18   0x00000034   Code   RO         4955    i.vTaskDelay        tasks.o
    0x08002b4c   0x08002b4c   0x00000018   Code   RO         4959    i.vTaskInternalSetTimeOutState  tasks.o
    0x08002b64   0x08002b64   0x00000058   Code   RO         4250    i.vTaskKEY          main.o
    0x08002bbc   0x08002bbc   0x00000024   Code   RO         4251    i.vTaskLED          main.o
    0x08002be0   0x08002be0   0x000000e0   Code   RO         4252    i.vTaskMQ2          main.o
    0x08002cc0   0x08002cc0   0x0000000c   Code   RO         4960    i.vTaskMissedYield  tasks.o
    0x08002ccc   0x08002ccc   0x00000388   Code   RO         4253    i.vTaskOLED         main.o
    0x08003054   0x08003054   0x00000020   Code   RO         4961    i.vTaskPlaceOnEventList  tasks.o
    0x08003074   0x08003074   0x0000004c   Code   RO         4968    i.vTaskStartScheduler  tasks.o
    0x080030c0   0x080030c0   0x00000010   Code   RO         4970    i.vTaskSuspendAll   tasks.o
    0x080030d0   0x080030d0   0x00000068   Code   RO         4971    i.vTaskSwitchContext  tasks.o
    0x08003138   0x08003138   0x0000009c   Code   RO         4254    i.vTaskUartCmd      main.o
    0x080031d4   0x080031d4   0x00000018   Code   RO         4255    i.vTaskWDG          main.o
    0x080031ec   0x080031ec   0x00000034   Code   RO         5368    i.xPortStartScheduler  port.o
    0x08003220   0x08003220   0x0000004c   Code   RO         4624    i.xQueueGenericCreate  queue.o
    0x0800326c   0x0800326c   0x000000a0   Code   RO         4625    i.xQueueGenericReset  queue.o
    0x0800330c   0x0800330c   0x0000009a   Code   RO         4627    i.xQueueGenericSendFromISR  queue.o
    0x080033a6   0x080033a6   0x00000002   PAD
    0x080033a8   0x080033a8   0x00000104   Code   RO         4633    i.xQueueReceive     queue.o
    0x080034ac   0x080034ac   0x00000060   Code   RO         4973    i.xTaskCheckForTimeOut  tasks.o
    0x0800350c   0x0800350c   0x00000038   Code   RO         4974    i.xTaskCreate       tasks.o
    0x08003544   0x08003544   0x0000000c   Code   RO         4982    i.xTaskGetTickCount  tasks.o
    0x08003550   0x08003550   0x000001a0   Code   RO         4984    i.xTaskIncrementTick  tasks.o
    0x080036f0   0x080036f0   0x00000118   Code   RO         4985    i.xTaskRemoveFromEventList  tasks.o
    0x08003808   0x08003808   0x00000178   Code   RO         4986    i.xTaskResumeAll    tasks.o
    0x08003980   0x08003980   0x00000e74   Data   RO          614    .constdata          oled_data.o
    0x080047f4   0x080047f4   0x00000014   Data   RO         4257    .constdata          main.o
    0x08004808   0x08004808   0x00000011   Data   RO         5469    .constdata          c_w.l(__printf_flags_ss_wp.o)
    0x08004819   0x08004819   0x00000003   PAD
    0x0800481c   0x0800481c   0x00000020   Data   RO         5890    Region$$Table       anon$$obj.o


    Execution Region RW_IRAM1 (Exec base: 0x20000000, Load base: 0x0800483c, Size: 0x00005bb8, Max: 0x00010000, ABSOLUTE)

    Exec Addr    Load Addr    Size         Type   Attr      Idx    E Section Name        Object

    0x20000000   0x0800483c   0x00000001   Data   RW          180    .data               key.o
    0x20000001   0x0800483d   0x00000003   PAD
    0x20000004   0x08004840   0x00000004   Data   RW          239    .data               uart.o
    0x20000008   0x08004844   0x0000000d   Data   RW         4258    .data               main.o
    0x20000015   0x08004851   0x00000003   PAD
    0x20000018   0x08004854   0x00000004   Data   RW         4363    .data               system_gd32f10x.o
    0x2000001c   0x08004858   0x00000040   Data   RW         4989    .data               tasks.o
    0x2000005c   0x08004898   0x0000001c   Data   RW         5291    .data               heap_4.o
    0x20000078   0x080048b4   0x00000004   Data   RW         5369    .data               port.o
    0x2000007c        -       0x00000400   Zero   RW          393    .bss                oled.o
    0x2000047c        -       0x00000014   Zero   RW         4256    .bss                main.o
    0x20000490        -       0x000000c8   Zero   RW         4988    .bss                tasks.o
    0x20000558        -       0x00005000   Zero   RW         5290    .bss                heap_4.o
    0x20005558        -       0x00000060   Zero   RW         5706    .bss                c_w.l(libspace.o)
    0x200055b8        -       0x00000200   Zero   RW            2    HEAP                startup_gd32f10x_md.o
    0x200057b8        -       0x00000400   Zero   RW            1    STACK               startup_gd32f10x_md.o


==============================================================================

Image component sizes


      Code (inc. data)   RO Data    RW Data    ZI Data      Debug   Object Name

       478         32          0          0          0       4198   dht11.o
         0          0          0          0          0      13044   event_groups.o
       610         10          0          0          0       7823   gd32f10x_adc.o
       148         22          0          0          0       1713   gd32f10x_fwdgt.o
       200          0          0          0          0       2026   gd32f10x_gpio.o
       140         16          0          0          0       3153   gd32f10x_it.o
       308         28          0          0          0      24319   gd32f10x_misc.o
       752         70          0          0          0       5161   gd32f10x_rcu.o
       464         16          0          0          0       6066   gd32f10x_usart.o
       548         56          0         28      20480       5171   heap_4.o
        96         14          0          1          0       1058   key.o
       116         18          0          0          0       1802   led.o
       124          0          0          0          0       2777   list.o
      2292        544         20         13         20      14275   main.o
       168         14          0          0          0      39317   mq2.o
      1512         54          0          0       1024      12429   oled.o
         0          0       3700          0          0       1371   oled_data.o
       420         48          0          4          0       9520   port.o
       988          8          0          0          0      11838   queue.o
        64         26        260          0       1536        884   startup_gd32f10x_md.o
       520         30          0          4          0       3339   system_gd32f10x.o
      2622        324          0         64        200      33910   tasks.o
       172         12          0          4          0      13552   uart.o

    ----------------------------------------------------------------------
     12772       1342       4012        124      23260     218746   Object Totals
         0          0         32          0          0          0   (incl. Generated)
        30          0          0          6          0          0   (incl. Padding)

    ----------------------------------------------------------------------

      Code (inc. data)   RO Data    RW Data    ZI Data      Debug   Library Member Name

        56          6          0          0          0         88   __2snprintf.o
         8          0          0          0          0         68   __main.o
       392          4         17          0          0         92   __printf_flags_ss_wp.o
        14          0          0          0          0         68   __printf_wp.o
         0          0          0          0          0          0   __rtentry.o
        12          0          0          0          0          0   __rtentry2.o
         6          0          0          0          0          0   __rtentry4.o
        52          8          0          0          0          0   __scatter.o
        26          0          0          0          0          0   __scatter_copy.o
        28          0          0          0          0          0   __scatter_zi.o
        48          6          0          0          0         96   _printf_char_common.o
         6          0          0          0          0          0   _printf_d.o
       120         16          0          0          0         92   _printf_dec.o
       178          0          0          0          0         88   _printf_intcommon.o
        78          0          0          0          0        108   _printf_pad.o
         0          0          0          0          0          0   _printf_percent.o
         4          0          0          0          0          0   _printf_percent_end.o
         6          0          0          0          0          0   _printf_u.o
        16          0          0          0          0         68   _snputc.o
        10          0          0          0          0         68   _sputc.o
        18          0          0          0          0         80   exit.o
         6          0          0          0          0        152   heapauxi.o
         0          0          0          0          0          0   indicate_semi.o
         2          0          0          0          0          0   libinit.o
         2          0          0          0          0          0   libinit2.o
         2          0          0          0          0          0   libshutdown.o
         2          0          0          0          0          0   libshutdown2.o
         8          4          0          0         96         68   libspace.o
        78          0          0          0          0         80   rt_memclr_w.o
       138          0          0          0          0         68   rt_memcpy_v6.o
       100          0          0          0          0         80   rt_memcpy_w.o
         2          0          0          0          0          0   rtexit.o
        10          0          0          0          0          0   rtexit2.o
       128          0          0          0          0         68   strcmpv7m.o
        36          0          0          0          0         80   strstr.o
        12          4          0          0          0         68   sys_exit.o
        74          0          0          0          0         80   sys_stackheap_outer.o
         2          0          0          0          0         68   use_no_semi.o

    ----------------------------------------------------------------------
      1688         48         20          0         96       1728   Library Totals
         8          0          3          0          0          0   (incl. Padding)

    ----------------------------------------------------------------------

      Code (inc. data)   RO Data    RW Data    ZI Data      Debug   Library Name

      1680         48         17          0         96       1728   c_w.l

    ----------------------------------------------------------------------
      1688         48         20          0         96       1728   Library Totals

    ----------------------------------------------------------------------

==============================================================================


      Code (inc. data)   RO Data    RW Data    ZI Data      Debug   

     14460       1390       4032        124      23356     212046   Grand Totals
     14460       1390       4032        124      23356     212046   ELF Image Totals
     14460       1390       4032        124          0          0   ROM Totals

==============================================================================

    Total RO  Size (Code + RO Data)                18492 (  18.06kB)
    Total RW  Size (RW Data + ZI Data)             23480 (  22.93kB)
    Total ROM Size (Code + RO Data + RW Data)      18616 (  18.18kB)

==============================================================================

